[2026-05-22T16:55:04.085+0000] {taskinstance.py:1956} INFO - Dependencies all met for dep_context=non-requeueable deps ti=<TaskInstance: warehouse_pipeline.run_dbt_models manual__2026-05-22T16:55:01.909667+00:00 [queued]>
[2026-05-22T16:55:04.089+0000] {taskinstance.py:1956} INFO - Dependencies all met for dep_context=requeueable deps ti=<TaskInstance: warehouse_pipeline.run_dbt_models manual__2026-05-22T16:55:01.909667+00:00 [queued]>
[2026-05-22T16:55:04.089+0000] {taskinstance.py:2170} INFO - Starting attempt 1 of 1
[2026-05-22T16:55:04.094+0000] {taskinstance.py:2191} INFO - Executing <Task(BashOperator): run_dbt_models> on 2026-05-22 16:55:01.909667+00:00
[2026-05-22T16:55:04.096+0000] {standard_task_runner.py:60} INFO - Started process 957 to run task
[2026-05-22T16:55:04.098+0000] {standard_task_runner.py:87} INFO - Running: ['***', 'tasks', 'run', 'warehouse_pipeline', 'run_dbt_models', 'manual__2026-05-22T16:55:01.909667+00:00', '--job-id', '24', '--raw', '--subdir', 'DAGS_FOLDER/warehouse_pipeline.py', '--cfg-path', '/tmp/tmp_kpcwb0n']
[2026-05-22T16:55:04.099+0000] {standard_task_runner.py:88} INFO - Job 24: Subtask run_dbt_models
[2026-05-22T16:55:04.121+0000] {task_command.py:423} INFO - Running <TaskInstance: warehouse_pipeline.run_dbt_models manual__2026-05-22T16:55:01.909667+00:00 [running]> on host ddd49e0ec5cd
[2026-05-22T16:55:04.152+0000] {taskinstance.py:2480} INFO - Exporting env vars: AIRFLOW_CTX_DAG_OWNER='Priyanka' AIRFLOW_CTX_DAG_ID='warehouse_pipeline' AIRFLOW_CTX_TASK_ID='run_dbt_models' AIRFLOW_CTX_EXECUTION_DATE='2026-05-22T16:55:01.909667+00:00' AIRFLOW_CTX_TRY_NUMBER='1' AIRFLOW_CTX_DAG_RUN_ID='manual__2026-05-22T16:55:01.909667+00:00'
[2026-05-22T16:55:04.153+0000] {subprocess.py:63} INFO - Tmp dir root location: /tmp
[2026-05-22T16:55:04.153+0000] {subprocess.py:75} INFO - Running command: ['/usr/bin/bash', '-c', 'export PATH=$PATH:/home/***/.local/bin && cd /opt/***/dbt/ecommerce_warehouse && dbt run --profiles-dir /opt/***/dbt_profiles']
[2026-05-22T16:55:04.157+0000] {subprocess.py:86} INFO - Output:
[2026-05-22T16:55:04.158+0000] {subprocess.py:93} INFO - /usr/bin/bash: line 1: dbt: command not found
[2026-05-22T16:55:04.158+0000] {subprocess.py:97} INFO - Command exited with return code 127
[2026-05-22T16:55:04.164+0000] {taskinstance.py:2698} ERROR - Task failed with exception
Traceback (most recent call last):
  File "/home/airflow/.local/lib/python3.8/site-packages/airflow/models/taskinstance.py", line 433, in _execute_task
    result = execute_callable(context=context, **execute_callable_kwargs)
  File "/home/airflow/.local/lib/python3.8/site-packages/airflow/operators/bash.py", line 212, in execute
    raise AirflowException(
airflow.exceptions.AirflowException: Bash command failed. The command returned a non-zero exit code 127.
[2026-05-22T16:55:04.166+0000] {taskinstance.py:1138} INFO - Marking task as FAILED. dag_id=warehouse_pipeline, task_id=run_dbt_models, execution_date=20260522T165501, start_date=20260522T165504, end_date=20260522T165504
[2026-05-22T16:55:04.173+0000] {standard_task_runner.py:107} ERROR - Failed to execute job 24 for task run_dbt_models (Bash command failed. The command returned a non-zero exit code 127.; 957)
[2026-05-22T16:55:04.195+0000] {local_task_job_runner.py:234} INFO - Task exited with return code 1
[2026-05-22T16:55:04.207+0000] {taskinstance.py:3280} INFO - 0 downstream tasks scheduled from follow-on schedule check
