[2026-05-25T10:24:35.476+0000] {taskinstance.py:1956} INFO - Dependencies all met for dep_context=non-requeueable deps ti=<TaskInstance: warehouse_pipeline.run_dbt_models manual__2026-05-25T10:24:34.396619+00:00 [queued]>
[2026-05-25T10:24:35.480+0000] {taskinstance.py:1956} INFO - Dependencies all met for dep_context=requeueable deps ti=<TaskInstance: warehouse_pipeline.run_dbt_models manual__2026-05-25T10:24:34.396619+00:00 [queued]>
[2026-05-25T10:24:35.480+0000] {taskinstance.py:2170} INFO - Starting attempt 1 of 1
[2026-05-25T10:24:35.486+0000] {taskinstance.py:2191} INFO - Executing <Task(BashOperator): run_dbt_models> on 2026-05-25 10:24:34.396619+00:00
[2026-05-25T10:24:35.487+0000] {standard_task_runner.py:60} INFO - Started process 211 to run task
[2026-05-25T10:24:35.489+0000] {standard_task_runner.py:87} INFO - Running: ['***', 'tasks', 'run', 'warehouse_pipeline', 'run_dbt_models', 'manual__2026-05-25T10:24:34.396619+00:00', '--job-id', '75', '--raw', '--subdir', 'DAGS_FOLDER/warehouse_pipeline.py', '--cfg-path', '/tmp/tmpyqsaivef']
[2026-05-25T10:24:35.490+0000] {standard_task_runner.py:88} INFO - Job 75: Subtask run_dbt_models
[2026-05-25T10:24:35.512+0000] {task_command.py:423} INFO - Running <TaskInstance: warehouse_pipeline.run_dbt_models manual__2026-05-25T10:24:34.396619+00:00 [running]> on host ddd49e0ec5cd
[2026-05-25T10:24:35.543+0000] {taskinstance.py:2480} INFO - Exporting env vars: AIRFLOW_CTX_DAG_OWNER='Priyanka' AIRFLOW_CTX_DAG_ID='warehouse_pipeline' AIRFLOW_CTX_TASK_ID='run_dbt_models' AIRFLOW_CTX_EXECUTION_DATE='2026-05-25T10:24:34.396619+00:00' AIRFLOW_CTX_TRY_NUMBER='1' AIRFLOW_CTX_DAG_RUN_ID='manual__2026-05-25T10:24:34.396619+00:00'
[2026-05-25T10:24:35.543+0000] {subprocess.py:63} INFO - Tmp dir root location: /tmp
[2026-05-25T10:24:35.544+0000] {subprocess.py:75} INFO - Running command: ['/usr/bin/bash', '-c', '\n        \npip install --user dbt-core dbt-postgres &&\nexport PATH=$PATH:/home/***/.local/bin\n &&\n        cd /opt/***/dbt/ecommerce_warehouse &&\n        dbt run --profiles-dir /opt/***/dbt_profiles\n        ']
[2026-05-25T10:24:35.547+0000] {subprocess.py:86} INFO - Output:
[2026-05-25T10:24:35.760+0000] {subprocess.py:93} INFO - Requirement already satisfied: dbt-core in /home/***/.local/lib/python3.8/site-packages (1.8.7)
[2026-05-25T10:24:35.760+0000] {subprocess.py:93} INFO - Requirement already satisfied: dbt-postgres in /home/***/.local/lib/python3.8/site-packages (1.8.2)
[2026-05-25T10:24:35.768+0000] {subprocess.py:93} INFO - Requirement already satisfied: agate<1.10,>=1.7.0 in /home/***/.local/lib/python3.8/site-packages (from dbt-core) (1.9.1)
[2026-05-25T10:24:35.768+0000] {subprocess.py:93} INFO - Requirement already satisfied: Jinja2<4,>=3.1.3 in /home/***/.local/lib/python3.8/site-packages (from dbt-core) (3.1.3)
[2026-05-25T10:24:35.769+0000] {subprocess.py:93} INFO - Requirement already satisfied: mashumaro<4.0,>=3.9 in /home/***/.local/lib/python3.8/site-packages (from mashumaro[msgpack]<4.0,>=3.9->dbt-core) (3.14)
[2026-05-25T10:24:35.769+0000] {subprocess.py:93} INFO - Requirement already satisfied: logbook<1.6,>=1.5 in /home/***/.local/lib/python3.8/site-packages (from dbt-core) (1.5.3)
[2026-05-25T10:24:35.770+0000] {subprocess.py:93} INFO - Requirement already satisfied: click<9.0,>=8.0.2 in /home/***/.local/lib/python3.8/site-packages (from dbt-core) (8.1.7)
[2026-05-25T10:24:35.770+0000] {subprocess.py:93} INFO - Requirement already satisfied: networkx<4.0,>=2.3 in /home/***/.local/lib/python3.8/site-packages (from dbt-core) (3.1)
[2026-05-25T10:24:35.770+0000] {subprocess.py:93} INFO - Requirement already satisfied: protobuf<5,>=4.0.0 in /home/***/.local/lib/python3.8/site-packages (from dbt-core) (4.25.2)
[2026-05-25T10:24:35.770+0000] {subprocess.py:93} INFO - Requirement already satisfied: requests<3.0.0 in /home/***/.local/lib/python3.8/site-packages (from dbt-core) (2.31.0)
[2026-05-25T10:24:35.771+0000] {subprocess.py:93} INFO - Requirement already satisfied: pathspec<0.13,>=0.9 in /home/***/.local/lib/python3.8/site-packages (from dbt-core) (0.12.1)
[2026-05-25T10:24:35.771+0000] {subprocess.py:93} INFO - Requirement already satisfied: sqlparse<0.6.0,>=0.5.0 in /home/***/.local/lib/python3.8/site-packages (from dbt-core) (0.5.5)
[2026-05-25T10:24:35.771+0000] {subprocess.py:93} INFO - Requirement already satisfied: dbt-extractor<=0.6,>=0.5.0 in /home/***/.local/lib/python3.8/site-packages (from dbt-core) (0.5.1)
[2026-05-25T10:24:35.772+0000] {subprocess.py:93} INFO - Requirement already satisfied: minimal-snowplow-tracker<0.1,>=0.0.2 in /home/***/.local/lib/python3.8/site-packages (from dbt-core) (0.0.2)
[2026-05-25T10:24:35.772+0000] {subprocess.py:93} INFO - Requirement already satisfied: dbt-semantic-interfaces<0.6,>=0.5.1 in /home/***/.local/lib/python3.8/site-packages (from dbt-core) (0.5.1)
[2026-05-25T10:24:35.772+0000] {subprocess.py:93} INFO - Requirement already satisfied: dbt-common<2.0,>=1.0.4 in /home/***/.local/lib/python3.8/site-packages (from dbt-core) (1.11.0)
[2026-05-25T10:24:35.773+0000] {subprocess.py:93} INFO - Requirement already satisfied: dbt-adapters<2.0,>=1.1.1 in /home/***/.local/lib/python3.8/site-packages (from dbt-core) (1.7.0)
[2026-05-25T10:24:35.773+0000] {subprocess.py:93} INFO - Requirement already satisfied: packaging>20.9 in /home/***/.local/lib/python3.8/site-packages (from dbt-core) (23.2)
[2026-05-25T10:24:35.773+0000] {subprocess.py:93} INFO - Requirement already satisfied: pytz>=2015.7 in /home/***/.local/lib/python3.8/site-packages (from dbt-core) (2023.3.post1)
[2026-05-25T10:24:35.773+0000] {subprocess.py:93} INFO - Requirement already satisfied: pyyaml>=6.0 in /home/***/.local/lib/python3.8/site-packages (from dbt-core) (6.0.1)
[2026-05-25T10:24:35.774+0000] {subprocess.py:93} INFO - Requirement already satisfied: daff>=1.3.46 in /home/***/.local/lib/python3.8/site-packages (from dbt-core) (1.4.2)
[2026-05-25T10:24:35.774+0000] {subprocess.py:93} INFO - Requirement already satisfied: typing-extensions>=4.4 in /home/***/.local/lib/python3.8/site-packages (from dbt-core) (4.9.0)
[2026-05-25T10:24:35.777+0000] {subprocess.py:93} INFO - Requirement already satisfied: psycopg2-binary<3.0,>=2.9 in /home/***/.local/lib/python3.8/site-packages (from dbt-postgres) (2.9.9)
[2026-05-25T10:24:35.783+0000] {subprocess.py:93} INFO - Requirement already satisfied: Babel>=2.0 in /home/***/.local/lib/python3.8/site-packages (from agate<1.10,>=1.7.0->dbt-core) (2.14.0)
[2026-05-25T10:24:35.783+0000] {subprocess.py:93} INFO - Requirement already satisfied: isodate>=0.5.4 in /home/***/.local/lib/python3.8/site-packages (from agate<1.10,>=1.7.0->dbt-core) (0.6.1)
[2026-05-25T10:24:35.783+0000] {subprocess.py:93} INFO - Requirement already satisfied: leather>=0.3.2 in /home/***/.local/lib/python3.8/site-packages (from agate<1.10,>=1.7.0->dbt-core) (0.4.1)
[2026-05-25T10:24:35.783+0000] {subprocess.py:93} INFO - Requirement already satisfied: parsedatetime!=2.5,>=2.1 in /home/***/.local/lib/python3.8/site-packages (from agate<1.10,>=1.7.0->dbt-core) (2.6)
[2026-05-25T10:24:35.784+0000] {subprocess.py:93} INFO - Requirement already satisfied: python-slugify>=1.2.1 in /home/***/.local/lib/python3.8/site-packages (from agate<1.10,>=1.7.0->dbt-core) (8.0.1)
[2026-05-25T10:24:35.784+0000] {subprocess.py:93} INFO - Requirement already satisfied: pytimeparse>=1.1.5 in /home/***/.local/lib/python3.8/site-packages (from agate<1.10,>=1.7.0->dbt-core) (1.1.8)
[2026-05-25T10:24:35.801+0000] {subprocess.py:93} INFO - Requirement already satisfied: colorama<0.5,>=0.3.9 in /home/***/.local/lib/python3.8/site-packages (from dbt-common<2.0,>=1.0.4->dbt-core) (0.4.6)
[2026-05-25T10:24:35.801+0000] {subprocess.py:93} INFO - Requirement already satisfied: deepdiff<8.0,>=7.0 in /home/***/.local/lib/python3.8/site-packages (from dbt-common<2.0,>=1.0.4->dbt-core) (7.0.1)
[2026-05-25T10:24:35.802+0000] {subprocess.py:93} INFO - Requirement already satisfied: jsonschema<5.0,>=4.0 in /home/***/.local/lib/python3.8/site-packages (from dbt-common<2.0,>=1.0.4->dbt-core) (4.20.0)
[2026-05-25T10:24:35.803+0000] {subprocess.py:93} INFO - Requirement already satisfied: python-dateutil<3.0,>=2.0 in /home/***/.local/lib/python3.8/site-packages (from dbt-common<2.0,>=1.0.4->dbt-core) (2.8.2)
[2026-05-25T10:24:35.808+0000] {subprocess.py:93} INFO - Requirement already satisfied: importlib-metadata<7,>=6.0 in /home/***/.local/lib/python3.8/site-packages (from dbt-semantic-interfaces<0.6,>=0.5.1->dbt-core) (6.11.0)
[2026-05-25T10:24:35.808+0000] {subprocess.py:93} INFO - Requirement already satisfied: more-itertools<11.0,>=8.0 in /home/***/.local/lib/python3.8/site-packages (from dbt-semantic-interfaces<0.6,>=0.5.1->dbt-core) (10.5.0)
[2026-05-25T10:24:35.808+0000] {subprocess.py:93} INFO - Requirement already satisfied: pydantic<3,>=1.10 in /home/***/.local/lib/python3.8/site-packages (from dbt-semantic-interfaces<0.6,>=0.5.1->dbt-core) (2.5.3)
[2026-05-25T10:24:35.811+0000] {subprocess.py:93} INFO - Requirement already satisfied: MarkupSafe>=2.0 in /home/***/.local/lib/python3.8/site-packages (from Jinja2<4,>=3.1.3->dbt-core) (2.1.3)
[2026-05-25T10:24:35.826+0000] {subprocess.py:93} INFO - Requirement already satisfied: msgpack>=0.5.6 in /home/***/.local/lib/python3.8/site-packages (from mashumaro[msgpack]<4.0,>=3.9->dbt-core) (1.1.1)
[2026-05-25T10:24:35.828+0000] {subprocess.py:93} INFO - Requirement already satisfied: six<2.0,>=1.9.0 in /home/***/.local/lib/python3.8/site-packages (from minimal-snowplow-tracker<0.1,>=0.0.2->dbt-core) (1.16.0)
[2026-05-25T10:24:35.850+0000] {subprocess.py:93} INFO - Requirement already satisfied: charset-normalizer<4,>=2 in /home/***/.local/lib/python3.8/site-packages (from requests<3.0.0->dbt-core) (3.3.2)
[2026-05-25T10:24:35.850+0000] {subprocess.py:93} INFO - Requirement already satisfied: idna<4,>=2.5 in /home/***/.local/lib/python3.8/site-packages (from requests<3.0.0->dbt-core) (3.6)
[2026-05-25T10:24:35.850+0000] {subprocess.py:93} INFO - Requirement already satisfied: urllib3<3,>=1.21.1 in /home/***/.local/lib/python3.8/site-packages (from requests<3.0.0->dbt-core) (1.26.18)
[2026-05-25T10:24:35.850+0000] {subprocess.py:93} INFO - Requirement already satisfied: certifi>=2017.4.17 in /home/***/.local/lib/python3.8/site-packages (from requests<3.0.0->dbt-core) (2023.11.17)
[2026-05-25T10:24:35.868+0000] {subprocess.py:93} INFO - Requirement already satisfied: ordered-set<4.2.0,>=4.1.0 in /home/***/.local/lib/python3.8/site-packages (from deepdiff<8.0,>=7.0->dbt-common<2.0,>=1.0.4->dbt-core) (4.1.0)
[2026-05-25T10:24:35.881+0000] {subprocess.py:93} INFO - Requirement already satisfied: zipp>=0.5 in /home/***/.local/lib/python3.8/site-packages (from importlib-metadata<7,>=6.0->dbt-semantic-interfaces<0.6,>=0.5.1->dbt-core) (3.17.0)
[2026-05-25T10:24:35.894+0000] {subprocess.py:93} INFO - Requirement already satisfied: attrs>=22.2.0 in /home/***/.local/lib/python3.8/site-packages (from jsonschema<5.0,>=4.0->dbt-common<2.0,>=1.0.4->dbt-core) (23.2.0)
[2026-05-25T10:24:35.894+0000] {subprocess.py:93} INFO - Requirement already satisfied: importlib-resources>=1.4.0 in /home/***/.local/lib/python3.8/site-packages (from jsonschema<5.0,>=4.0->dbt-common<2.0,>=1.0.4->dbt-core) (5.13.0)
[2026-05-25T10:24:35.895+0000] {subprocess.py:93} INFO - Requirement already satisfied: jsonschema-specifications>=2023.03.6 in /home/***/.local/lib/python3.8/site-packages (from jsonschema<5.0,>=4.0->dbt-common<2.0,>=1.0.4->dbt-core) (2023.12.1)
[2026-05-25T10:24:35.895+0000] {subprocess.py:93} INFO - Requirement already satisfied: pkgutil-resolve-name>=1.3.10 in /home/***/.local/lib/python3.8/site-packages (from jsonschema<5.0,>=4.0->dbt-common<2.0,>=1.0.4->dbt-core) (1.3.10)
[2026-05-25T10:24:35.896+0000] {subprocess.py:93} INFO - Requirement already satisfied: referencing>=0.28.4 in /home/***/.local/lib/python3.8/site-packages (from jsonschema<5.0,>=4.0->dbt-common<2.0,>=1.0.4->dbt-core) (0.32.1)
[2026-05-25T10:24:35.896+0000] {subprocess.py:93} INFO - Requirement already satisfied: rpds-py>=0.7.1 in /home/***/.local/lib/python3.8/site-packages (from jsonschema<5.0,>=4.0->dbt-common<2.0,>=1.0.4->dbt-core) (0.17.1)
[2026-05-25T10:24:35.913+0000] {subprocess.py:93} INFO - Requirement already satisfied: annotated-types>=0.4.0 in /home/***/.local/lib/python3.8/site-packages (from pydantic<3,>=1.10->dbt-semantic-interfaces<0.6,>=0.5.1->dbt-core) (0.6.0)
[2026-05-25T10:24:35.914+0000] {subprocess.py:93} INFO - Requirement already satisfied: pydantic-core==2.14.6 in /home/***/.local/lib/python3.8/site-packages (from pydantic<3,>=1.10->dbt-semantic-interfaces<0.6,>=0.5.1->dbt-core) (2.14.6)
[2026-05-25T10:24:35.923+0000] {subprocess.py:93} INFO - Requirement already satisfied: text-unidecode>=1.3 in /home/***/.local/lib/python3.8/site-packages (from python-slugify>=1.2.1->agate<1.10,>=1.7.0->dbt-core) (1.3)
[2026-05-25T10:24:37.094+0000] {subprocess.py:93} INFO - 
[2026-05-25T10:24:37.094+0000] {subprocess.py:93} INFO - [notice] A new release of pip is available: 23.3.2 -> 25.0.1
[2026-05-25T10:24:37.094+0000] {subprocess.py:93} INFO - [notice] To update, run: python -m pip install --upgrade pip
[2026-05-25T10:24:37.153+0000] {subprocess.py:93} INFO - /usr/bin/bash: -c: line 5: syntax error near unexpected token `&&'
[2026-05-25T10:24:37.153+0000] {subprocess.py:93} INFO - /usr/bin/bash: -c: line 5: ` &&'
[2026-05-25T10:24:37.153+0000] {subprocess.py:97} INFO - Command exited with return code 2
[2026-05-25T10:24:37.158+0000] {taskinstance.py:2698} ERROR - Task failed with exception
Traceback (most recent call last):
  File "/home/airflow/.local/lib/python3.8/site-packages/airflow/models/taskinstance.py", line 433, in _execute_task
    result = execute_callable(context=context, **execute_callable_kwargs)
  File "/home/airflow/.local/lib/python3.8/site-packages/airflow/operators/bash.py", line 212, in execute
    raise AirflowException(
airflow.exceptions.AirflowException: Bash command failed. The command returned a non-zero exit code 2.
[2026-05-25T10:24:37.159+0000] {taskinstance.py:1138} INFO - Marking task as FAILED. dag_id=warehouse_pipeline, task_id=run_dbt_models, execution_date=20260525T102434, start_date=20260525T102435, end_date=20260525T102437
[2026-05-25T10:24:37.165+0000] {standard_task_runner.py:107} ERROR - Failed to execute job 75 for task run_dbt_models (Bash command failed. The command returned a non-zero exit code 2.; 211)
[2026-05-25T10:24:37.187+0000] {local_task_job_runner.py:234} INFO - Task exited with return code 1
[2026-05-25T10:24:37.199+0000] {taskinstance.py:3280} INFO - 0 downstream tasks scheduled from follow-on schedule check
