[2026-05-22T16:57:56.701+0000] {taskinstance.py:1956} INFO - Dependencies all met for dep_context=non-requeueable deps ti=<TaskInstance: warehouse_pipeline.run_dbt_models manual__2026-05-22T16:57:55.395371+00:00 [queued]>
[2026-05-22T16:57:56.704+0000] {taskinstance.py:1956} INFO - Dependencies all met for dep_context=requeueable deps ti=<TaskInstance: warehouse_pipeline.run_dbt_models manual__2026-05-22T16:57:55.395371+00:00 [queued]>
[2026-05-22T16:57:56.704+0000] {taskinstance.py:2170} INFO - Starting attempt 1 of 1
[2026-05-22T16:57:56.710+0000] {taskinstance.py:2191} INFO - Executing <Task(BashOperator): run_dbt_models> on 2026-05-22 16:57:55.395371+00:00
[2026-05-22T16:57:56.712+0000] {standard_task_runner.py:60} INFO - Started process 1032 to run task
[2026-05-22T16:57:56.714+0000] {standard_task_runner.py:87} INFO - Running: ['***', 'tasks', 'run', 'warehouse_pipeline', 'run_dbt_models', 'manual__2026-05-22T16:57:55.395371+00:00', '--job-id', '26', '--raw', '--subdir', 'DAGS_FOLDER/warehouse_pipeline.py', '--cfg-path', '/tmp/tmp8jydtl8j']
[2026-05-22T16:57:56.715+0000] {standard_task_runner.py:88} INFO - Job 26: Subtask run_dbt_models
[2026-05-22T16:57:56.738+0000] {task_command.py:423} INFO - Running <TaskInstance: warehouse_pipeline.run_dbt_models manual__2026-05-22T16:57:55.395371+00:00 [running]> on host ddd49e0ec5cd
[2026-05-22T16:57:56.769+0000] {taskinstance.py:2480} INFO - Exporting env vars: AIRFLOW_CTX_DAG_OWNER='Priyanka' AIRFLOW_CTX_DAG_ID='warehouse_pipeline' AIRFLOW_CTX_TASK_ID='run_dbt_models' AIRFLOW_CTX_EXECUTION_DATE='2026-05-22T16:57:55.395371+00:00' AIRFLOW_CTX_TRY_NUMBER='1' AIRFLOW_CTX_DAG_RUN_ID='manual__2026-05-22T16:57:55.395371+00:00'
[2026-05-22T16:57:56.769+0000] {subprocess.py:63} INFO - Tmp dir root location: /tmp
[2026-05-22T16:57:56.770+0000] {subprocess.py:75} INFO - Running command: ['/usr/bin/bash', '-c', '/home/***/.local/bin/dbt run --profiles-dir /opt/***/dbt_profiles --project-dir /opt/***/dbt/ecommerce_warehouse']
[2026-05-22T16:57:56.774+0000] {subprocess.py:86} INFO - Output:
[2026-05-22T16:57:56.774+0000] {subprocess.py:93} INFO - /usr/bin/bash: line 1: /home/***/.local/bin/dbt: No such file or directory
[2026-05-22T16:57:56.775+0000] {subprocess.py:97} INFO - Command exited with return code 127
[2026-05-22T16:57:56.780+0000] {taskinstance.py:2698} ERROR - Task failed with exception
Traceback (most recent call last):
  File "/home/airflow/.local/lib/python3.8/site-packages/airflow/models/taskinstance.py", line 433, in _execute_task
    result = execute_callable(context=context, **execute_callable_kwargs)
  File "/home/airflow/.local/lib/python3.8/site-packages/airflow/operators/bash.py", line 212, in execute
    raise AirflowException(
airflow.exceptions.AirflowException: Bash command failed. The command returned a non-zero exit code 127.
[2026-05-22T16:57:56.781+0000] {taskinstance.py:1138} INFO - Marking task as FAILED. dag_id=warehouse_pipeline, task_id=run_dbt_models, execution_date=20260522T165755, start_date=20260522T165756, end_date=20260522T165756
[2026-05-22T16:57:56.786+0000] {standard_task_runner.py:107} ERROR - Failed to execute job 26 for task run_dbt_models (Bash command failed. The command returned a non-zero exit code 127.; 1032)
[2026-05-22T16:57:56.812+0000] {local_task_job_runner.py:234} INFO - Task exited with return code 1
[2026-05-22T16:57:56.824+0000] {taskinstance.py:3280} INFO - 0 downstream tasks scheduled from follow-on schedule check
