[2026-05-22T16:41:53.182+0000] {taskinstance.py:1956} INFO - Dependencies all met for dep_context=non-requeueable deps ti=<TaskInstance: warehouse_pipeline.run_dbt_models manual__2026-05-22T16:41:51.025597+00:00 [queued]>
[2026-05-22T16:41:53.186+0000] {taskinstance.py:1956} INFO - Dependencies all met for dep_context=requeueable deps ti=<TaskInstance: warehouse_pipeline.run_dbt_models manual__2026-05-22T16:41:51.025597+00:00 [queued]>
[2026-05-22T16:41:53.186+0000] {taskinstance.py:2170} INFO - Starting attempt 1 of 1
[2026-05-22T16:41:53.191+0000] {taskinstance.py:2191} INFO - Executing <Task(BashOperator): run_dbt_models> on 2026-05-22 16:41:51.025597+00:00
[2026-05-22T16:41:53.193+0000] {standard_task_runner.py:60} INFO - Started process 632 to run task
[2026-05-22T16:41:53.195+0000] {standard_task_runner.py:87} INFO - Running: ['***', 'tasks', 'run', 'warehouse_pipeline', 'run_dbt_models', 'manual__2026-05-22T16:41:51.025597+00:00', '--job-id', '16', '--raw', '--subdir', 'DAGS_FOLDER/warehouse_pipeline.py', '--cfg-path', '/tmp/tmpo59ph1zo']
[2026-05-22T16:41:53.196+0000] {standard_task_runner.py:88} INFO - Job 16: Subtask run_dbt_models
[2026-05-22T16:41:53.218+0000] {task_command.py:423} INFO - Running <TaskInstance: warehouse_pipeline.run_dbt_models manual__2026-05-22T16:41:51.025597+00:00 [running]> on host ddd49e0ec5cd
[2026-05-22T16:41:53.248+0000] {taskinstance.py:2480} INFO - Exporting env vars: AIRFLOW_CTX_DAG_OWNER='Priyanka' AIRFLOW_CTX_DAG_ID='warehouse_pipeline' AIRFLOW_CTX_TASK_ID='run_dbt_models' AIRFLOW_CTX_EXECUTION_DATE='2026-05-22T16:41:51.025597+00:00' AIRFLOW_CTX_TRY_NUMBER='1' AIRFLOW_CTX_DAG_RUN_ID='manual__2026-05-22T16:41:51.025597+00:00'
[2026-05-22T16:41:53.249+0000] {subprocess.py:63} INFO - Tmp dir root location: /tmp
[2026-05-22T16:41:53.250+0000] {subprocess.py:75} INFO - Running command: ['/usr/bin/bash', '-c', 'export PATH=$PATH:/home/***/.local/bin && cd /opt/***/dbt/ecommerce_warehouse && dbt run --profiles-dir /opt/***/dbt_profiles']
[2026-05-22T16:41:53.253+0000] {subprocess.py:86} INFO - Output:
[2026-05-22T16:41:53.254+0000] {subprocess.py:93} INFO - /usr/bin/bash: line 1: dbt: command not found
[2026-05-22T16:41:53.254+0000] {subprocess.py:97} INFO - Command exited with return code 127
[2026-05-22T16:41:53.259+0000] {taskinstance.py:2698} ERROR - Task failed with exception
Traceback (most recent call last):
  File "/home/airflow/.local/lib/python3.8/site-packages/airflow/models/taskinstance.py", line 433, in _execute_task
    result = execute_callable(context=context, **execute_callable_kwargs)
  File "/home/airflow/.local/lib/python3.8/site-packages/airflow/operators/bash.py", line 212, in execute
    raise AirflowException(
airflow.exceptions.AirflowException: Bash command failed. The command returned a non-zero exit code 127.
[2026-05-22T16:41:53.261+0000] {taskinstance.py:1138} INFO - Marking task as FAILED. dag_id=warehouse_pipeline, task_id=run_dbt_models, execution_date=20260522T164151, start_date=20260522T164153, end_date=20260522T164153
[2026-05-22T16:41:53.266+0000] {standard_task_runner.py:107} ERROR - Failed to execute job 16 for task run_dbt_models (Bash command failed. The command returned a non-zero exit code 127.; 632)
[2026-05-22T16:41:53.294+0000] {local_task_job_runner.py:234} INFO - Task exited with return code 1
[2026-05-22T16:41:53.307+0000] {taskinstance.py:3280} INFO - 0 downstream tasks scheduled from follow-on schedule check
