[2026-05-25T10:27:43.504+0000] {taskinstance.py:1956} INFO - Dependencies all met for dep_context=non-requeueable deps ti=<TaskInstance: warehouse_pipeline.run_dbt_models manual__2026-05-25T10:27:41.133687+00:00 [queued]>
[2026-05-25T10:27:43.508+0000] {taskinstance.py:1956} INFO - Dependencies all met for dep_context=requeueable deps ti=<TaskInstance: warehouse_pipeline.run_dbt_models manual__2026-05-25T10:27:41.133687+00:00 [queued]>
[2026-05-25T10:27:43.508+0000] {taskinstance.py:2170} INFO - Starting attempt 1 of 1
[2026-05-25T10:27:43.514+0000] {taskinstance.py:2191} INFO - Executing <Task(BashOperator): run_dbt_models> on 2026-05-25 10:27:41.133687+00:00
[2026-05-25T10:27:43.516+0000] {standard_task_runner.py:60} INFO - Started process 191 to run task
[2026-05-25T10:27:43.518+0000] {standard_task_runner.py:87} INFO - Running: ['***', 'tasks', 'run', 'warehouse_pipeline', 'run_dbt_models', 'manual__2026-05-25T10:27:41.133687+00:00', '--job-id', '78', '--raw', '--subdir', 'DAGS_FOLDER/warehouse_pipeline.py', '--cfg-path', '/tmp/tmpy83yb7f6']
[2026-05-25T10:27:43.519+0000] {standard_task_runner.py:88} INFO - Job 78: Subtask run_dbt_models
[2026-05-25T10:27:43.539+0000] {task_command.py:423} INFO - Running <TaskInstance: warehouse_pipeline.run_dbt_models manual__2026-05-25T10:27:41.133687+00:00 [running]> on host bb87168f2fd8
[2026-05-25T10:27:43.652+0000] {taskinstance.py:2480} INFO - Exporting env vars: AIRFLOW_CTX_DAG_OWNER='Priyanka' AIRFLOW_CTX_DAG_ID='warehouse_pipeline' AIRFLOW_CTX_TASK_ID='run_dbt_models' AIRFLOW_CTX_EXECUTION_DATE='2026-05-25T10:27:41.133687+00:00' AIRFLOW_CTX_TRY_NUMBER='1' AIRFLOW_CTX_DAG_RUN_ID='manual__2026-05-25T10:27:41.133687+00:00'
[2026-05-25T10:27:43.653+0000] {subprocess.py:63} INFO - Tmp dir root location: /tmp
[2026-05-25T10:27:43.653+0000] {subprocess.py:75} INFO - Running command: ['/usr/bin/bash', '-c', '\n        \npip install --user dbt-core dbt-postgres &&\nexport PATH=$PATH:/home/***/.local/bin\n &&\n        cd /opt/***/dbt/ecommerce_warehouse &&\n        dbt run --profiles-dir /opt/***/dbt_profiles\n        ']
[2026-05-25T10:27:43.657+0000] {subprocess.py:86} INFO - Output:
[2026-05-25T10:27:43.880+0000] {subprocess.py:93} INFO - Requirement already satisfied: dbt-core in /home/***/.local/lib/python3.8/site-packages (1.7.9)
[2026-05-25T10:27:43.880+0000] {subprocess.py:93} INFO - Requirement already satisfied: dbt-postgres in /home/***/.local/lib/python3.8/site-packages (1.7.9)
[2026-05-25T10:27:43.889+0000] {subprocess.py:93} INFO - Requirement already satisfied: agate~=1.7.0 in /home/***/.local/lib/python3.8/site-packages (from dbt-core) (1.7.1)
[2026-05-25T10:27:43.889+0000] {subprocess.py:93} INFO - Requirement already satisfied: Jinja2<4,>=3.1.3 in /home/***/.local/lib/python3.8/site-packages (from dbt-core) (3.1.3)
[2026-05-25T10:27:43.890+0000] {subprocess.py:93} INFO - Requirement already satisfied: mashumaro~=3.9 in /home/***/.local/lib/python3.8/site-packages (from mashumaro[msgpack]~=3.9->dbt-core) (3.14)
[2026-05-25T10:27:43.890+0000] {subprocess.py:93} INFO - Requirement already satisfied: logbook<1.6,>=1.5 in /home/***/.local/lib/python3.8/site-packages (from dbt-core) (1.5.3)
[2026-05-25T10:27:43.890+0000] {subprocess.py:93} INFO - Requirement already satisfied: click<9,>=8.0.2 in /home/***/.local/lib/python3.8/site-packages (from dbt-core) (8.1.7)
[2026-05-25T10:27:43.891+0000] {subprocess.py:93} INFO - Requirement already satisfied: networkx<4,>=2.3 in /home/***/.local/lib/python3.8/site-packages (from dbt-core) (3.1)
[2026-05-25T10:27:43.891+0000] {subprocess.py:93} INFO - Requirement already satisfied: colorama<0.5,>=0.3.9 in /home/***/.local/lib/python3.8/site-packages (from dbt-core) (0.4.6)
[2026-05-25T10:27:43.891+0000] {subprocess.py:93} INFO - Requirement already satisfied: pathspec<0.12,>=0.9 in /home/***/.local/lib/python3.8/site-packages (from dbt-core) (0.11.2)
[2026-05-25T10:27:43.891+0000] {subprocess.py:93} INFO - Requirement already satisfied: isodate<0.7,>=0.6 in /home/***/.local/lib/python3.8/site-packages (from dbt-core) (0.6.1)
[2026-05-25T10:27:43.892+0000] {subprocess.py:93} INFO - Requirement already satisfied: sqlparse<0.5,>=0.2.3 in /home/***/.local/lib/python3.8/site-packages (from dbt-core) (0.4.4)
[2026-05-25T10:27:43.892+0000] {subprocess.py:93} INFO - Requirement already satisfied: dbt-extractor~=0.5.0 in /home/***/.local/lib/python3.8/site-packages (from dbt-core) (0.5.1)
[2026-05-25T10:27:43.892+0000] {subprocess.py:93} INFO - Requirement already satisfied: minimal-snowplow-tracker~=0.0.2 in /home/***/.local/lib/python3.8/site-packages (from dbt-core) (0.0.2)
[2026-05-25T10:27:43.893+0000] {subprocess.py:93} INFO - Requirement already satisfied: dbt-semantic-interfaces~=0.4.2 in /home/***/.local/lib/python3.8/site-packages (from dbt-core) (0.4.4)
[2026-05-25T10:27:43.893+0000] {subprocess.py:93} INFO - Requirement already satisfied: jsonschema>=3.0 in /home/***/.local/lib/python3.8/site-packages (from dbt-core) (4.20.0)
[2026-05-25T10:27:43.893+0000] {subprocess.py:93} INFO - Requirement already satisfied: packaging>20.9 in /home/***/.local/lib/python3.8/site-packages (from dbt-core) (23.2)
[2026-05-25T10:27:43.894+0000] {subprocess.py:93} INFO - Requirement already satisfied: protobuf>=4.0.0 in /home/***/.local/lib/python3.8/site-packages (from dbt-core) (4.25.2)
[2026-05-25T10:27:43.894+0000] {subprocess.py:93} INFO - Requirement already satisfied: pytz>=2015.7 in /home/***/.local/lib/python3.8/site-packages (from dbt-core) (2023.3.post1)
[2026-05-25T10:27:43.894+0000] {subprocess.py:93} INFO - Requirement already satisfied: pyyaml>=6.0 in /home/***/.local/lib/python3.8/site-packages (from dbt-core) (6.0.1)
[2026-05-25T10:27:43.895+0000] {subprocess.py:93} INFO - Requirement already satisfied: typing-extensions>=3.7.4 in /home/***/.local/lib/python3.8/site-packages (from dbt-core) (4.9.0)
[2026-05-25T10:27:43.895+0000] {subprocess.py:93} INFO - Requirement already satisfied: cffi<2.0.0,>=1.9 in /home/***/.local/lib/python3.8/site-packages (from dbt-core) (1.16.0)
[2026-05-25T10:27:43.895+0000] {subprocess.py:93} INFO - Requirement already satisfied: idna<4,>=2.5 in /home/***/.local/lib/python3.8/site-packages (from dbt-core) (3.6)
[2026-05-25T10:27:43.895+0000] {subprocess.py:93} INFO - Requirement already satisfied: requests<3.0.0 in /home/***/.local/lib/python3.8/site-packages (from dbt-core) (2.31.0)
[2026-05-25T10:27:43.896+0000] {subprocess.py:93} INFO - Requirement already satisfied: urllib3~=1.0 in /home/***/.local/lib/python3.8/site-packages (from dbt-core) (1.26.18)
[2026-05-25T10:27:43.897+0000] {subprocess.py:93} INFO - Requirement already satisfied: psycopg2-binary~=2.8 in /home/***/.local/lib/python3.8/site-packages (from dbt-postgres) (2.9.9)
[2026-05-25T10:27:43.904+0000] {subprocess.py:93} INFO - Requirement already satisfied: Babel>=2.0 in /home/***/.local/lib/python3.8/site-packages (from agate~=1.7.0->dbt-core) (2.14.0)
[2026-05-25T10:27:43.904+0000] {subprocess.py:93} INFO - Requirement already satisfied: leather>=0.3.2 in /home/***/.local/lib/python3.8/site-packages (from agate~=1.7.0->dbt-core) (0.4.1)
[2026-05-25T10:27:43.904+0000] {subprocess.py:93} INFO - Requirement already satisfied: parsedatetime!=2.5,>=2.1 in /home/***/.local/lib/python3.8/site-packages (from agate~=1.7.0->dbt-core) (2.6)
[2026-05-25T10:27:43.904+0000] {subprocess.py:93} INFO - Requirement already satisfied: python-slugify>=1.2.1 in /home/***/.local/lib/python3.8/site-packages (from agate~=1.7.0->dbt-core) (8.0.1)
[2026-05-25T10:27:43.905+0000] {subprocess.py:93} INFO - Requirement already satisfied: pytimeparse>=1.1.5 in /home/***/.local/lib/python3.8/site-packages (from agate~=1.7.0->dbt-core) (1.1.8)
[2026-05-25T10:27:43.906+0000] {subprocess.py:93} INFO - Requirement already satisfied: pycparser in /home/***/.local/lib/python3.8/site-packages (from cffi<2.0.0,>=1.9->dbt-core) (2.21)
[2026-05-25T10:27:43.912+0000] {subprocess.py:93} INFO - Requirement already satisfied: importlib-metadata~=6.0 in /home/***/.local/lib/python3.8/site-packages (from dbt-semantic-interfaces~=0.4.2->dbt-core) (6.11.0)
[2026-05-25T10:27:43.913+0000] {subprocess.py:93} INFO - Requirement already satisfied: more-itertools<11.0,>=8.0 in /home/***/.local/lib/python3.8/site-packages (from dbt-semantic-interfaces~=0.4.2->dbt-core) (10.5.0)
[2026-05-25T10:27:43.913+0000] {subprocess.py:93} INFO - Requirement already satisfied: pydantic<3,>=1.10 in /home/***/.local/lib/python3.8/site-packages (from dbt-semantic-interfaces~=0.4.2->dbt-core) (2.5.3)
[2026-05-25T10:27:43.913+0000] {subprocess.py:93} INFO - Requirement already satisfied: python-dateutil~=2.0 in /home/***/.local/lib/python3.8/site-packages (from dbt-semantic-interfaces~=0.4.2->dbt-core) (2.8.2)
[2026-05-25T10:27:43.915+0000] {subprocess.py:93} INFO - Requirement already satisfied: six in /home/***/.local/lib/python3.8/site-packages (from isodate<0.7,>=0.6->dbt-core) (1.16.0)
[2026-05-25T10:27:43.917+0000] {subprocess.py:93} INFO - Requirement already satisfied: MarkupSafe>=2.0 in /home/***/.local/lib/python3.8/site-packages (from Jinja2<4,>=3.1.3->dbt-core) (2.1.3)
[2026-05-25T10:27:43.927+0000] {subprocess.py:93} INFO - Requirement already satisfied: attrs>=22.2.0 in /home/***/.local/lib/python3.8/site-packages (from jsonschema>=3.0->dbt-core) (23.2.0)
[2026-05-25T10:27:43.927+0000] {subprocess.py:93} INFO - Requirement already satisfied: importlib-resources>=1.4.0 in /home/***/.local/lib/python3.8/site-packages (from jsonschema>=3.0->dbt-core) (5.13.0)
[2026-05-25T10:27:43.927+0000] {subprocess.py:93} INFO - Requirement already satisfied: jsonschema-specifications>=2023.03.6 in /home/***/.local/lib/python3.8/site-packages (from jsonschema>=3.0->dbt-core) (2023.12.1)
[2026-05-25T10:27:43.928+0000] {subprocess.py:93} INFO - Requirement already satisfied: pkgutil-resolve-name>=1.3.10 in /home/***/.local/lib/python3.8/site-packages (from jsonschema>=3.0->dbt-core) (1.3.10)
[2026-05-25T10:27:43.928+0000] {subprocess.py:93} INFO - Requirement already satisfied: referencing>=0.28.4 in /home/***/.local/lib/python3.8/site-packages (from jsonschema>=3.0->dbt-core) (0.32.1)
[2026-05-25T10:27:43.929+0000] {subprocess.py:93} INFO - Requirement already satisfied: rpds-py>=0.7.1 in /home/***/.local/lib/python3.8/site-packages (from jsonschema>=3.0->dbt-core) (0.17.1)
[2026-05-25T10:27:43.944+0000] {subprocess.py:93} INFO - Requirement already satisfied: msgpack>=0.5.6 in /home/***/.local/lib/python3.8/site-packages (from mashumaro[msgpack]~=3.9->dbt-core) (1.1.1)
[2026-05-25T10:27:43.966+0000] {subprocess.py:93} INFO - Requirement already satisfied: charset-normalizer<4,>=2 in /home/***/.local/lib/python3.8/site-packages (from requests<3.0.0->dbt-core) (3.3.2)
[2026-05-25T10:27:43.967+0000] {subprocess.py:93} INFO - Requirement already satisfied: certifi>=2017.4.17 in /home/***/.local/lib/python3.8/site-packages (from requests<3.0.0->dbt-core) (2023.11.17)
[2026-05-25T10:27:44.009+0000] {subprocess.py:93} INFO - Requirement already satisfied: zipp>=0.5 in /home/***/.local/lib/python3.8/site-packages (from importlib-metadata~=6.0->dbt-semantic-interfaces~=0.4.2->dbt-core) (3.17.0)
[2026-05-25T10:27:44.038+0000] {subprocess.py:93} INFO - Requirement already satisfied: annotated-types>=0.4.0 in /home/***/.local/lib/python3.8/site-packages (from pydantic<3,>=1.10->dbt-semantic-interfaces~=0.4.2->dbt-core) (0.6.0)
[2026-05-25T10:27:44.039+0000] {subprocess.py:93} INFO - Requirement already satisfied: pydantic-core==2.14.6 in /home/***/.local/lib/python3.8/site-packages (from pydantic<3,>=1.10->dbt-semantic-interfaces~=0.4.2->dbt-core) (2.14.6)
[2026-05-25T10:27:44.048+0000] {subprocess.py:93} INFO - Requirement already satisfied: text-unidecode>=1.3 in /home/***/.local/lib/python3.8/site-packages (from python-slugify>=1.2.1->agate~=1.7.0->dbt-core) (1.3)
[2026-05-25T10:27:45.243+0000] {subprocess.py:93} INFO - 
[2026-05-25T10:27:45.243+0000] {subprocess.py:93} INFO - [notice] A new release of pip is available: 23.3.2 -> 25.0.1
[2026-05-25T10:27:45.244+0000] {subprocess.py:93} INFO - [notice] To update, run: python -m pip install --upgrade pip
[2026-05-25T10:27:45.318+0000] {subprocess.py:93} INFO - /usr/bin/bash: -c: line 5: syntax error near unexpected token `&&'
[2026-05-25T10:27:45.319+0000] {subprocess.py:93} INFO - /usr/bin/bash: -c: line 5: ` &&'
[2026-05-25T10:27:45.319+0000] {subprocess.py:97} INFO - Command exited with return code 2
[2026-05-25T10:27:45.328+0000] {taskinstance.py:2698} ERROR - Task failed with exception
Traceback (most recent call last):
  File "/home/airflow/.local/lib/python3.8/site-packages/airflow/models/taskinstance.py", line 433, in _execute_task
    result = execute_callable(context=context, **execute_callable_kwargs)
  File "/home/airflow/.local/lib/python3.8/site-packages/airflow/operators/bash.py", line 212, in execute
    raise AirflowException(
airflow.exceptions.AirflowException: Bash command failed. The command returned a non-zero exit code 2.
[2026-05-25T10:27:45.330+0000] {taskinstance.py:1138} INFO - Marking task as FAILED. dag_id=warehouse_pipeline, task_id=run_dbt_models, execution_date=20260525T102741, start_date=20260525T102743, end_date=20260525T102745
[2026-05-25T10:27:45.338+0000] {standard_task_runner.py:107} ERROR - Failed to execute job 78 for task run_dbt_models (Bash command failed. The command returned a non-zero exit code 2.; 191)
[2026-05-25T10:27:45.347+0000] {local_task_job_runner.py:234} INFO - Task exited with return code 1
[2026-05-25T10:27:45.362+0000] {taskinstance.py:3280} INFO - 0 downstream tasks scheduled from follow-on schedule check
