[2026-05-22T17:19:48.747+0000] {taskinstance.py:1956} INFO - Dependencies all met for dep_context=non-requeueable deps ti=<TaskInstance: warehouse_pipeline.run_dbt_models manual__2026-05-22T17:19:46.925265+00:00 [queued]>
[2026-05-22T17:19:48.751+0000] {taskinstance.py:1956} INFO - Dependencies all met for dep_context=requeueable deps ti=<TaskInstance: warehouse_pipeline.run_dbt_models manual__2026-05-22T17:19:46.925265+00:00 [queued]>
[2026-05-22T17:19:48.751+0000] {taskinstance.py:2170} INFO - Starting attempt 1 of 1
[2026-05-22T17:19:48.756+0000] {taskinstance.py:2191} INFO - Executing <Task(BashOperator): run_dbt_models> on 2026-05-22 17:19:46.925265+00:00
[2026-05-22T17:19:48.758+0000] {standard_task_runner.py:60} INFO - Started process 1509 to run task
[2026-05-22T17:19:48.760+0000] {standard_task_runner.py:87} INFO - Running: ['***', 'tasks', 'run', 'warehouse_pipeline', 'run_dbt_models', 'manual__2026-05-22T17:19:46.925265+00:00', '--job-id', '34', '--raw', '--subdir', 'DAGS_FOLDER/warehouse_pipeline.py', '--cfg-path', '/tmp/tmplwmeuimo']
[2026-05-22T17:19:48.762+0000] {standard_task_runner.py:88} INFO - Job 34: Subtask run_dbt_models
[2026-05-22T17:19:48.784+0000] {task_command.py:423} INFO - Running <TaskInstance: warehouse_pipeline.run_dbt_models manual__2026-05-22T17:19:46.925265+00:00 [running]> on host ddd49e0ec5cd
[2026-05-22T17:19:48.816+0000] {taskinstance.py:2480} INFO - Exporting env vars: AIRFLOW_CTX_DAG_OWNER='Priyanka' AIRFLOW_CTX_DAG_ID='warehouse_pipeline' AIRFLOW_CTX_TASK_ID='run_dbt_models' AIRFLOW_CTX_EXECUTION_DATE='2026-05-22T17:19:46.925265+00:00' AIRFLOW_CTX_TRY_NUMBER='1' AIRFLOW_CTX_DAG_RUN_ID='manual__2026-05-22T17:19:46.925265+00:00'
[2026-05-22T17:19:48.816+0000] {subprocess.py:63} INFO - Tmp dir root location: /tmp
[2026-05-22T17:19:48.817+0000] {subprocess.py:75} INFO - Running command: ['/usr/bin/bash', '-c', '/usr/local/bin/python3 -m dbt run --profiles-dir /opt/***/dbt_profiles --project-dir /opt/***/dbt/ecommerce_warehouse']
[2026-05-22T17:19:48.821+0000] {subprocess.py:86} INFO - Output:
[2026-05-22T17:19:48.833+0000] {subprocess.py:93} INFO - /usr/local/bin/python3: No module named dbt
[2026-05-22T17:19:48.835+0000] {subprocess.py:97} INFO - Command exited with return code 1
[2026-05-22T17:19:48.840+0000] {taskinstance.py:2698} ERROR - Task failed with exception
Traceback (most recent call last):
  File "/home/airflow/.local/lib/python3.8/site-packages/airflow/models/taskinstance.py", line 433, in _execute_task
    result = execute_callable(context=context, **execute_callable_kwargs)
  File "/home/airflow/.local/lib/python3.8/site-packages/airflow/operators/bash.py", line 212, in execute
    raise AirflowException(
airflow.exceptions.AirflowException: Bash command failed. The command returned a non-zero exit code 1.
[2026-05-22T17:19:48.841+0000] {taskinstance.py:1138} INFO - Marking task as FAILED. dag_id=warehouse_pipeline, task_id=run_dbt_models, execution_date=20260522T171946, start_date=20260522T171948, end_date=20260522T171948
[2026-05-22T17:19:48.846+0000] {standard_task_runner.py:107} ERROR - Failed to execute job 34 for task run_dbt_models (Bash command failed. The command returned a non-zero exit code 1.; 1509)
[2026-05-22T17:19:48.858+0000] {local_task_job_runner.py:234} INFO - Task exited with return code 1
[2026-05-22T17:19:48.871+0000] {taskinstance.py:3280} INFO - 0 downstream tasks scheduled from follow-on schedule check
