[2026-05-25T10:52:03.701+0000] {taskinstance.py:1956} INFO - Dependencies all met for dep_context=non-requeueable deps ti=<TaskInstance: warehouse_pipeline.load_raw_data manual__2026-05-25T10:52:02.433320+00:00 [queued]>
[2026-05-25T10:52:03.705+0000] {taskinstance.py:1956} INFO - Dependencies all met for dep_context=requeueable deps ti=<TaskInstance: warehouse_pipeline.load_raw_data manual__2026-05-25T10:52:02.433320+00:00 [queued]>
[2026-05-25T10:52:03.705+0000] {taskinstance.py:2170} INFO - Starting attempt 1 of 1
[2026-05-25T10:52:03.712+0000] {taskinstance.py:2191} INFO - Executing <Task(BashOperator): load_raw_data> on 2026-05-25 10:52:02.433320+00:00
[2026-05-25T10:52:03.715+0000] {standard_task_runner.py:60} INFO - Started process 187 to run task
[2026-05-25T10:52:03.717+0000] {standard_task_runner.py:87} INFO - Running: ['***', 'tasks', 'run', 'warehouse_pipeline', 'load_raw_data', 'manual__2026-05-25T10:52:02.433320+00:00', '--job-id', '84', '--raw', '--subdir', 'DAGS_FOLDER/warehouse_pipeline.py', '--cfg-path', '/tmp/tmppja646kn']
[2026-05-25T10:52:03.719+0000] {standard_task_runner.py:88} INFO - Job 84: Subtask load_raw_data
[2026-05-25T10:52:03.743+0000] {task_command.py:423} INFO - Running <TaskInstance: warehouse_pipeline.load_raw_data manual__2026-05-25T10:52:02.433320+00:00 [running]> on host 3739338474e2
[2026-05-25T10:52:03.784+0000] {taskinstance.py:2480} INFO - Exporting env vars: AIRFLOW_CTX_DAG_OWNER='Priyanka' AIRFLOW_CTX_DAG_ID='warehouse_pipeline' AIRFLOW_CTX_TASK_ID='load_raw_data' AIRFLOW_CTX_EXECUTION_DATE='2026-05-25T10:52:02.433320+00:00' AIRFLOW_CTX_TRY_NUMBER='1' AIRFLOW_CTX_DAG_RUN_ID='manual__2026-05-25T10:52:02.433320+00:00'
[2026-05-25T10:52:03.785+0000] {subprocess.py:63} INFO - Tmp dir root location: /tmp
[2026-05-25T10:52:03.785+0000] {subprocess.py:75} INFO - Running command: ['/usr/bin/bash', '-c', '\n        cd /opt/*** &&\n        python3 scripts/load_raw_data.py\n        ']
[2026-05-25T10:52:03.789+0000] {subprocess.py:86} INFO - Output:
[2026-05-25T10:52:04.541+0000] {subprocess.py:93} INFO - Traceback (most recent call last):
[2026-05-25T10:52:04.542+0000] {subprocess.py:93} INFO -   File "/home/***/.local/lib/python3.8/site-packages/sqlalchemy/engine/base.py", line 1910, in _execute_context
[2026-05-25T10:52:04.542+0000] {subprocess.py:93} INFO -     self.dialect.do_execute(
[2026-05-25T10:52:04.542+0000] {subprocess.py:93} INFO -   File "/home/***/.local/lib/python3.8/site-packages/sqlalchemy/engine/default.py", line 736, in do_execute
[2026-05-25T10:52:04.542+0000] {subprocess.py:93} INFO -     cursor.execute(statement, parameters)
[2026-05-25T10:52:04.542+0000] {subprocess.py:93} INFO - psycopg2.errors.UndefinedTable: relation "raw_payments" does not exist
[2026-05-25T10:52:04.542+0000] {subprocess.py:93} INFO - 
[2026-05-25T10:52:04.542+0000] {subprocess.py:93} INFO - 
[2026-05-25T10:52:04.542+0000] {subprocess.py:93} INFO - The above exception was the direct cause of the following exception:
[2026-05-25T10:52:04.543+0000] {subprocess.py:93} INFO - 
[2026-05-25T10:52:04.543+0000] {subprocess.py:93} INFO - Traceback (most recent call last):
[2026-05-25T10:52:04.543+0000] {subprocess.py:93} INFO -   File "scripts/load_raw_data.py", line 22, in <module>
[2026-05-25T10:52:04.543+0000] {subprocess.py:93} INFO -     conn.execute(text("TRUNCATE TABLE raw_payments CASCADE"))
[2026-05-25T10:52:04.543+0000] {subprocess.py:93} INFO -   File "/home/***/.local/lib/python3.8/site-packages/sqlalchemy/engine/base.py", line 1385, in execute
[2026-05-25T10:52:04.543+0000] {subprocess.py:93} INFO -     return meth(self, multiparams, params, _EMPTY_EXECUTION_OPTS)
[2026-05-25T10:52:04.543+0000] {subprocess.py:93} INFO -   File "/home/***/.local/lib/python3.8/site-packages/sqlalchemy/sql/elements.py", line 334, in _execute_on_connection
[2026-05-25T10:52:04.543+0000] {subprocess.py:93} INFO -     return connection._execute_clauseelement(
[2026-05-25T10:52:04.543+0000] {subprocess.py:93} INFO -   File "/home/***/.local/lib/python3.8/site-packages/sqlalchemy/engine/base.py", line 1577, in _execute_clauseelement
[2026-05-25T10:52:04.543+0000] {subprocess.py:93} INFO -     ret = self._execute_context(
[2026-05-25T10:52:04.543+0000] {subprocess.py:93} INFO -   File "/home/***/.local/lib/python3.8/site-packages/sqlalchemy/engine/base.py", line 1953, in _execute_context
[2026-05-25T10:52:04.543+0000] {subprocess.py:93} INFO -     self._handle_dbapi_exception(
[2026-05-25T10:52:04.543+0000] {subprocess.py:93} INFO -   File "/home/***/.local/lib/python3.8/site-packages/sqlalchemy/engine/base.py", line 2134, in _handle_dbapi_exception
[2026-05-25T10:52:04.544+0000] {subprocess.py:93} INFO -     util.raise_(
[2026-05-25T10:52:04.544+0000] {subprocess.py:93} INFO -   File "/home/***/.local/lib/python3.8/site-packages/sqlalchemy/util/compat.py", line 211, in raise_
[2026-05-25T10:52:04.544+0000] {subprocess.py:93} INFO -     raise exception
[2026-05-25T10:52:04.544+0000] {subprocess.py:93} INFO -   File "/home/***/.local/lib/python3.8/site-packages/sqlalchemy/engine/base.py", line 1910, in _execute_context
[2026-05-25T10:52:04.544+0000] {subprocess.py:93} INFO -     self.dialect.do_execute(
[2026-05-25T10:52:04.544+0000] {subprocess.py:93} INFO -   File "/home/***/.local/lib/python3.8/site-packages/sqlalchemy/engine/default.py", line 736, in do_execute
[2026-05-25T10:52:04.544+0000] {subprocess.py:93} INFO -     cursor.execute(statement, parameters)
[2026-05-25T10:52:04.544+0000] {subprocess.py:93} INFO - sqlalchemy.exc.ProgrammingError: (psycopg2.errors.UndefinedTable) relation "raw_payments" does not exist
[2026-05-25T10:52:04.544+0000] {subprocess.py:93} INFO - 
[2026-05-25T10:52:04.544+0000] {subprocess.py:93} INFO - [SQL: TRUNCATE TABLE raw_payments CASCADE]
[2026-05-25T10:52:04.544+0000] {subprocess.py:93} INFO - (Background on this error at: https://sqlalche.me/e/14/f405)
[2026-05-25T10:52:04.590+0000] {subprocess.py:97} INFO - Command exited with return code 1
[2026-05-25T10:52:04.596+0000] {taskinstance.py:2698} ERROR - Task failed with exception
Traceback (most recent call last):
  File "/home/airflow/.local/lib/python3.8/site-packages/airflow/models/taskinstance.py", line 433, in _execute_task
    result = execute_callable(context=context, **execute_callable_kwargs)
  File "/home/airflow/.local/lib/python3.8/site-packages/airflow/operators/bash.py", line 212, in execute
    raise AirflowException(
airflow.exceptions.AirflowException: Bash command failed. The command returned a non-zero exit code 1.
[2026-05-25T10:52:04.597+0000] {taskinstance.py:1138} INFO - Marking task as FAILED. dag_id=warehouse_pipeline, task_id=load_raw_data, execution_date=20260525T105202, start_date=20260525T105203, end_date=20260525T105204
[2026-05-25T10:52:04.603+0000] {standard_task_runner.py:107} ERROR - Failed to execute job 84 for task load_raw_data (Bash command failed. The command returned a non-zero exit code 1.; 187)
[2026-05-25T10:52:04.617+0000] {local_task_job_runner.py:234} INFO - Task exited with return code 1
[2026-05-25T10:52:04.634+0000] {taskinstance.py:3280} INFO - 0 downstream tasks scheduled from follow-on schedule check
