[2026-05-22T16:37:25.652+0000] {taskinstance.py:1956} INFO - Dependencies all met for dep_context=non-requeueable deps ti=<TaskInstance: warehouse_pipeline.run_dbt_models manual__2026-05-22T16:37:24.396964+00:00 [queued]>
[2026-05-22T16:37:25.656+0000] {taskinstance.py:1956} INFO - Dependencies all met for dep_context=requeueable deps ti=<TaskInstance: warehouse_pipeline.run_dbt_models manual__2026-05-22T16:37:24.396964+00:00 [queued]>
[2026-05-22T16:37:25.656+0000] {taskinstance.py:2170} INFO - Starting attempt 1 of 1
[2026-05-22T16:37:25.662+0000] {taskinstance.py:2191} INFO - Executing <Task(BashOperator): run_dbt_models> on 2026-05-22 16:37:24.396964+00:00
[2026-05-22T16:37:25.664+0000] {standard_task_runner.py:60} INFO - Started process 507 to run task
[2026-05-22T16:37:25.666+0000] {standard_task_runner.py:87} INFO - Running: ['***', 'tasks', 'run', 'warehouse_pipeline', 'run_dbt_models', 'manual__2026-05-22T16:37:24.396964+00:00', '--job-id', '12', '--raw', '--subdir', 'DAGS_FOLDER/warehouse_pipeline.py', '--cfg-path', '/tmp/tmpilsecd03']
[2026-05-22T16:37:25.667+0000] {standard_task_runner.py:88} INFO - Job 12: Subtask run_dbt_models
[2026-05-22T16:37:25.688+0000] {task_command.py:423} INFO - Running <TaskInstance: warehouse_pipeline.run_dbt_models manual__2026-05-22T16:37:24.396964+00:00 [running]> on host ddd49e0ec5cd
[2026-05-22T16:37:25.719+0000] {taskinstance.py:2480} INFO - Exporting env vars: AIRFLOW_CTX_DAG_OWNER='Priyanka' AIRFLOW_CTX_DAG_ID='warehouse_pipeline' AIRFLOW_CTX_TASK_ID='run_dbt_models' AIRFLOW_CTX_EXECUTION_DATE='2026-05-22T16:37:24.396964+00:00' AIRFLOW_CTX_TRY_NUMBER='1' AIRFLOW_CTX_DAG_RUN_ID='manual__2026-05-22T16:37:24.396964+00:00'
[2026-05-22T16:37:25.719+0000] {subprocess.py:63} INFO - Tmp dir root location: /tmp
[2026-05-22T16:37:25.720+0000] {subprocess.py:75} INFO - Running command: ['/usr/bin/bash', '-c', 'cd /opt/***/dbt/ecommerce_warehouse && /home/***/.local/bin/dbt run --profiles-dir /opt/***/dbt_profiles']
[2026-05-22T16:37:25.723+0000] {subprocess.py:86} INFO - Output:
[2026-05-22T16:37:25.724+0000] {subprocess.py:93} INFO - /usr/bin/bash: line 1: /home/***/.local/bin/dbt: No such file or directory
[2026-05-22T16:37:25.724+0000] {subprocess.py:97} INFO - Command exited with return code 127
[2026-05-22T16:37:25.729+0000] {taskinstance.py:2698} ERROR - Task failed with exception
Traceback (most recent call last):
  File "/home/airflow/.local/lib/python3.8/site-packages/airflow/models/taskinstance.py", line 433, in _execute_task
    result = execute_callable(context=context, **execute_callable_kwargs)
  File "/home/airflow/.local/lib/python3.8/site-packages/airflow/operators/bash.py", line 212, in execute
    raise AirflowException(
airflow.exceptions.AirflowException: Bash command failed. The command returned a non-zero exit code 127.
[2026-05-22T16:37:25.731+0000] {taskinstance.py:1138} INFO - Marking task as FAILED. dag_id=warehouse_pipeline, task_id=run_dbt_models, execution_date=20260522T163724, start_date=20260522T163725, end_date=20260522T163725
[2026-05-22T16:37:25.736+0000] {standard_task_runner.py:107} ERROR - Failed to execute job 12 for task run_dbt_models (Bash command failed. The command returned a non-zero exit code 127.; 507)
[2026-05-22T16:37:25.766+0000] {local_task_job_runner.py:234} INFO - Task exited with return code 1
[2026-05-22T16:37:25.779+0000] {taskinstance.py:3280} INFO - 0 downstream tasks scheduled from follow-on schedule check
