[2026-05-22T14:59:19.896+0000] {taskinstance.py:1956} INFO - Dependencies all met for dep_context=non-requeueable deps ti=<TaskInstance: warehouse_pipeline.run_dbt_models manual__2026-05-22T14:59:18.171717+00:00 [queued]>
[2026-05-22T14:59:19.900+0000] {taskinstance.py:1956} INFO - Dependencies all met for dep_context=requeueable deps ti=<TaskInstance: warehouse_pipeline.run_dbt_models manual__2026-05-22T14:59:18.171717+00:00 [queued]>
[2026-05-22T14:59:19.900+0000] {taskinstance.py:2170} INFO - Starting attempt 1 of 1
[2026-05-22T14:59:19.906+0000] {taskinstance.py:2191} INFO - Executing <Task(BashOperator): run_dbt_models> on 2026-05-22 14:59:18.171717+00:00
[2026-05-22T14:59:19.908+0000] {standard_task_runner.py:60} INFO - Started process 970 to run task
[2026-05-22T14:59:19.910+0000] {standard_task_runner.py:87} INFO - Running: ['***', 'tasks', 'run', 'warehouse_pipeline', 'run_dbt_models', 'manual__2026-05-22T14:59:18.171717+00:00', '--job-id', '46', '--raw', '--subdir', 'DAGS_FOLDER/warehouse_pipeline.py', '--cfg-path', '/tmp/tmp3tib9lxt']
[2026-05-22T14:59:19.911+0000] {standard_task_runner.py:88} INFO - Job 46: Subtask run_dbt_models
[2026-05-22T14:59:19.931+0000] {task_command.py:423} INFO - Running <TaskInstance: warehouse_pipeline.run_dbt_models manual__2026-05-22T14:59:18.171717+00:00 [running]> on host 9e7ef4c7a3a6
[2026-05-22T14:59:19.961+0000] {taskinstance.py:2480} INFO - Exporting env vars: AIRFLOW_CTX_DAG_OWNER='Priyanka' AIRFLOW_CTX_DAG_ID='warehouse_pipeline' AIRFLOW_CTX_TASK_ID='run_dbt_models' AIRFLOW_CTX_EXECUTION_DATE='2026-05-22T14:59:18.171717+00:00' AIRFLOW_CTX_TRY_NUMBER='1' AIRFLOW_CTX_DAG_RUN_ID='manual__2026-05-22T14:59:18.171717+00:00'
[2026-05-22T14:59:19.962+0000] {subprocess.py:63} INFO - Tmp dir root location: /tmp
[2026-05-22T14:59:19.962+0000] {subprocess.py:75} INFO - Running command: ['/usr/bin/bash', '-c', ' \n        cd /opt/***/dbt/ecommerce_warehouse &&         /home/***/.local/bin/dbt run --profiles-dir /opt/***/dbt_profiles\n        ']
[2026-05-22T14:59:19.966+0000] {subprocess.py:86} INFO - Output:
[2026-05-22T14:59:20.739+0000] {subprocess.py:93} INFO - [0m14:59:20  Running with dbt=1.8.7
[2026-05-22T14:59:20.856+0000] {subprocess.py:93} INFO - [0m14:59:20  Registered adapter: postgres=1.8.2
[2026-05-22T14:59:20.949+0000] {subprocess.py:93} INFO - [0m14:59:20  [[33mWARNING[0m]: Configuration paths exist in your dbt_project.yml file which do not apply to any resources.
[2026-05-22T14:59:20.952+0000] {subprocess.py:93} INFO - There are 1 unused configuration paths:
[2026-05-22T14:59:20.952+0000] {subprocess.py:93} INFO - - models.ecommerce_warehouse.example
[2026-05-22T14:59:21.045+0000] {subprocess.py:93} INFO - [0m14:59:21  Found 8 models, 6 data tests, 423 macros
[2026-05-22T14:59:21.047+0000] {subprocess.py:93} INFO - [0m14:59:21
[2026-05-22T14:59:21.108+0000] {subprocess.py:93} INFO - [0m14:59:21  Concurrency: 1 threads (target='dev')
[2026-05-22T14:59:21.108+0000] {subprocess.py:93} INFO - [0m14:59:21
[2026-05-22T14:59:21.113+0000] {subprocess.py:93} INFO - [0m14:59:21  1 of 8 START sql view model public.stg_customers ............................... [RUN]
[2026-05-22T14:59:21.177+0000] {subprocess.py:93} INFO - [0m14:59:21  1 of 8 OK created sql view model public.stg_customers .......................... [[32mCREATE VIEW[0m in 0.06s]
[2026-05-22T14:59:21.178+0000] {subprocess.py:93} INFO - [0m14:59:21  2 of 8 START sql view model public.stg_orders .................................. [RUN]
[2026-05-22T14:59:21.203+0000] {subprocess.py:93} INFO - [0m14:59:21  2 of 8 OK created sql view model public.stg_orders ............................. [[32mCREATE VIEW[0m in 0.02s]
[2026-05-22T14:59:21.204+0000] {subprocess.py:93} INFO - [0m14:59:21  3 of 8 START sql view model public.stg_payments ................................ [RUN]
[2026-05-22T14:59:21.227+0000] {subprocess.py:93} INFO - [0m14:59:21  3 of 8 OK created sql view model public.stg_payments ........................... [[32mCREATE VIEW[0m in 0.02s]
[2026-05-22T14:59:21.228+0000] {subprocess.py:93} INFO - [0m14:59:21  4 of 8 START sql view model public.stg_products ................................ [RUN]
[2026-05-22T14:59:21.281+0000] {subprocess.py:93} INFO - [0m14:59:21  4 of 8 OK created sql view model public.stg_products ........................... [[32mCREATE VIEW[0m in 0.05s]
[2026-05-22T14:59:21.283+0000] {subprocess.py:93} INFO - [0m14:59:21  5 of 8 START sql view model public.dim_customers ............................... [RUN]
[2026-05-22T14:59:21.304+0000] {subprocess.py:93} INFO - [0m14:59:21  5 of 8 OK created sql view model public.dim_customers .......................... [[32mCREATE VIEW[0m in 0.02s]
[2026-05-22T14:59:21.305+0000] {subprocess.py:93} INFO - [0m14:59:21  6 of 8 START sql view model public.dim_products ................................ [RUN]
[2026-05-22T14:59:21.325+0000] {subprocess.py:93} INFO - [0m14:59:21  6 of 8 OK created sql view model public.dim_products ........................... [[32mCREATE VIEW[0m in 0.02s]
[2026-05-22T14:59:21.326+0000] {subprocess.py:93} INFO - [0m14:59:21  7 of 8 START sql view model public.fct_orders .................................. [RUN]
[2026-05-22T14:59:21.349+0000] {subprocess.py:93} INFO - [0m14:59:21  7 of 8 OK created sql view model public.fct_orders ............................. [[32mCREATE VIEW[0m in 0.02s]
[2026-05-22T14:59:21.351+0000] {subprocess.py:93} INFO - [0m14:59:21  8 of 8 START sql view model public.kpi_sales_summary ........................... [RUN]
[2026-05-22T14:59:21.373+0000] {subprocess.py:93} INFO - [0m14:59:21  8 of 8 OK created sql view model public.kpi_sales_summary ...................... [[32mCREATE VIEW[0m in 0.02s]
[2026-05-22T14:59:21.380+0000] {subprocess.py:93} INFO - [0m14:59:21
[2026-05-22T14:59:21.380+0000] {subprocess.py:93} INFO - [0m14:59:21  Finished running 8 view models in 0 hours 0 minutes and 0.33 seconds (0.33s).
[2026-05-22T14:59:21.407+0000] {subprocess.py:93} INFO - [0m14:59:21
[2026-05-22T14:59:21.407+0000] {subprocess.py:93} INFO - [0m14:59:21  [32mCompleted successfully[0m
[2026-05-22T14:59:21.407+0000] {subprocess.py:93} INFO - [0m14:59:21
[2026-05-22T14:59:21.408+0000] {subprocess.py:93} INFO - [0m14:59:21  Done. PASS=8 WARN=0 ERROR=0 SKIP=0 TOTAL=8
[2026-05-22T14:59:22.742+0000] {subprocess.py:97} INFO - Command exited with return code 0
[2026-05-22T14:59:22.754+0000] {taskinstance.py:1138} INFO - Marking task as SUCCESS. dag_id=warehouse_pipeline, task_id=run_dbt_models, execution_date=20260522T145918, start_date=20260522T145919, end_date=20260522T145922
[2026-05-22T14:59:22.777+0000] {local_task_job_runner.py:234} INFO - Task exited with return code 0
[2026-05-22T14:59:22.788+0000] {taskinstance.py:3280} INFO - 1 downstream tasks scheduled from follow-on schedule check
