[2026-05-22T16:48:11.925+0000] {taskinstance.py:1956} INFO - Dependencies all met for dep_context=non-requeueable deps ti=<TaskInstance: warehouse_pipeline.run_dbt_models manual__2026-05-22T16:48:09.744845+00:00 [queued]>
[2026-05-22T16:48:11.929+0000] {taskinstance.py:1956} INFO - Dependencies all met for dep_context=requeueable deps ti=<TaskInstance: warehouse_pipeline.run_dbt_models manual__2026-05-22T16:48:09.744845+00:00 [queued]>
[2026-05-22T16:48:11.929+0000] {taskinstance.py:2170} INFO - Starting attempt 1 of 1
[2026-05-22T16:48:11.935+0000] {taskinstance.py:2191} INFO - Executing <Task(BashOperator): run_dbt_models> on 2026-05-22 16:48:09.744845+00:00
[2026-05-22T16:48:11.936+0000] {standard_task_runner.py:60} INFO - Started process 792 to run task
[2026-05-22T16:48:11.938+0000] {standard_task_runner.py:87} INFO - Running: ['***', 'tasks', 'run', 'warehouse_pipeline', 'run_dbt_models', 'manual__2026-05-22T16:48:09.744845+00:00', '--job-id', '20', '--raw', '--subdir', 'DAGS_FOLDER/warehouse_pipeline.py', '--cfg-path', '/tmp/tmpamtls3t8']
[2026-05-22T16:48:11.939+0000] {standard_task_runner.py:88} INFO - Job 20: Subtask run_dbt_models
[2026-05-22T16:48:11.961+0000] {task_command.py:423} INFO - Running <TaskInstance: warehouse_pipeline.run_dbt_models manual__2026-05-22T16:48:09.744845+00:00 [running]> on host ddd49e0ec5cd
[2026-05-22T16:48:12.001+0000] {taskinstance.py:2480} INFO - Exporting env vars: AIRFLOW_CTX_DAG_OWNER='Priyanka' AIRFLOW_CTX_DAG_ID='warehouse_pipeline' AIRFLOW_CTX_TASK_ID='run_dbt_models' AIRFLOW_CTX_EXECUTION_DATE='2026-05-22T16:48:09.744845+00:00' AIRFLOW_CTX_TRY_NUMBER='1' AIRFLOW_CTX_DAG_RUN_ID='manual__2026-05-22T16:48:09.744845+00:00'
[2026-05-22T16:48:12.002+0000] {subprocess.py:63} INFO - Tmp dir root location: /tmp
[2026-05-22T16:48:12.002+0000] {subprocess.py:75} INFO - Running command: ['/usr/bin/bash', '-c', 'cd /opt/***/dbt/ecommerce_warehouse && python3 -m dbt run --profiles-dir /opt/***/dbt_profiles']
[2026-05-22T16:48:12.007+0000] {subprocess.py:86} INFO - Output:
[2026-05-22T16:48:12.021+0000] {subprocess.py:93} INFO - /usr/local/bin/python3: No module named dbt
[2026-05-22T16:48:12.022+0000] {subprocess.py:97} INFO - Command exited with return code 1
[2026-05-22T16:48:12.027+0000] {taskinstance.py:2698} ERROR - Task failed with exception
Traceback (most recent call last):
  File "/home/airflow/.local/lib/python3.8/site-packages/airflow/models/taskinstance.py", line 433, in _execute_task
    result = execute_callable(context=context, **execute_callable_kwargs)
  File "/home/airflow/.local/lib/python3.8/site-packages/airflow/operators/bash.py", line 212, in execute
    raise AirflowException(
airflow.exceptions.AirflowException: Bash command failed. The command returned a non-zero exit code 1.
[2026-05-22T16:48:12.029+0000] {taskinstance.py:1138} INFO - Marking task as FAILED. dag_id=warehouse_pipeline, task_id=run_dbt_models, execution_date=20260522T164809, start_date=20260522T164811, end_date=20260522T164812
[2026-05-22T16:48:12.034+0000] {standard_task_runner.py:107} ERROR - Failed to execute job 20 for task run_dbt_models (Bash command failed. The command returned a non-zero exit code 1.; 792)
[2026-05-22T16:48:12.078+0000] {local_task_job_runner.py:234} INFO - Task exited with return code 1
[2026-05-22T16:48:12.092+0000] {taskinstance.py:3280} INFO - 0 downstream tasks scheduled from follow-on schedule check
