[2026-05-22T14:25:18.207+0000] {taskinstance.py:1956} INFO - Dependencies all met for dep_context=non-requeueable deps ti=<TaskInstance: warehouse_pipeline.run_dbt_models manual__2026-05-22T14:25:15.346994+00:00 [queued]>
[2026-05-22T14:25:18.211+0000] {taskinstance.py:1956} INFO - Dependencies all met for dep_context=requeueable deps ti=<TaskInstance: warehouse_pipeline.run_dbt_models manual__2026-05-22T14:25:15.346994+00:00 [queued]>
[2026-05-22T14:25:18.211+0000] {taskinstance.py:2170} INFO - Starting attempt 1 of 1
[2026-05-22T14:25:18.218+0000] {taskinstance.py:2191} INFO - Executing <Task(BashOperator): run_dbt_models> on 2026-05-22 14:25:15.346994+00:00
[2026-05-22T14:25:18.220+0000] {standard_task_runner.py:60} INFO - Started process 230 to run task
[2026-05-22T14:25:18.222+0000] {standard_task_runner.py:87} INFO - Running: ['***', 'tasks', 'run', 'warehouse_pipeline', 'run_dbt_models', 'manual__2026-05-22T14:25:15.346994+00:00', '--job-id', '40', '--raw', '--subdir', 'DAGS_FOLDER/warehouse_pipeline.py', '--cfg-path', '/tmp/tmpd7xh6lug']
[2026-05-22T14:25:18.224+0000] {standard_task_runner.py:88} INFO - Job 40: Subtask run_dbt_models
[2026-05-22T14:25:18.245+0000] {task_command.py:423} INFO - Running <TaskInstance: warehouse_pipeline.run_dbt_models manual__2026-05-22T14:25:15.346994+00:00 [running]> on host 9e7ef4c7a3a6
[2026-05-22T14:25:18.282+0000] {taskinstance.py:2480} INFO - Exporting env vars: AIRFLOW_CTX_DAG_OWNER='Priyanka' AIRFLOW_CTX_DAG_ID='warehouse_pipeline' AIRFLOW_CTX_TASK_ID='run_dbt_models' AIRFLOW_CTX_EXECUTION_DATE='2026-05-22T14:25:15.346994+00:00' AIRFLOW_CTX_TRY_NUMBER='1' AIRFLOW_CTX_DAG_RUN_ID='manual__2026-05-22T14:25:15.346994+00:00'
[2026-05-22T14:25:18.283+0000] {subprocess.py:63} INFO - Tmp dir root location: /tmp
[2026-05-22T14:25:18.283+0000] {subprocess.py:75} INFO - Running command: ['/usr/bin/bash', '-c', ' \n        cd /opt/***/dbt/ecommerce_warehouse &&         /home/***/.local/bin/dbt run --profiles-dir /opt/***/dbt_profiles\n        ']
[2026-05-22T14:25:18.288+0000] {subprocess.py:86} INFO - Output:
[2026-05-22T14:25:19.145+0000] {subprocess.py:93} INFO - [0m14:25:19  Running with dbt=1.8.7
[2026-05-22T14:25:19.270+0000] {subprocess.py:93} INFO - [0m14:25:19  Registered adapter: postgres=1.8.2
[2026-05-22T14:25:19.366+0000] {subprocess.py:93} INFO - [0m14:25:19  [[33mWARNING[0m]: Configuration paths exist in your dbt_project.yml file which do not apply to any resources.
[2026-05-22T14:25:19.366+0000] {subprocess.py:93} INFO - There are 1 unused configuration paths:
[2026-05-22T14:25:19.366+0000] {subprocess.py:93} INFO - - models.ecommerce_warehouse.example
[2026-05-22T14:25:19.462+0000] {subprocess.py:93} INFO - [0m14:25:19  Found 8 models, 6 data tests, 423 macros
[2026-05-22T14:25:19.464+0000] {subprocess.py:93} INFO - [0m14:25:19
[2026-05-22T14:25:19.526+0000] {subprocess.py:93} INFO - [0m14:25:19  Concurrency: 1 threads (target='dev')
[2026-05-22T14:25:19.527+0000] {subprocess.py:93} INFO - [0m14:25:19
[2026-05-22T14:25:19.532+0000] {subprocess.py:93} INFO - [0m14:25:19  1 of 8 START sql view model public.stg_customers ............................... [RUN]
[2026-05-22T14:25:19.611+0000] {subprocess.py:93} INFO - [0m14:25:19  1 of 8 OK created sql view model public.stg_customers .......................... [[32mCREATE VIEW[0m in 0.08s]
[2026-05-22T14:25:19.613+0000] {subprocess.py:93} INFO - [0m14:25:19  2 of 8 START sql view model public.stg_orders .................................. [RUN]
[2026-05-22T14:25:19.645+0000] {subprocess.py:93} INFO - [0m14:25:19  2 of 8 OK created sql view model public.stg_orders ............................. [[32mCREATE VIEW[0m in 0.03s]
[2026-05-22T14:25:19.646+0000] {subprocess.py:93} INFO - [0m14:25:19  3 of 8 START sql view model public.stg_payments ................................ [RUN]
[2026-05-22T14:25:19.673+0000] {subprocess.py:93} INFO - [0m14:25:19  3 of 8 OK created sql view model public.stg_payments ........................... [[32mCREATE VIEW[0m in 0.03s]
[2026-05-22T14:25:19.674+0000] {subprocess.py:93} INFO - [0m14:25:19  4 of 8 START sql view model public.stg_products ................................ [RUN]
[2026-05-22T14:25:19.732+0000] {subprocess.py:93} INFO - [0m14:25:19  4 of 8 OK created sql view model public.stg_products ........................... [[32mCREATE VIEW[0m in 0.06s]
[2026-05-22T14:25:19.733+0000] {subprocess.py:93} INFO - [0m14:25:19  5 of 8 START sql view model public.dim_customers ............................... [RUN]
[2026-05-22T14:25:19.754+0000] {subprocess.py:93} INFO - [0m14:25:19  5 of 8 OK created sql view model public.dim_customers .......................... [[32mCREATE VIEW[0m in 0.02s]
[2026-05-22T14:25:19.755+0000] {subprocess.py:93} INFO - [0m14:25:19  6 of 8 START sql view model public.dim_products ................................ [RUN]
[2026-05-22T14:25:19.776+0000] {subprocess.py:93} INFO - [0m14:25:19  6 of 8 OK created sql view model public.dim_products ........................... [[32mCREATE VIEW[0m in 0.02s]
[2026-05-22T14:25:19.777+0000] {subprocess.py:93} INFO - [0m14:25:19  7 of 8 START sql view model public.fct_orders .................................. [RUN]
[2026-05-22T14:25:19.801+0000] {subprocess.py:93} INFO - [0m14:25:19  7 of 8 OK created sql view model public.fct_orders ............................. [[32mCREATE VIEW[0m in 0.02s]
[2026-05-22T14:25:19.802+0000] {subprocess.py:93} INFO - [0m14:25:19  8 of 8 START sql view model public.kpi_sales_summary ........................... [RUN]
[2026-05-22T14:25:19.824+0000] {subprocess.py:93} INFO - [0m14:25:19  8 of 8 OK created sql view model public.kpi_sales_summary ...................... [[32mCREATE VIEW[0m in 0.02s]
[2026-05-22T14:25:19.830+0000] {subprocess.py:93} INFO - [0m14:25:19
[2026-05-22T14:25:19.830+0000] {subprocess.py:93} INFO - [0m14:25:19  Finished running 8 view models in 0 hours 0 minutes and 0.37 seconds (0.37s).
[2026-05-22T14:25:19.857+0000] {subprocess.py:93} INFO - [0m14:25:19
[2026-05-22T14:25:19.858+0000] {subprocess.py:93} INFO - [0m14:25:19  [32mCompleted successfully[0m
[2026-05-22T14:25:19.858+0000] {subprocess.py:93} INFO - [0m14:25:19
[2026-05-22T14:25:19.858+0000] {subprocess.py:93} INFO - [0m14:25:19  Done. PASS=8 WARN=0 ERROR=0 SKIP=0 TOTAL=8
[2026-05-22T14:25:21.214+0000] {subprocess.py:97} INFO - Command exited with return code 0
[2026-05-22T14:25:21.317+0000] {taskinstance.py:1138} INFO - Marking task as SUCCESS. dag_id=warehouse_pipeline, task_id=run_dbt_models, execution_date=20260522T142515, start_date=20260522T142518, end_date=20260522T142521
[2026-05-22T14:25:21.342+0000] {local_task_job_runner.py:234} INFO - Task exited with return code 0
[2026-05-22T14:25:21.354+0000] {taskinstance.py:3280} INFO - 1 downstream tasks scheduled from follow-on schedule check
