[0m15:07:47.442118 [debug] [MainThread]: Sending event: {'category': 'dbt', 'action': 'invocation', 'label': 'start', 'context': [<snowplow_tracker.self_describing_json.SelfDescribingJson object at 0x7fadd9f7b7f0>, <snowplow_tracker.self_describing_json.SelfDescribingJson object at 0x7faddbf1f460>, <snowplow_tracker.self_describing_json.SelfDescribingJson object at 0x7faddbf1ff70>]}


============================== 15:07:47.445781 | dda27c81-c84c-47a6-abbf-8093ecf51c6e ==============================
[0m15:07:47.445781 [info ] [MainThread]: Running with dbt=1.7.9
[0m15:07:47.446271 [debug] [MainThread]: running dbt with arguments {'printer_width': '80', 'indirect_selection': 'eager', 'write_json': 'True', 'log_cache_events': 'False', 'partial_parse': 'True', 'cache_selected_only': 'False', 'warn_error': 'None', 'fail_fast': 'False', 'version_check': 'True', 'log_path': 'logs', 'debug': 'False', 'profiles_dir': '/Users/keshavlnsingh/.dbt', 'use_colors': 'True', 'use_experimental_parser': 'False', 'no_print': 'None', 'quiet': 'False', 'warn_error_options': 'WarnErrorOptions(include=[], exclude=[])', 'invocation_command': 'dbt init ecommerce_warehouse', 'introspect': 'True', 'static_parser': 'True', 'target_path': 'None', 'log_format': 'default', 'send_anonymous_usage_stats': 'True'}
[0m15:07:47.446846 [warn ] [MainThread]: [ConfigFolderDirectory]: Unable to parse dict {'dir': PosixPath('/Users/keshavlnsingh/.dbt')}
[0m15:07:47.447124 [info ] [MainThread]: Creating dbt configuration folder at 
[0m15:07:47.448025 [debug] [MainThread]: Starter project path: /Users/keshavlnsingh/opt/anaconda3/lib/python3.8/site-packages/dbt/include/starter_project
[0m15:07:47.451342 [info ] [MainThread]: 
Your new dbt project "ecommerce_warehouse" was created!

For more information on how to configure the profiles.yml file,
please consult the dbt documentation here:

  https://docs.getdbt.com/docs/configure-your-profile

One more thing:

Need help? Don't hesitate to reach out to us via GitHub issues or on Slack:

  https://community.getdbt.com/

Happy modeling!

[0m15:07:47.451681 [info ] [MainThread]: Setting up your profile.
[0m15:10:00.956025 [info ] [MainThread]: Profile ecommerce_warehouse written to /Users/keshavlnsingh/.dbt/profiles.yml using target's profile_template.yml and your supplied values. Run 'dbt debug' to validate the connection.
[0m15:10:00.963172 [debug] [MainThread]: Resource report: {"command_name": "init", "command_success": true, "command_wall_clock_time": 133.55936, "process_user_time": 2.259156, "process_kernel_time": 0.164134, "process_mem_max_rss": "141733888", "process_in_blocks": "0", "process_out_blocks": "0"}
[0m15:10:00.965046 [debug] [MainThread]: Command `dbt init` succeeded at 15:10:00.964286 after 133.56 seconds
[0m15:10:00.966243 [debug] [MainThread]: Sending event: {'category': 'dbt', 'action': 'invocation', 'label': 'end', 'context': [<snowplow_tracker.self_describing_json.SelfDescribingJson object at 0x7fadd9f7b7f0>, <snowplow_tracker.self_describing_json.SelfDescribingJson object at 0x7faddbfe5880>, <snowplow_tracker.self_describing_json.SelfDescribingJson object at 0x7faddbf5edc0>]}
[0m15:10:00.967449 [debug] [MainThread]: Flushing usage events
[0m15:10:54.824842 [debug] [MainThread]: Sending event: {'category': 'dbt', 'action': 'invocation', 'label': 'start', 'context': [<snowplow_tracker.self_describing_json.SelfDescribingJson object at 0x7f84910b7850>, <snowplow_tracker.self_describing_json.SelfDescribingJson object at 0x7f84927b4520>, <snowplow_tracker.self_describing_json.SelfDescribingJson object at 0x7f84927eb850>]}


============================== 15:10:54.828629 | 856ed0cd-3e00-4553-8655-54a90d556f95 ==============================
[0m15:10:54.828629 [info ] [MainThread]: Running with dbt=1.7.9
[0m15:10:54.829135 [debug] [MainThread]: running dbt with arguments {'printer_width': '80', 'indirect_selection': 'eager', 'log_cache_events': 'False', 'write_json': 'True', 'partial_parse': 'True', 'cache_selected_only': 'False', 'profiles_dir': '/Users/keshavlnsingh/.dbt', 'fail_fast': 'False', 'debug': 'False', 'log_path': 'logs', 'warn_error': 'None', 'version_check': 'True', 'use_colors': 'True', 'use_experimental_parser': 'False', 'no_print': 'None', 'quiet': 'False', 'warn_error_options': 'WarnErrorOptions(include=[], exclude=[])', 'static_parser': 'True', 'introspect': 'True', 'invocation_command': 'dbt debug', 'target_path': 'None', 'log_format': 'default', 'send_anonymous_usage_stats': 'True'}
[0m15:10:54.829768 [info ] [MainThread]: dbt version: 1.7.9
[0m15:10:54.830035 [info ] [MainThread]: python version: 3.8.8
[0m15:10:54.830397 [info ] [MainThread]: python path: /Users/keshavlnsingh/opt/anaconda3/bin/python
[0m15:10:54.830644 [info ] [MainThread]: os info: macOS-10.16-x86_64-i386-64bit
[0m15:10:54.936249 [info ] [MainThread]: Using profiles dir at /Users/keshavlnsingh/.dbt
[0m15:10:54.936692 [info ] [MainThread]: Using profiles.yml file at /Users/keshavlnsingh/.dbt/profiles.yml
[0m15:10:54.936982 [info ] [MainThread]: Using dbt_project.yml file at /Users/keshavlnsingh/Desktop/Priyanka/data-engineering-projects/project-6-analytics-warehouse/dbt/dbt_project.yml
[0m15:10:54.937520 [info ] [MainThread]: adapter type: postgres
[0m15:10:54.937777 [info ] [MainThread]: adapter version: 1.7.9
[0m15:10:54.938032 [info ] [MainThread]: Configuration:
[0m15:10:54.938278 [info ] [MainThread]:   profiles.yml file [[32mOK found and valid[0m]
[0m15:10:54.938518 [info ] [MainThread]:   dbt_project.yml file [[31mERROR not found[0m]
[0m15:10:54.938751 [info ] [MainThread]: Required dependencies:
[0m15:10:54.939050 [debug] [MainThread]: Executing "git --help"
[0m15:10:56.606990 [debug] [MainThread]: STDOUT: "b"usage: git [-v | --version] [-h | --help] [-C <path>] [-c <name>=<value>]\n           [--exec-path[=<path>]] [--html-path] [--man-path] [--info-path]\n           [-p | --paginate | -P | --no-pager] [--no-replace-objects] [--bare]\n           [--git-dir=<path>] [--work-tree=<path>] [--namespace=<name>]\n           [--super-prefix=<path>] [--config-env=<name>=<envvar>]\n           <command> [<args>]\n\nThese are common Git commands used in various situations:\n\nstart a working area (see also: git help tutorial)\n   clone     Clone a repository into a new directory\n   init      Create an empty Git repository or reinitialize an existing one\n\nwork on the current change (see also: git help everyday)\n   add       Add file contents to the index\n   mv        Move or rename a file, a directory, or a symlink\n   restore   Restore working tree files\n   rm        Remove files from the working tree and from the index\n\nexamine the history and state (see also: git help revisions)\n   bisect    Use binary search to find the commit that introduced a bug\n   diff      Show changes between commits, commit and working tree, etc\n   grep      Print lines matching a pattern\n   log       Show commit logs\n   show      Show various types of objects\n   status    Show the working tree status\n\ngrow, mark and tweak your common history\n   branch    List, create, or delete branches\n   commit    Record changes to the repository\n   merge     Join two or more development histories together\n   rebase    Reapply commits on top of another base tip\n   reset     Reset current HEAD to the specified state\n   switch    Switch branches\n   tag       Create, list, delete or verify a tag object signed with GPG\n\ncollaborate (see also: git help workflows)\n   fetch     Download objects and refs from another repository\n   pull      Fetch from and integrate with another repository or a local branch\n   push      Update remote refs along with associated objects\n\n'git help -a' and 'git help -g' list available subcommands and some\nconcept guides. See 'git help <command>' or 'git help <concept>'\nto read about a specific subcommand or concept.\nSee 'git help git' for an overview of the system.\n""
[0m15:10:56.607788 [debug] [MainThread]: STDERR: "b''"
[0m15:10:56.608106 [info ] [MainThread]:  - git [[32mOK found[0m]

[0m15:10:56.608387 [info ] [MainThread]: Connection:
[0m15:10:56.608708 [info ] [MainThread]:   host: localhost
[0m15:10:56.608967 [info ] [MainThread]:   port: 5436
[0m15:10:56.609205 [info ] [MainThread]:   user: airflow
[0m15:10:56.609438 [info ] [MainThread]:   database: airflow_db
[0m15:10:56.609674 [info ] [MainThread]:   schema: public
[0m15:10:56.609908 [info ] [MainThread]:   connect_timeout: 10
[0m15:10:56.610145 [info ] [MainThread]:   role: None
[0m15:10:56.610376 [info ] [MainThread]:   search_path: None
[0m15:10:56.610611 [info ] [MainThread]:   keepalives_idle: 0
[0m15:10:56.610839 [info ] [MainThread]:   sslmode: None
[0m15:10:56.611071 [info ] [MainThread]:   sslcert: None
[0m15:10:56.611299 [info ] [MainThread]:   sslkey: None
[0m15:10:56.611534 [info ] [MainThread]:   sslrootcert: None
[0m15:10:56.611764 [info ] [MainThread]:   application_name: dbt
[0m15:10:56.611996 [info ] [MainThread]:   retries: 1
[0m15:10:56.612424 [info ] [MainThread]: Registered adapter: postgres=1.7.9
[0m15:10:57.582812 [debug] [MainThread]: Acquiring new postgres connection 'debug'
[0m15:10:57.583580 [debug] [MainThread]: Using postgres connection "debug"
[0m15:10:57.583868 [debug] [MainThread]: On debug: select 1 as id
[0m15:10:57.584135 [debug] [MainThread]: Opening a new connection, currently in state init
[0m15:10:57.588295 [debug] [MainThread]: Postgres adapter: Got a retryable error when attempting to open a postgres connection.
1 attempts remaining. Retrying in 0 seconds.
Error:
connection to server at "localhost" (::1), port 5436 failed: Connection refused
	Is the server running on that host and accepting TCP/IP connections?
connection to server at "localhost" (127.0.0.1), port 5436 failed: Connection refused
	Is the server running on that host and accepting TCP/IP connections?

[0m15:10:57.589216 [debug] [MainThread]: Postgres adapter: Error running SQL: select 1 as id
[0m15:10:57.589486 [debug] [MainThread]: Postgres adapter: Rolling back transaction.
[0m15:10:57.589764 [debug] [MainThread]: On debug: No close available on handle
[0m15:10:57.590097 [info ] [MainThread]:   Connection test: [[31mERROR[0m]

[0m15:10:57.590428 [info ] [MainThread]: [31m2 checks failed:[0m
[0m15:10:57.590694 [info ] [MainThread]: Project loading failed for the following reason:
 project path </Users/keshavlnsingh/Desktop/Priyanka/data-engineering-projects/project-6-analytics-warehouse/dbt/dbt_project.yml> not found

[0m15:10:57.590976 [info ] [MainThread]: dbt was unable to connect to the specified database.
The database returned the following error:

  >Database Error
  connection to server at "localhost" (::1), port 5436 failed: Connection refused
  	Is the server running on that host and accepting TCP/IP connections?
  connection to server at "localhost" (127.0.0.1), port 5436 failed: Connection refused
  	Is the server running on that host and accepting TCP/IP connections?
  

Check your database credentials and try again. For more information, visit:
https://docs.getdbt.com/docs/configure-your-profile


[0m15:10:57.593239 [debug] [MainThread]: Resource report: {"command_name": "debug", "command_wall_clock_time": 2.8304317, "process_user_time": 2.31468, "process_kernel_time": 0.181016, "process_mem_max_rss": "143716352", "command_success": false, "process_in_blocks": "0", "process_out_blocks": "0"}
[0m15:10:57.593785 [debug] [MainThread]: Command `dbt debug` failed at 15:10:57.593539 after 2.83 seconds
[0m15:10:57.594148 [debug] [MainThread]: Connection 'debug' was properly closed.
[0m15:10:57.594490 [debug] [MainThread]: Sending event: {'category': 'dbt', 'action': 'invocation', 'label': 'end', 'context': [<snowplow_tracker.self_describing_json.SelfDescribingJson object at 0x7f84910b7850>, <snowplow_tracker.self_describing_json.SelfDescribingJson object at 0x7f8492867a30>, <snowplow_tracker.self_describing_json.SelfDescribingJson object at 0x7f84a1a47a00>]}
[0m15:10:57.594885 [debug] [MainThread]: Flushing usage events
