[0m14:34:06.907981 [debug] [MainThread]: Sending event: {'category': 'dbt', 'action': 'invocation', 'label': 'start', 'context': [<snowplow_tracker.self_describing_json.SelfDescribingJson object at 0xffff81406a90>, <snowplow_tracker.self_describing_json.SelfDescribingJson object at 0xffff8233e8e0>, <snowplow_tracker.self_describing_json.SelfDescribingJson object at 0xffff7ffcf940>]}


============================== 14:34:06.911801 | 25816d2c-c9fa-402f-8498-45fac60cadd8 ==============================
[0m14:34:06.911801 [info ] [MainThread]: Running with dbt=1.8.7
[0m14:34:06.912270 [debug] [MainThread]: running dbt with arguments {'printer_width': '80', 'indirect_selection': 'eager', 'write_json': 'True', 'log_cache_events': 'False', 'partial_parse': 'True', 'cache_selected_only': 'False', 'profiles_dir': '/opt/airflow/dbt_profiles', 'debug': 'False', 'warn_error': 'None', 'log_path': 'logs', 'version_check': 'True', 'fail_fast': 'False', 'use_colors': 'True', 'use_experimental_parser': 'False', 'empty': 'False', 'quiet': 'False', 'no_print': 'None', 'warn_error_options': 'WarnErrorOptions(include=[], exclude=[])', 'introspect': 'True', 'static_parser': 'True', 'invocation_command': 'dbt run --profiles-dir /opt/airflow/dbt_profiles', 'target_path': 'None', 'log_format': 'default', 'send_anonymous_usage_stats': 'True'}
[0m14:34:06.912741 [error] [MainThread]: Encountered an error:
Runtime Error
  No dbt_project.yml found at expected path /opt/airflow/dbt_project.yml
  Verify that each entry within packages.yml (and their transitive dependencies) contains a file named dbt_project.yml
  
[0m14:34:06.913525 [debug] [MainThread]: Resource report: {"command_name": "run", "command_wall_clock_time": 0.033134, "process_user_time": 0.672771, "process_kernel_time": 0.073974, "process_mem_max_rss": "87724", "process_out_blocks": "3", "command_success": false, "process_in_blocks": "0"}
[0m14:34:06.913941 [debug] [MainThread]: Command `dbt run` failed at 14:34:06.913867 after 0.03 seconds
[0m14:34:06.914248 [debug] [MainThread]: Sending event: {'category': 'dbt', 'action': 'invocation', 'label': 'end', 'context': [<snowplow_tracker.self_describing_json.SelfDescribingJson object at 0xffff81406a90>, <snowplow_tracker.self_describing_json.SelfDescribingJson object at 0xffff8116a5b0>, <snowplow_tracker.self_describing_json.SelfDescribingJson object at 0xffff7f8c6dc0>]}
[0m14:34:06.914554 [debug] [MainThread]: Flushing usage events
[0m14:34:08.711496 [debug] [MainThread]: Sending event: {'category': 'dbt', 'action': 'invocation', 'label': 'start', 'context': [<snowplow_tracker.self_describing_json.SelfDescribingJson object at 0xffffbb82ba00>, <snowplow_tracker.self_describing_json.SelfDescribingJson object at 0xffffbcaba9a0>, <snowplow_tracker.self_describing_json.SelfDescribingJson object at 0xffffb9ce71f0>]}


============================== 14:34:08.714950 | 49b03704-4bc8-4f9e-b119-f11673751ea2 ==============================
[0m14:34:08.714950 [info ] [MainThread]: Running with dbt=1.8.7
[0m14:34:08.715408 [debug] [MainThread]: running dbt with arguments {'printer_width': '80', 'indirect_selection': 'eager', 'log_cache_events': 'False', 'write_json': 'True', 'partial_parse': 'True', 'cache_selected_only': 'False', 'profiles_dir': '/opt/airflow/dbt_profiles', 'fail_fast': 'False', 'warn_error': 'None', 'log_path': 'logs', 'version_check': 'True', 'debug': 'False', 'use_colors': 'True', 'use_experimental_parser': 'False', 'empty': 'None', 'quiet': 'False', 'no_print': 'None', 'log_format': 'default', 'static_parser': 'True', 'warn_error_options': 'WarnErrorOptions(include=[], exclude=[])', 'invocation_command': 'dbt test --profiles-dir /opt/airflow/dbt_profiles', 'target_path': 'None', 'introspect': 'True', 'send_anonymous_usage_stats': 'True'}
[0m14:34:08.715794 [error] [MainThread]: Encountered an error:
Runtime Error
  No dbt_project.yml found at expected path /opt/airflow/dbt_project.yml
  Verify that each entry within packages.yml (and their transitive dependencies) contains a file named dbt_project.yml
  
[0m14:34:08.716401 [debug] [MainThread]: Resource report: {"command_name": "test", "command_wall_clock_time": 0.03211229, "process_user_time": 0.655016, "process_kernel_time": 0.038, "process_mem_max_rss": "87720", "process_out_blocks": "3", "command_success": false, "process_in_blocks": "0"}
[0m14:34:08.716815 [debug] [MainThread]: Command `dbt test` failed at 14:34:08.716754 after 0.03 seconds
[0m14:34:08.717078 [debug] [MainThread]: Sending event: {'category': 'dbt', 'action': 'invocation', 'label': 'end', 'context': [<snowplow_tracker.self_describing_json.SelfDescribingJson object at 0xffffbb82ba00>, <snowplow_tracker.self_describing_json.SelfDescribingJson object at 0xffffbafc3c10>, <snowplow_tracker.self_describing_json.SelfDescribingJson object at 0xffffb9cfa460>]}
[0m14:34:08.717321 [debug] [MainThread]: Flushing usage events
