[2026-05-25T10:55:26.174+0000] {taskinstance.py:1956} INFO - Dependencies all met for dep_context=non-requeueable deps ti=<TaskInstance: warehouse_pipeline.run_dbt_models manual__2026-05-25T10:55:25.063727+00:00 [queued]>
[2026-05-25T10:55:26.178+0000] {taskinstance.py:1956} INFO - Dependencies all met for dep_context=requeueable deps ti=<TaskInstance: warehouse_pipeline.run_dbt_models manual__2026-05-25T10:55:25.063727+00:00 [queued]>
[2026-05-25T10:55:26.178+0000] {taskinstance.py:2170} INFO - Starting attempt 1 of 1
[2026-05-25T10:55:26.184+0000] {taskinstance.py:2191} INFO - Executing <Task(BashOperator): run_dbt_models> on 2026-05-25 10:55:25.063727+00:00
[2026-05-25T10:55:26.186+0000] {standard_task_runner.py:60} INFO - Started process 273 to run task
[2026-05-25T10:55:26.188+0000] {standard_task_runner.py:87} INFO - Running: ['***', 'tasks', 'run', 'warehouse_pipeline', 'run_dbt_models', 'manual__2026-05-25T10:55:25.063727+00:00', '--job-id', '86', '--raw', '--subdir', 'DAGS_FOLDER/warehouse_pipeline.py', '--cfg-path', '/tmp/tmpdv7w0brm']
[2026-05-25T10:55:26.189+0000] {standard_task_runner.py:88} INFO - Job 86: Subtask run_dbt_models
[2026-05-25T10:55:26.210+0000] {task_command.py:423} INFO - Running <TaskInstance: warehouse_pipeline.run_dbt_models manual__2026-05-25T10:55:25.063727+00:00 [running]> on host 3739338474e2
[2026-05-25T10:55:26.245+0000] {taskinstance.py:2480} INFO - Exporting env vars: AIRFLOW_CTX_DAG_OWNER='Priyanka' AIRFLOW_CTX_DAG_ID='warehouse_pipeline' AIRFLOW_CTX_TASK_ID='run_dbt_models' AIRFLOW_CTX_EXECUTION_DATE='2026-05-25T10:55:25.063727+00:00' AIRFLOW_CTX_TRY_NUMBER='1' AIRFLOW_CTX_DAG_RUN_ID='manual__2026-05-25T10:55:25.063727+00:00'
[2026-05-25T10:55:26.246+0000] {subprocess.py:63} INFO - Tmp dir root location: /tmp
[2026-05-25T10:55:26.247+0000] {subprocess.py:75} INFO - Running command: ['/usr/bin/bash', '-c', '\n        pip install --user dbt-core dbt-postgres\n        export PATH=$PATH:/home/***/.local/bin\n        cd /opt/***/dbt/ecommerce_warehouse\n        dbt run --profiles-dir /opt/***/dbt_profiles\n        ']
[2026-05-25T10:55:26.251+0000] {subprocess.py:86} INFO - Output:
[2026-05-25T10:55:26.484+0000] {subprocess.py:93} INFO - Requirement already satisfied: dbt-core in /home/***/.local/lib/python3.8/site-packages (1.7.9)
[2026-05-25T10:55:26.485+0000] {subprocess.py:93} INFO - Requirement already satisfied: dbt-postgres in /home/***/.local/lib/python3.8/site-packages (1.7.9)
[2026-05-25T10:55:26.494+0000] {subprocess.py:93} INFO - Requirement already satisfied: agate~=1.7.0 in /home/***/.local/lib/python3.8/site-packages (from dbt-core) (1.7.1)
[2026-05-25T10:55:26.494+0000] {subprocess.py:93} INFO - Requirement already satisfied: Jinja2<4,>=3.1.3 in /home/***/.local/lib/python3.8/site-packages (from dbt-core) (3.1.3)
[2026-05-25T10:55:26.495+0000] {subprocess.py:93} INFO - Requirement already satisfied: mashumaro~=3.9 in /home/***/.local/lib/python3.8/site-packages (from mashumaro[msgpack]~=3.9->dbt-core) (3.14)
[2026-05-25T10:55:26.495+0000] {subprocess.py:93} INFO - Requirement already satisfied: logbook<1.6,>=1.5 in /home/***/.local/lib/python3.8/site-packages (from dbt-core) (1.5.3)
[2026-05-25T10:55:26.496+0000] {subprocess.py:93} INFO - Requirement already satisfied: click<9,>=8.0.2 in /home/***/.local/lib/python3.8/site-packages (from dbt-core) (8.1.7)
[2026-05-25T10:55:26.497+0000] {subprocess.py:93} INFO - Requirement already satisfied: networkx<4,>=2.3 in /home/***/.local/lib/python3.8/site-packages (from dbt-core) (3.1)
[2026-05-25T10:55:26.497+0000] {subprocess.py:93} INFO - Requirement already satisfied: colorama<0.5,>=0.3.9 in /home/***/.local/lib/python3.8/site-packages (from dbt-core) (0.4.6)
[2026-05-25T10:55:26.497+0000] {subprocess.py:93} INFO - Requirement already satisfied: pathspec<0.12,>=0.9 in /home/***/.local/lib/python3.8/site-packages (from dbt-core) (0.11.2)
[2026-05-25T10:55:26.497+0000] {subprocess.py:93} INFO - Requirement already satisfied: isodate<0.7,>=0.6 in /home/***/.local/lib/python3.8/site-packages (from dbt-core) (0.6.1)
[2026-05-25T10:55:26.498+0000] {subprocess.py:93} INFO - Requirement already satisfied: sqlparse<0.5,>=0.2.3 in /home/***/.local/lib/python3.8/site-packages (from dbt-core) (0.4.4)
[2026-05-25T10:55:26.498+0000] {subprocess.py:93} INFO - Requirement already satisfied: dbt-extractor~=0.5.0 in /home/***/.local/lib/python3.8/site-packages (from dbt-core) (0.5.1)
[2026-05-25T10:55:26.498+0000] {subprocess.py:93} INFO - Requirement already satisfied: minimal-snowplow-tracker~=0.0.2 in /home/***/.local/lib/python3.8/site-packages (from dbt-core) (0.0.2)
[2026-05-25T10:55:26.499+0000] {subprocess.py:93} INFO - Requirement already satisfied: dbt-semantic-interfaces~=0.4.2 in /home/***/.local/lib/python3.8/site-packages (from dbt-core) (0.4.4)
[2026-05-25T10:55:26.499+0000] {subprocess.py:93} INFO - Requirement already satisfied: jsonschema>=3.0 in /home/***/.local/lib/python3.8/site-packages (from dbt-core) (4.20.0)
[2026-05-25T10:55:26.499+0000] {subprocess.py:93} INFO - Requirement already satisfied: packaging>20.9 in /home/***/.local/lib/python3.8/site-packages (from dbt-core) (23.2)
[2026-05-25T10:55:26.500+0000] {subprocess.py:93} INFO - Requirement already satisfied: protobuf>=4.0.0 in /home/***/.local/lib/python3.8/site-packages (from dbt-core) (4.25.2)
[2026-05-25T10:55:26.500+0000] {subprocess.py:93} INFO - Requirement already satisfied: pytz>=2015.7 in /home/***/.local/lib/python3.8/site-packages (from dbt-core) (2023.3.post1)
[2026-05-25T10:55:26.500+0000] {subprocess.py:93} INFO - Requirement already satisfied: pyyaml>=6.0 in /home/***/.local/lib/python3.8/site-packages (from dbt-core) (6.0.1)
[2026-05-25T10:55:26.501+0000] {subprocess.py:93} INFO - Requirement already satisfied: typing-extensions>=3.7.4 in /home/***/.local/lib/python3.8/site-packages (from dbt-core) (4.9.0)
[2026-05-25T10:55:26.501+0000] {subprocess.py:93} INFO - Requirement already satisfied: cffi<2.0.0,>=1.9 in /home/***/.local/lib/python3.8/site-packages (from dbt-core) (1.16.0)
[2026-05-25T10:55:26.501+0000] {subprocess.py:93} INFO - Requirement already satisfied: idna<4,>=2.5 in /home/***/.local/lib/python3.8/site-packages (from dbt-core) (3.6)
[2026-05-25T10:55:26.501+0000] {subprocess.py:93} INFO - Requirement already satisfied: requests<3.0.0 in /home/***/.local/lib/python3.8/site-packages (from dbt-core) (2.31.0)
[2026-05-25T10:55:26.502+0000] {subprocess.py:93} INFO - Requirement already satisfied: urllib3~=1.0 in /home/***/.local/lib/python3.8/site-packages (from dbt-core) (1.26.18)
[2026-05-25T10:55:26.503+0000] {subprocess.py:93} INFO - Requirement already satisfied: psycopg2-binary~=2.8 in /home/***/.local/lib/python3.8/site-packages (from dbt-postgres) (2.9.9)
[2026-05-25T10:55:26.510+0000] {subprocess.py:93} INFO - Requirement already satisfied: Babel>=2.0 in /home/***/.local/lib/python3.8/site-packages (from agate~=1.7.0->dbt-core) (2.14.0)
[2026-05-25T10:55:26.510+0000] {subprocess.py:93} INFO - Requirement already satisfied: leather>=0.3.2 in /home/***/.local/lib/python3.8/site-packages (from agate~=1.7.0->dbt-core) (0.4.1)
[2026-05-25T10:55:26.510+0000] {subprocess.py:93} INFO - Requirement already satisfied: parsedatetime!=2.5,>=2.1 in /home/***/.local/lib/python3.8/site-packages (from agate~=1.7.0->dbt-core) (2.6)
[2026-05-25T10:55:26.511+0000] {subprocess.py:93} INFO - Requirement already satisfied: python-slugify>=1.2.1 in /home/***/.local/lib/python3.8/site-packages (from agate~=1.7.0->dbt-core) (8.0.1)
[2026-05-25T10:55:26.511+0000] {subprocess.py:93} INFO - Requirement already satisfied: pytimeparse>=1.1.5 in /home/***/.local/lib/python3.8/site-packages (from agate~=1.7.0->dbt-core) (1.1.8)
[2026-05-25T10:55:26.512+0000] {subprocess.py:93} INFO - Requirement already satisfied: pycparser in /home/***/.local/lib/python3.8/site-packages (from cffi<2.0.0,>=1.9->dbt-core) (2.21)
[2026-05-25T10:55:26.520+0000] {subprocess.py:93} INFO - Requirement already satisfied: importlib-metadata~=6.0 in /home/***/.local/lib/python3.8/site-packages (from dbt-semantic-interfaces~=0.4.2->dbt-core) (6.11.0)
[2026-05-25T10:55:26.521+0000] {subprocess.py:93} INFO - Requirement already satisfied: more-itertools<11.0,>=8.0 in /home/***/.local/lib/python3.8/site-packages (from dbt-semantic-interfaces~=0.4.2->dbt-core) (10.5.0)
[2026-05-25T10:55:26.521+0000] {subprocess.py:93} INFO - Requirement already satisfied: pydantic<3,>=1.10 in /home/***/.local/lib/python3.8/site-packages (from dbt-semantic-interfaces~=0.4.2->dbt-core) (2.5.3)
[2026-05-25T10:55:26.522+0000] {subprocess.py:93} INFO - Requirement already satisfied: python-dateutil~=2.0 in /home/***/.local/lib/python3.8/site-packages (from dbt-semantic-interfaces~=0.4.2->dbt-core) (2.8.2)
[2026-05-25T10:55:26.525+0000] {subprocess.py:93} INFO - Requirement already satisfied: six in /home/***/.local/lib/python3.8/site-packages (from isodate<0.7,>=0.6->dbt-core) (1.16.0)
[2026-05-25T10:55:26.527+0000] {subprocess.py:93} INFO - Requirement already satisfied: MarkupSafe>=2.0 in /home/***/.local/lib/python3.8/site-packages (from Jinja2<4,>=3.1.3->dbt-core) (2.1.3)
[2026-05-25T10:55:26.539+0000] {subprocess.py:93} INFO - Requirement already satisfied: attrs>=22.2.0 in /home/***/.local/lib/python3.8/site-packages (from jsonschema>=3.0->dbt-core) (23.2.0)
[2026-05-25T10:55:26.540+0000] {subprocess.py:93} INFO - Requirement already satisfied: importlib-resources>=1.4.0 in /home/***/.local/lib/python3.8/site-packages (from jsonschema>=3.0->dbt-core) (5.13.0)
[2026-05-25T10:55:26.540+0000] {subprocess.py:93} INFO - Requirement already satisfied: jsonschema-specifications>=2023.03.6 in /home/***/.local/lib/python3.8/site-packages (from jsonschema>=3.0->dbt-core) (2023.12.1)
[2026-05-25T10:55:26.541+0000] {subprocess.py:93} INFO - Requirement already satisfied: pkgutil-resolve-name>=1.3.10 in /home/***/.local/lib/python3.8/site-packages (from jsonschema>=3.0->dbt-core) (1.3.10)
[2026-05-25T10:55:26.541+0000] {subprocess.py:93} INFO - Requirement already satisfied: referencing>=0.28.4 in /home/***/.local/lib/python3.8/site-packages (from jsonschema>=3.0->dbt-core) (0.32.1)
[2026-05-25T10:55:26.541+0000] {subprocess.py:93} INFO - Requirement already satisfied: rpds-py>=0.7.1 in /home/***/.local/lib/python3.8/site-packages (from jsonschema>=3.0->dbt-core) (0.17.1)
[2026-05-25T10:55:26.558+0000] {subprocess.py:93} INFO - Requirement already satisfied: msgpack>=0.5.6 in /home/***/.local/lib/python3.8/site-packages (from mashumaro[msgpack]~=3.9->dbt-core) (1.1.1)
[2026-05-25T10:55:26.580+0000] {subprocess.py:93} INFO - Requirement already satisfied: charset-normalizer<4,>=2 in /home/***/.local/lib/python3.8/site-packages (from requests<3.0.0->dbt-core) (3.3.2)
[2026-05-25T10:55:26.580+0000] {subprocess.py:93} INFO - Requirement already satisfied: certifi>=2017.4.17 in /home/***/.local/lib/python3.8/site-packages (from requests<3.0.0->dbt-core) (2023.11.17)
[2026-05-25T10:55:26.622+0000] {subprocess.py:93} INFO - Requirement already satisfied: zipp>=0.5 in /home/***/.local/lib/python3.8/site-packages (from importlib-metadata~=6.0->dbt-semantic-interfaces~=0.4.2->dbt-core) (3.17.0)
[2026-05-25T10:55:26.650+0000] {subprocess.py:93} INFO - Requirement already satisfied: annotated-types>=0.4.0 in /home/***/.local/lib/python3.8/site-packages (from pydantic<3,>=1.10->dbt-semantic-interfaces~=0.4.2->dbt-core) (0.6.0)
[2026-05-25T10:55:26.650+0000] {subprocess.py:93} INFO - Requirement already satisfied: pydantic-core==2.14.6 in /home/***/.local/lib/python3.8/site-packages (from pydantic<3,>=1.10->dbt-semantic-interfaces~=0.4.2->dbt-core) (2.14.6)
[2026-05-25T10:55:26.659+0000] {subprocess.py:93} INFO - Requirement already satisfied: text-unidecode>=1.3 in /home/***/.local/lib/python3.8/site-packages (from python-slugify>=1.2.1->agate~=1.7.0->dbt-core) (1.3)
[2026-05-25T10:55:27.801+0000] {subprocess.py:93} INFO - 
[2026-05-25T10:55:27.801+0000] {subprocess.py:93} INFO - [notice] A new release of pip is available: 23.3.2 -> 25.0.1
[2026-05-25T10:55:27.801+0000] {subprocess.py:93} INFO - [notice] To update, run: python -m pip install --upgrade pip
[2026-05-25T10:55:29.265+0000] {subprocess.py:93} INFO - [0m10:55:29  Running with dbt=1.7.9
[2026-05-25T10:55:29.420+0000] {subprocess.py:93} INFO - [0m10:55:29  Registered adapter: postgres=1.7.9
[2026-05-25T10:55:29.453+0000] {subprocess.py:93} INFO - [0m10:55:29  [[33mWARNING[0m]: Configuration paths exist in your dbt_project.yml file which do not apply to any resources.
[2026-05-25T10:55:29.453+0000] {subprocess.py:93} INFO - There are 1 unused configuration paths:
[2026-05-25T10:55:29.454+0000] {subprocess.py:93} INFO - - models.ecommerce_warehouse.example
[2026-05-25T10:55:29.469+0000] {subprocess.py:93} INFO - [0m10:55:29  Found 8 models, 6 tests, 0 sources, 0 exposures, 0 metrics, 401 macros, 0 groups, 0 semantic models
[2026-05-25T10:55:29.470+0000] {subprocess.py:93} INFO - [0m10:55:29
[2026-05-25T10:55:29.523+0000] {subprocess.py:93} INFO - [0m10:55:29  Concurrency: 1 threads (target='dev')
[2026-05-25T10:55:29.524+0000] {subprocess.py:93} INFO - [0m10:55:29
[2026-05-25T10:55:29.530+0000] {subprocess.py:93} INFO - [0m10:55:29  1 of 8 START sql view model public.stg_customers ............................... [RUN]
[2026-05-25T10:55:29.599+0000] {subprocess.py:93} INFO - [0m10:55:29  1 of 8 OK created sql view model public.stg_customers .......................... [[32mCREATE VIEW[0m in 0.07s]
[2026-05-25T10:55:29.600+0000] {subprocess.py:93} INFO - [0m10:55:29  2 of 8 START sql view model public.stg_orders .................................. [RUN]
[2026-05-25T10:55:29.628+0000] {subprocess.py:93} INFO - [0m10:55:29  2 of 8 OK created sql view model public.stg_orders ............................. [[32mCREATE VIEW[0m in 0.03s]
[2026-05-25T10:55:29.629+0000] {subprocess.py:93} INFO - [0m10:55:29  3 of 8 START sql view model public.stg_payments ................................ [RUN]
[2026-05-25T10:55:29.681+0000] {subprocess.py:93} INFO - [0m10:55:29  3 of 8 OK created sql view model public.stg_payments ........................... [[32mCREATE VIEW[0m in 0.05s]
[2026-05-25T10:55:29.682+0000] {subprocess.py:93} INFO - [0m10:55:29  4 of 8 START sql view model public.stg_products ................................ [RUN]
[2026-05-25T10:55:29.709+0000] {subprocess.py:93} INFO - [0m10:55:29  4 of 8 OK created sql view model public.stg_products ........................... [[32mCREATE VIEW[0m in 0.03s]
[2026-05-25T10:55:29.710+0000] {subprocess.py:93} INFO - [0m10:55:29  5 of 8 START sql view model public.dim_customers ............................... [RUN]
[2026-05-25T10:55:29.735+0000] {subprocess.py:93} INFO - [0m10:55:29  5 of 8 OK created sql view model public.dim_customers .......................... [[32mCREATE VIEW[0m in 0.02s]
[2026-05-25T10:55:29.736+0000] {subprocess.py:93} INFO - [0m10:55:29  6 of 8 START sql view model public.dim_products ................................ [RUN]
[2026-05-25T10:55:29.759+0000] {subprocess.py:93} INFO - [0m10:55:29  6 of 8 OK created sql view model public.dim_products ........................... [[32mCREATE VIEW[0m in 0.02s]
[2026-05-25T10:55:29.760+0000] {subprocess.py:93} INFO - [0m10:55:29  7 of 8 START sql view model public.fct_orders .................................. [RUN]
[2026-05-25T10:55:29.788+0000] {subprocess.py:93} INFO - [0m10:55:29  7 of 8 OK created sql view model public.fct_orders ............................. [[32mCREATE VIEW[0m in 0.03s]
[2026-05-25T10:55:29.789+0000] {subprocess.py:93} INFO - [0m10:55:29  8 of 8 START sql view model public.kpi_sales_summary ........................... [RUN]
[2026-05-25T10:55:29.816+0000] {subprocess.py:93} INFO - [0m10:55:29  8 of 8 OK created sql view model public.kpi_sales_summary ...................... [[32mCREATE VIEW[0m in 0.03s]
[2026-05-25T10:55:29.824+0000] {subprocess.py:93} INFO - [0m10:55:29
[2026-05-25T10:55:29.824+0000] {subprocess.py:93} INFO - [0m10:55:29  Finished running 8 view models in 0 hours 0 minutes and 0.35 seconds (0.35s).
[2026-05-25T10:55:29.833+0000] {subprocess.py:93} INFO - [0m10:55:29
[2026-05-25T10:55:29.834+0000] {subprocess.py:93} INFO - [0m10:55:29  [32mCompleted successfully[0m
[2026-05-25T10:55:29.834+0000] {subprocess.py:93} INFO - [0m10:55:29
[2026-05-25T10:55:29.834+0000] {subprocess.py:93} INFO - [0m10:55:29  Done. PASS=8 WARN=0 ERROR=0 SKIP=0 TOTAL=8
[2026-05-25T10:55:31.189+0000] {subprocess.py:97} INFO - Command exited with return code 0
[2026-05-25T10:55:31.204+0000] {taskinstance.py:1138} INFO - Marking task as SUCCESS. dag_id=warehouse_pipeline, task_id=run_dbt_models, execution_date=20260525T105525, start_date=20260525T105526, end_date=20260525T105531
[2026-05-25T10:55:31.214+0000] {local_task_job_runner.py:234} INFO - Task exited with return code 0
[2026-05-25T10:55:31.226+0000] {taskinstance.py:3280} INFO - 1 downstream tasks scheduled from follow-on schedule check
