[2026-05-22T15:21:56.247+0000] {taskinstance.py:1956} INFO - Dependencies all met for dep_context=non-requeueable deps ti=<TaskInstance: warehouse_pipeline.load_raw_data manual__2026-05-22T15:21:55.376803+00:00 [queued]>
[2026-05-22T15:21:56.250+0000] {taskinstance.py:1956} INFO - Dependencies all met for dep_context=requeueable deps ti=<TaskInstance: warehouse_pipeline.load_raw_data manual__2026-05-22T15:21:55.376803+00:00 [queued]>
[2026-05-22T15:21:56.251+0000] {taskinstance.py:2170} INFO - Starting attempt 1 of 1
[2026-05-22T15:21:56.256+0000] {taskinstance.py:2191} INFO - Executing <Task(BashOperator): load_raw_data> on 2026-05-22 15:21:55.376803+00:00
[2026-05-22T15:21:56.258+0000] {standard_task_runner.py:60} INFO - Started process 288 to run task
[2026-05-22T15:21:56.260+0000] {standard_task_runner.py:87} INFO - Running: ['***', 'tasks', 'run', 'warehouse_pipeline', 'load_raw_data', 'manual__2026-05-22T15:21:55.376803+00:00', '--job-id', '5', '--raw', '--subdir', 'DAGS_FOLDER/warehouse_pipeline.py', '--cfg-path', '/tmp/tmpwk1ayxbq']
[2026-05-22T15:21:56.262+0000] {standard_task_runner.py:88} INFO - Job 5: Subtask load_raw_data
[2026-05-22T15:21:56.293+0000] {task_command.py:423} INFO - Running <TaskInstance: warehouse_pipeline.load_raw_data manual__2026-05-22T15:21:55.376803+00:00 [running]> on host ddd49e0ec5cd
[2026-05-22T15:21:56.328+0000] {taskinstance.py:2480} INFO - Exporting env vars: AIRFLOW_CTX_DAG_OWNER='Priyanka' AIRFLOW_CTX_DAG_ID='warehouse_pipeline' AIRFLOW_CTX_TASK_ID='load_raw_data' AIRFLOW_CTX_EXECUTION_DATE='2026-05-22T15:21:55.376803+00:00' AIRFLOW_CTX_TRY_NUMBER='1' AIRFLOW_CTX_DAG_RUN_ID='manual__2026-05-22T15:21:55.376803+00:00'
[2026-05-22T15:21:56.329+0000] {subprocess.py:63} INFO - Tmp dir root location: /tmp
[2026-05-22T15:21:56.329+0000] {subprocess.py:75} INFO - Running command: ['/usr/bin/bash', '-c', 'cd /opt/*** && python scripts/load_raw_data.py']
[2026-05-22T15:21:56.334+0000] {subprocess.py:86} INFO - Output:
[2026-05-22T15:21:56.686+0000] {subprocess.py:93} INFO - Traceback (most recent call last):
[2026-05-22T15:21:56.687+0000] {subprocess.py:93} INFO -   File "/home/***/.local/lib/python3.8/site-packages/sqlalchemy/engine/base.py", line 1890, in _execute_context
[2026-05-22T15:21:56.687+0000] {subprocess.py:93} INFO -     self.dialect.do_executemany(
[2026-05-22T15:21:56.687+0000] {subprocess.py:93} INFO -   File "/home/***/.local/lib/python3.8/site-packages/sqlalchemy/dialects/postgresql/psycopg2.py", line 982, in do_executemany
[2026-05-22T15:21:56.687+0000] {subprocess.py:93} INFO -     context._psycopg2_fetched_rows = xtras.execute_values(
[2026-05-22T15:21:56.687+0000] {subprocess.py:93} INFO -   File "/home/***/.local/lib/python3.8/site-packages/psycopg2/extras.py", line 1299, in execute_values
[2026-05-22T15:21:56.688+0000] {subprocess.py:93} INFO -     cur.execute(b''.join(parts))
[2026-05-22T15:21:56.688+0000] {subprocess.py:93} INFO - psycopg2.errors.UndefinedColumn: column "country " of relation "raw_customers" does not exist
[2026-05-22T15:21:56.688+0000] {subprocess.py:93} INFO - LINE 1: ...(customer_id, first_name, last_name, email, city, "country "...
[2026-05-22T15:21:56.688+0000] {subprocess.py:93} INFO -                                                              ^
[2026-05-22T15:21:56.688+0000] {subprocess.py:93} INFO - 
[2026-05-22T15:21:56.688+0000] {subprocess.py:93} INFO - 
[2026-05-22T15:21:56.688+0000] {subprocess.py:93} INFO - The above exception was the direct cause of the following exception:
[2026-05-22T15:21:56.688+0000] {subprocess.py:93} INFO - 
[2026-05-22T15:21:56.688+0000] {subprocess.py:93} INFO - Traceback (most recent call last):
[2026-05-22T15:21:56.688+0000] {subprocess.py:93} INFO -   File "scripts/load_raw_data.py", line 17, in <module>
[2026-05-22T15:21:56.689+0000] {subprocess.py:93} INFO -     customers.to_sql("raw_customers", engine, if_exists="append", index=False)
[2026-05-22T15:21:56.689+0000] {subprocess.py:93} INFO -   File "/home/***/.local/lib/python3.8/site-packages/pandas/core/generic.py", line 2878, in to_sql
[2026-05-22T15:21:56.689+0000] {subprocess.py:93} INFO -     return sql.to_sql(
[2026-05-22T15:21:56.689+0000] {subprocess.py:93} INFO -   File "/home/***/.local/lib/python3.8/site-packages/pandas/io/sql.py", line 769, in to_sql
[2026-05-22T15:21:56.689+0000] {subprocess.py:93} INFO -     return pandas_sql.to_sql(
[2026-05-22T15:21:56.689+0000] {subprocess.py:93} INFO -   File "/home/***/.local/lib/python3.8/site-packages/pandas/io/sql.py", line 1920, in to_sql
[2026-05-22T15:21:56.689+0000] {subprocess.py:93} INFO -     total_inserted = sql_engine.insert_records(
[2026-05-22T15:21:56.690+0000] {subprocess.py:93} INFO -   File "/home/***/.local/lib/python3.8/site-packages/pandas/io/sql.py", line 1470, in insert_records
[2026-05-22T15:21:56.690+0000] {subprocess.py:93} INFO -     raise err
[2026-05-22T15:21:56.690+0000] {subprocess.py:93} INFO -   File "/home/***/.local/lib/python3.8/site-packages/pandas/io/sql.py", line 1461, in insert_records
[2026-05-22T15:21:56.690+0000] {subprocess.py:93} INFO -     return table.insert(chunksize=chunksize, method=method)
[2026-05-22T15:21:56.690+0000] {subprocess.py:93} INFO -   File "/home/***/.local/lib/python3.8/site-packages/pandas/io/sql.py", line 1023, in insert
[2026-05-22T15:21:56.690+0000] {subprocess.py:93} INFO -     num_inserted = exec_insert(conn, keys, chunk_iter)
[2026-05-22T15:21:56.690+0000] {subprocess.py:93} INFO -   File "/home/***/.local/lib/python3.8/site-packages/pandas/io/sql.py", line 929, in _execute_insert
[2026-05-22T15:21:56.690+0000] {subprocess.py:93} INFO -     result = conn.execute(self.table.insert(), data)
[2026-05-22T15:21:56.690+0000] {subprocess.py:93} INFO -   File "/home/***/.local/lib/python3.8/site-packages/sqlalchemy/engine/base.py", line 1385, in execute
[2026-05-22T15:21:56.690+0000] {subprocess.py:93} INFO -     return meth(self, multiparams, params, _EMPTY_EXECUTION_OPTS)
[2026-05-22T15:21:56.690+0000] {subprocess.py:93} INFO -   File "/home/***/.local/lib/python3.8/site-packages/sqlalchemy/sql/elements.py", line 334, in _execute_on_connection
[2026-05-22T15:21:56.690+0000] {subprocess.py:93} INFO -     return connection._execute_clauseelement(
[2026-05-22T15:21:56.691+0000] {subprocess.py:93} INFO -   File "/home/***/.local/lib/python3.8/site-packages/sqlalchemy/engine/base.py", line 1577, in _execute_clauseelement
[2026-05-22T15:21:56.691+0000] {subprocess.py:93} INFO -     ret = self._execute_context(
[2026-05-22T15:21:56.691+0000] {subprocess.py:93} INFO -   File "/home/***/.local/lib/python3.8/site-packages/sqlalchemy/engine/base.py", line 1953, in _execute_context
[2026-05-22T15:21:56.691+0000] {subprocess.py:93} INFO -     self._handle_dbapi_exception(
[2026-05-22T15:21:56.691+0000] {subprocess.py:93} INFO -   File "/home/***/.local/lib/python3.8/site-packages/sqlalchemy/engine/base.py", line 2134, in _handle_dbapi_exception
[2026-05-22T15:21:56.691+0000] {subprocess.py:93} INFO -     util.raise_(
[2026-05-22T15:21:56.691+0000] {subprocess.py:93} INFO -   File "/home/***/.local/lib/python3.8/site-packages/sqlalchemy/util/compat.py", line 211, in raise_
[2026-05-22T15:21:56.691+0000] {subprocess.py:93} INFO -     raise exception
[2026-05-22T15:21:56.691+0000] {subprocess.py:93} INFO -   File "/home/***/.local/lib/python3.8/site-packages/sqlalchemy/engine/base.py", line 1890, in _execute_context
[2026-05-22T15:21:56.691+0000] {subprocess.py:93} INFO -     self.dialect.do_executemany(
[2026-05-22T15:21:56.691+0000] {subprocess.py:93} INFO -   File "/home/***/.local/lib/python3.8/site-packages/sqlalchemy/dialects/postgresql/psycopg2.py", line 982, in do_executemany
[2026-05-22T15:21:56.691+0000] {subprocess.py:93} INFO -     context._psycopg2_fetched_rows = xtras.execute_values(
[2026-05-22T15:21:56.692+0000] {subprocess.py:93} INFO -   File "/home/***/.local/lib/python3.8/site-packages/psycopg2/extras.py", line 1299, in execute_values
[2026-05-22T15:21:56.692+0000] {subprocess.py:93} INFO -     cur.execute(b''.join(parts))
[2026-05-22T15:21:56.692+0000] {subprocess.py:93} INFO - sqlalchemy.exc.ProgrammingError: (psycopg2.errors.UndefinedColumn) column "country " of relation "raw_customers" does not exist
[2026-05-22T15:21:56.692+0000] {subprocess.py:93} INFO - LINE 1: ...(customer_id, first_name, last_name, email, city, "country "...
[2026-05-22T15:21:56.692+0000] {subprocess.py:93} INFO -                                                              ^
[2026-05-22T15:21:56.692+0000] {subprocess.py:93} INFO - 
[2026-05-22T15:21:56.692+0000] {subprocess.py:93} INFO - [SQL: INSERT INTO raw_customers (customer_id, first_name, last_name, email, city, "country ") VALUES (%(customer_id)s, %(first_name)s, %(last_name)s, %(email)s, %(city)s, %(country_)s)]
[2026-05-22T15:21:56.692+0000] {subprocess.py:93} INFO - [parameters: ({'customer_id': 1, 'first_name': 'Priyanka', 'last_name': 'Rao', 'email': 'priyanka@example.com', 'city': 'Hyderabad', 'country_': 'India '}, {'customer_id': 2, 'first_name': 'Rahul', 'last_name': 'Sharma', 'email': 'rahul@example.com', 'city': 'Bangalore', 'country_': 'India '}, {'customer_id': 3, 'first_name': 'Aisha', 'last_name': 'Khan', 'email': 'aisha@example.com', 'city': 'Mumbai', 'country_': 'India '}, {'customer_id': 4, 'first_name': 'Arjun', 'last_name': 'Patel', 'email': 'arjun@example.com', 'city': 'Delhi', 'country_': 'India'}, {'customer_id': 5, 'first_name': 'Sneha', 'last_name': 'Reddy', 'email': 'sneha@example.com', 'city': 'Chennai', 'country_': 'India'})]
[2026-05-22T15:21:56.692+0000] {subprocess.py:93} INFO - (Background on this error at: https://sqlalche.me/e/14/f405)
[2026-05-22T15:21:56.728+0000] {subprocess.py:97} INFO - Command exited with return code 1
[2026-05-22T15:21:56.735+0000] {taskinstance.py:2698} ERROR - Task failed with exception
Traceback (most recent call last):
  File "/home/airflow/.local/lib/python3.8/site-packages/airflow/models/taskinstance.py", line 433, in _execute_task
    result = execute_callable(context=context, **execute_callable_kwargs)
  File "/home/airflow/.local/lib/python3.8/site-packages/airflow/operators/bash.py", line 212, in execute
    raise AirflowException(
airflow.exceptions.AirflowException: Bash command failed. The command returned a non-zero exit code 1.
[2026-05-22T15:21:56.736+0000] {taskinstance.py:1138} INFO - Marking task as FAILED. dag_id=warehouse_pipeline, task_id=load_raw_data, execution_date=20260522T152155, start_date=20260522T152156, end_date=20260522T152156
[2026-05-22T15:21:56.742+0000] {standard_task_runner.py:107} ERROR - Failed to execute job 5 for task load_raw_data (Bash command failed. The command returned a non-zero exit code 1.; 288)
[2026-05-22T15:21:56.785+0000] {local_task_job_runner.py:234} INFO - Task exited with return code 1
[2026-05-22T15:21:56.800+0000] {taskinstance.py:3280} INFO - 0 downstream tasks scheduled from follow-on schedule check
