[2026-05-22T15:02:18.556+0000] {taskinstance.py:1956} INFO - Dependencies all met for dep_context=non-requeueable deps ti=<TaskInstance: warehouse_pipeline.load_raw_data manual__2026-05-22T15:02:18.301091+00:00 [queued]>
[2026-05-22T15:02:18.561+0000] {taskinstance.py:1956} INFO - Dependencies all met for dep_context=requeueable deps ti=<TaskInstance: warehouse_pipeline.load_raw_data manual__2026-05-22T15:02:18.301091+00:00 [queued]>
[2026-05-22T15:02:18.561+0000] {taskinstance.py:2170} INFO - Starting attempt 1 of 1
[2026-05-22T15:02:18.570+0000] {taskinstance.py:2191} INFO - Executing <Task(BashOperator): load_raw_data> on 2026-05-22 15:02:18.301091+00:00
[2026-05-22T15:02:18.574+0000] {standard_task_runner.py:60} INFO - Started process 1053 to run task
[2026-05-22T15:02:18.576+0000] {standard_task_runner.py:87} INFO - Running: ['***', 'tasks', 'run', 'warehouse_pipeline', 'load_raw_data', 'manual__2026-05-22T15:02:18.301091+00:00', '--job-id', '48', '--raw', '--subdir', 'DAGS_FOLDER/warehouse_pipeline.py', '--cfg-path', '/tmp/tmpmyq2rg9k']
[2026-05-22T15:02:18.590+0000] {standard_task_runner.py:88} INFO - Job 48: Subtask load_raw_data
[2026-05-22T15:02:18.638+0000] {task_command.py:423} INFO - Running <TaskInstance: warehouse_pipeline.load_raw_data manual__2026-05-22T15:02:18.301091+00:00 [running]> on host 9e7ef4c7a3a6
[2026-05-22T15:02:18.689+0000] {taskinstance.py:2480} INFO - Exporting env vars: AIRFLOW_CTX_DAG_OWNER='Priyanka' AIRFLOW_CTX_DAG_ID='warehouse_pipeline' AIRFLOW_CTX_TASK_ID='load_raw_data' AIRFLOW_CTX_EXECUTION_DATE='2026-05-22T15:02:18.301091+00:00' AIRFLOW_CTX_TRY_NUMBER='1' AIRFLOW_CTX_DAG_RUN_ID='manual__2026-05-22T15:02:18.301091+00:00'
[2026-05-22T15:02:18.690+0000] {subprocess.py:63} INFO - Tmp dir root location: /tmp
[2026-05-22T15:02:18.690+0000] {subprocess.py:75} INFO - Running command: ['/usr/bin/bash', '-c', 'cd /opt/*** && python scripts/load_raw_data.py']
[2026-05-22T15:02:18.695+0000] {subprocess.py:86} INFO - Output:
[2026-05-22T15:02:19.045+0000] {subprocess.py:93} INFO - scripts/load_raw_data.py:16: RemovedIn20Warning: Deprecated API features detected! These feature(s) are not compatible with SQLAlchemy 2.0. To prevent incompatible upgrades prior to updating applications, ensure requirements files are pinned to "sqlalchemy<2.0". Set environment variable SQLALCHEMY_WARN_20=1 to show all deprecation warnings.  Set environment variable SQLALCHEMY_SILENCE_UBER_WARNING=1 to silence this message. (Background on SQLAlchemy 2.0 at: https://sqlalche.me/e/b8d9)
[2026-05-22T15:02:19.046+0000] {subprocess.py:93} INFO -   conn.execute(text("TRUNCATE TABLE raw_orders CASCADE"))
[2026-05-22T15:02:19.046+0000] {subprocess.py:93} INFO - Traceback (most recent call last):
[2026-05-22T15:02:19.046+0000] {subprocess.py:93} INFO -   File "scripts/load_raw_data.py", line 19, in <module>
[2026-05-22T15:02:19.046+0000] {subprocess.py:93} INFO -     conn.commit()
[2026-05-22T15:02:19.046+0000] {subprocess.py:93} INFO - AttributeError: 'Connection' object has no attribute 'commit'
[2026-05-22T15:02:19.091+0000] {subprocess.py:97} INFO - Command exited with return code 1
[2026-05-22T15:02:19.096+0000] {taskinstance.py:2698} ERROR - Task failed with exception
Traceback (most recent call last):
  File "/home/airflow/.local/lib/python3.8/site-packages/airflow/models/taskinstance.py", line 433, in _execute_task
    result = execute_callable(context=context, **execute_callable_kwargs)
  File "/home/airflow/.local/lib/python3.8/site-packages/airflow/operators/bash.py", line 212, in execute
    raise AirflowException(
airflow.exceptions.AirflowException: Bash command failed. The command returned a non-zero exit code 1.
[2026-05-22T15:02:19.098+0000] {taskinstance.py:1138} INFO - Marking task as FAILED. dag_id=warehouse_pipeline, task_id=load_raw_data, execution_date=20260522T150218, start_date=20260522T150218, end_date=20260522T150219
[2026-05-22T15:02:19.104+0000] {standard_task_runner.py:107} ERROR - Failed to execute job 48 for task load_raw_data (Bash command failed. The command returned a non-zero exit code 1.; 1053)
[2026-05-22T15:02:19.112+0000] {local_task_job_runner.py:234} INFO - Task exited with return code 1
[2026-05-22T15:02:19.123+0000] {taskinstance.py:3280} INFO - 0 downstream tasks scheduled from follow-on schedule check
