[2026-05-22T17:22:07.205+0000] {taskinstance.py:1956} INFO - Dependencies all met for dep_context=non-requeueable deps ti=<TaskInstance: warehouse_pipeline.run_dbt_models manual__2026-05-22T17:22:05.739970+00:00 [queued]>
[2026-05-22T17:22:07.209+0000] {taskinstance.py:1956} INFO - Dependencies all met for dep_context=requeueable deps ti=<TaskInstance: warehouse_pipeline.run_dbt_models manual__2026-05-22T17:22:05.739970+00:00 [queued]>
[2026-05-22T17:22:07.209+0000] {taskinstance.py:2170} INFO - Starting attempt 1 of 1
[2026-05-22T17:22:07.214+0000] {taskinstance.py:2191} INFO - Executing <Task(BashOperator): run_dbt_models> on 2026-05-22 17:22:05.739970+00:00
[2026-05-22T17:22:07.216+0000] {standard_task_runner.py:60} INFO - Started process 1569 to run task
[2026-05-22T17:22:07.218+0000] {standard_task_runner.py:87} INFO - Running: ['***', 'tasks', 'run', 'warehouse_pipeline', 'run_dbt_models', 'manual__2026-05-22T17:22:05.739970+00:00', '--job-id', '36', '--raw', '--subdir', 'DAGS_FOLDER/warehouse_pipeline.py', '--cfg-path', '/tmp/tmpay840h_i']
[2026-05-22T17:22:07.219+0000] {standard_task_runner.py:88} INFO - Job 36: Subtask run_dbt_models
[2026-05-22T17:22:07.240+0000] {task_command.py:423} INFO - Running <TaskInstance: warehouse_pipeline.run_dbt_models manual__2026-05-22T17:22:05.739970+00:00 [running]> on host ddd49e0ec5cd
[2026-05-22T17:22:07.271+0000] {taskinstance.py:2480} INFO - Exporting env vars: AIRFLOW_CTX_DAG_OWNER='Priyanka' AIRFLOW_CTX_DAG_ID='warehouse_pipeline' AIRFLOW_CTX_TASK_ID='run_dbt_models' AIRFLOW_CTX_EXECUTION_DATE='2026-05-22T17:22:05.739970+00:00' AIRFLOW_CTX_TRY_NUMBER='1' AIRFLOW_CTX_DAG_RUN_ID='manual__2026-05-22T17:22:05.739970+00:00'
[2026-05-22T17:22:07.271+0000] {subprocess.py:63} INFO - Tmp dir root location: /tmp
[2026-05-22T17:22:07.272+0000] {subprocess.py:75} INFO - Running command: ['/usr/bin/bash', '-c', 'export PATH=$PATH:/home/***/.local/bin && /home/***/.local/bin/dbt run --profiles-dir /opt/***/dbt_profiles --project-dir /opt/***/dbt/ecommerce_warehouse']
[2026-05-22T17:22:07.276+0000] {subprocess.py:86} INFO - Output:
[2026-05-22T17:22:07.276+0000] {subprocess.py:93} INFO - /usr/bin/bash: line 1: /home/***/.local/bin/dbt: No such file or directory
[2026-05-22T17:22:07.277+0000] {subprocess.py:97} INFO - Command exited with return code 127
[2026-05-22T17:22:07.281+0000] {taskinstance.py:2698} ERROR - Task failed with exception
Traceback (most recent call last):
  File "/home/airflow/.local/lib/python3.8/site-packages/airflow/models/taskinstance.py", line 433, in _execute_task
    result = execute_callable(context=context, **execute_callable_kwargs)
  File "/home/airflow/.local/lib/python3.8/site-packages/airflow/operators/bash.py", line 212, in execute
    raise AirflowException(
airflow.exceptions.AirflowException: Bash command failed. The command returned a non-zero exit code 127.
[2026-05-22T17:22:07.283+0000] {taskinstance.py:1138} INFO - Marking task as FAILED. dag_id=warehouse_pipeline, task_id=run_dbt_models, execution_date=20260522T172205, start_date=20260522T172207, end_date=20260522T172207
[2026-05-22T17:22:07.288+0000] {standard_task_runner.py:107} ERROR - Failed to execute job 36 for task run_dbt_models (Bash command failed. The command returned a non-zero exit code 127.; 1569)
[2026-05-22T17:22:07.319+0000] {local_task_job_runner.py:234} INFO - Task exited with return code 1
[2026-05-22T17:22:07.332+0000] {taskinstance.py:3280} INFO - 0 downstream tasks scheduled from follow-on schedule check
