[2026-05-26T10:05:40.483+0000] {processor.py:161} INFO - Started process (PID=166) to work on /opt/airflow/dags/warehouse_pipeline.py
[2026-05-26T10:05:40.485+0000] {processor.py:830} INFO - Processing file /opt/airflow/dags/warehouse_pipeline.py for tasks to queue
[2026-05-26T10:05:40.486+0000] {logging_mixin.py:188} INFO - [2026-05-26T10:05:40.486+0000] {dagbag.py:538} INFO - Filling up the DagBag from /opt/airflow/dags/warehouse_pipeline.py
[2026-05-26T10:05:40.505+0000] {processor.py:840} INFO - DAG(s) 'warehouse_pipeline' retrieved from /opt/airflow/dags/warehouse_pipeline.py
[2026-05-26T10:05:40.538+0000] {logging_mixin.py:188} INFO - [2026-05-26T10:05:40.538+0000] {dag.py:3036} INFO - Sync 1 DAGs
[2026-05-26T10:05:40.549+0000] {logging_mixin.py:188} INFO - [2026-05-26T10:05:40.548+0000] {dag.py:3823} INFO - Setting next_dagrun for warehouse_pipeline to None, run_after=None
[2026-05-26T10:05:40.565+0000] {processor.py:183} INFO - Processing /opt/airflow/dags/warehouse_pipeline.py took 0.085 seconds
[2026-05-26T10:06:10.864+0000] {processor.py:161} INFO - Started process (PID=176) to work on /opt/airflow/dags/warehouse_pipeline.py
[2026-05-26T10:06:10.866+0000] {processor.py:830} INFO - Processing file /opt/airflow/dags/warehouse_pipeline.py for tasks to queue
[2026-05-26T10:06:10.867+0000] {logging_mixin.py:188} INFO - [2026-05-26T10:06:10.866+0000] {dagbag.py:538} INFO - Filling up the DagBag from /opt/airflow/dags/warehouse_pipeline.py
[2026-05-26T10:06:10.884+0000] {processor.py:840} INFO - DAG(s) 'warehouse_pipeline' retrieved from /opt/airflow/dags/warehouse_pipeline.py
[2026-05-26T10:06:10.912+0000] {logging_mixin.py:188} INFO - [2026-05-26T10:06:10.912+0000] {dag.py:3036} INFO - Sync 1 DAGs
[2026-05-26T10:06:10.925+0000] {logging_mixin.py:188} INFO - [2026-05-26T10:06:10.925+0000] {dag.py:3823} INFO - Setting next_dagrun for warehouse_pipeline to None, run_after=None
[2026-05-26T10:06:10.939+0000] {processor.py:183} INFO - Processing /opt/airflow/dags/warehouse_pipeline.py took 0.081 seconds
[2026-05-26T10:06:41.291+0000] {processor.py:161} INFO - Started process (PID=186) to work on /opt/airflow/dags/warehouse_pipeline.py
[2026-05-26T10:06:41.292+0000] {processor.py:830} INFO - Processing file /opt/airflow/dags/warehouse_pipeline.py for tasks to queue
[2026-05-26T10:06:41.294+0000] {logging_mixin.py:188} INFO - [2026-05-26T10:06:41.293+0000] {dagbag.py:538} INFO - Filling up the DagBag from /opt/airflow/dags/warehouse_pipeline.py
[2026-05-26T10:06:41.311+0000] {processor.py:840} INFO - DAG(s) 'warehouse_pipeline' retrieved from /opt/airflow/dags/warehouse_pipeline.py
[2026-05-26T10:06:41.335+0000] {logging_mixin.py:188} INFO - [2026-05-26T10:06:41.335+0000] {dag.py:3036} INFO - Sync 1 DAGs
[2026-05-26T10:06:41.345+0000] {logging_mixin.py:188} INFO - [2026-05-26T10:06:41.345+0000] {dag.py:3823} INFO - Setting next_dagrun for warehouse_pipeline to None, run_after=None
[2026-05-26T10:06:41.358+0000] {processor.py:183} INFO - Processing /opt/airflow/dags/warehouse_pipeline.py took 0.073 seconds
[2026-05-26T10:07:11.738+0000] {processor.py:161} INFO - Started process (PID=196) to work on /opt/airflow/dags/warehouse_pipeline.py
[2026-05-26T10:07:11.739+0000] {processor.py:830} INFO - Processing file /opt/airflow/dags/warehouse_pipeline.py for tasks to queue
[2026-05-26T10:07:11.742+0000] {logging_mixin.py:188} INFO - [2026-05-26T10:07:11.741+0000] {dagbag.py:538} INFO - Filling up the DagBag from /opt/airflow/dags/warehouse_pipeline.py
[2026-05-26T10:07:11.757+0000] {processor.py:840} INFO - DAG(s) 'warehouse_pipeline' retrieved from /opt/airflow/dags/warehouse_pipeline.py
[2026-05-26T10:07:11.780+0000] {logging_mixin.py:188} INFO - [2026-05-26T10:07:11.780+0000] {dag.py:3036} INFO - Sync 1 DAGs
[2026-05-26T10:07:11.788+0000] {logging_mixin.py:188} INFO - [2026-05-26T10:07:11.788+0000] {dag.py:3823} INFO - Setting next_dagrun for warehouse_pipeline to None, run_after=None
[2026-05-26T10:07:11.803+0000] {processor.py:183} INFO - Processing /opt/airflow/dags/warehouse_pipeline.py took 0.072 seconds
[2026-05-26T10:07:42.158+0000] {processor.py:161} INFO - Started process (PID=206) to work on /opt/airflow/dags/warehouse_pipeline.py
[2026-05-26T10:07:42.159+0000] {processor.py:830} INFO - Processing file /opt/airflow/dags/warehouse_pipeline.py for tasks to queue
[2026-05-26T10:07:42.161+0000] {logging_mixin.py:188} INFO - [2026-05-26T10:07:42.161+0000] {dagbag.py:538} INFO - Filling up the DagBag from /opt/airflow/dags/warehouse_pipeline.py
[2026-05-26T10:07:42.174+0000] {processor.py:840} INFO - DAG(s) 'warehouse_pipeline' retrieved from /opt/airflow/dags/warehouse_pipeline.py
[2026-05-26T10:07:42.198+0000] {logging_mixin.py:188} INFO - [2026-05-26T10:07:42.198+0000] {dag.py:3036} INFO - Sync 1 DAGs
[2026-05-26T10:07:42.206+0000] {logging_mixin.py:188} INFO - [2026-05-26T10:07:42.206+0000] {dag.py:3823} INFO - Setting next_dagrun for warehouse_pipeline to None, run_after=None
[2026-05-26T10:07:42.220+0000] {processor.py:183} INFO - Processing /opt/airflow/dags/warehouse_pipeline.py took 0.067 seconds
[2026-05-26T10:08:12.563+0000] {processor.py:161} INFO - Started process (PID=216) to work on /opt/airflow/dags/warehouse_pipeline.py
[2026-05-26T10:08:12.565+0000] {processor.py:830} INFO - Processing file /opt/airflow/dags/warehouse_pipeline.py for tasks to queue
[2026-05-26T10:08:12.566+0000] {logging_mixin.py:188} INFO - [2026-05-26T10:08:12.566+0000] {dagbag.py:538} INFO - Filling up the DagBag from /opt/airflow/dags/warehouse_pipeline.py
[2026-05-26T10:08:12.580+0000] {processor.py:840} INFO - DAG(s) 'warehouse_pipeline' retrieved from /opt/airflow/dags/warehouse_pipeline.py
[2026-05-26T10:08:12.606+0000] {logging_mixin.py:188} INFO - [2026-05-26T10:08:12.606+0000] {dag.py:3036} INFO - Sync 1 DAGs
[2026-05-26T10:08:12.615+0000] {logging_mixin.py:188} INFO - [2026-05-26T10:08:12.614+0000] {dag.py:3823} INFO - Setting next_dagrun for warehouse_pipeline to None, run_after=None
[2026-05-26T10:08:12.627+0000] {processor.py:183} INFO - Processing /opt/airflow/dags/warehouse_pipeline.py took 0.068 seconds
[2026-05-26T10:08:42.973+0000] {processor.py:161} INFO - Started process (PID=226) to work on /opt/airflow/dags/warehouse_pipeline.py
[2026-05-26T10:08:42.976+0000] {processor.py:830} INFO - Processing file /opt/airflow/dags/warehouse_pipeline.py for tasks to queue
[2026-05-26T10:08:42.977+0000] {logging_mixin.py:188} INFO - [2026-05-26T10:08:42.977+0000] {dagbag.py:538} INFO - Filling up the DagBag from /opt/airflow/dags/warehouse_pipeline.py
[2026-05-26T10:08:42.990+0000] {processor.py:840} INFO - DAG(s) 'warehouse_pipeline' retrieved from /opt/airflow/dags/warehouse_pipeline.py
[2026-05-26T10:08:43.012+0000] {logging_mixin.py:188} INFO - [2026-05-26T10:08:43.012+0000] {dag.py:3036} INFO - Sync 1 DAGs
[2026-05-26T10:08:43.020+0000] {logging_mixin.py:188} INFO - [2026-05-26T10:08:43.020+0000] {dag.py:3823} INFO - Setting next_dagrun for warehouse_pipeline to None, run_after=None
[2026-05-26T10:08:43.034+0000] {processor.py:183} INFO - Processing /opt/airflow/dags/warehouse_pipeline.py took 0.067 seconds
[2026-05-26T10:09:13.348+0000] {processor.py:161} INFO - Started process (PID=236) to work on /opt/airflow/dags/warehouse_pipeline.py
[2026-05-26T10:09:13.350+0000] {processor.py:830} INFO - Processing file /opt/airflow/dags/warehouse_pipeline.py for tasks to queue
[2026-05-26T10:09:13.352+0000] {logging_mixin.py:188} INFO - [2026-05-26T10:09:13.352+0000] {dagbag.py:538} INFO - Filling up the DagBag from /opt/airflow/dags/warehouse_pipeline.py
[2026-05-26T10:09:13.365+0000] {processor.py:840} INFO - DAG(s) 'warehouse_pipeline' retrieved from /opt/airflow/dags/warehouse_pipeline.py
[2026-05-26T10:09:13.388+0000] {logging_mixin.py:188} INFO - [2026-05-26T10:09:13.388+0000] {dag.py:3036} INFO - Sync 1 DAGs
[2026-05-26T10:09:13.396+0000] {logging_mixin.py:188} INFO - [2026-05-26T10:09:13.396+0000] {dag.py:3823} INFO - Setting next_dagrun for warehouse_pipeline to None, run_after=None
[2026-05-26T10:09:13.410+0000] {processor.py:183} INFO - Processing /opt/airflow/dags/warehouse_pipeline.py took 0.066 seconds
[2026-05-26T10:09:43.654+0000] {processor.py:161} INFO - Started process (PID=246) to work on /opt/airflow/dags/warehouse_pipeline.py
[2026-05-26T10:09:43.655+0000] {processor.py:830} INFO - Processing file /opt/airflow/dags/warehouse_pipeline.py for tasks to queue
[2026-05-26T10:09:43.656+0000] {logging_mixin.py:188} INFO - [2026-05-26T10:09:43.656+0000] {dagbag.py:538} INFO - Filling up the DagBag from /opt/airflow/dags/warehouse_pipeline.py
[2026-05-26T10:09:43.672+0000] {processor.py:840} INFO - DAG(s) 'warehouse_pipeline' retrieved from /opt/airflow/dags/warehouse_pipeline.py
[2026-05-26T10:09:43.698+0000] {logging_mixin.py:188} INFO - [2026-05-26T10:09:43.698+0000] {dag.py:3036} INFO - Sync 1 DAGs
[2026-05-26T10:09:43.707+0000] {logging_mixin.py:188} INFO - [2026-05-26T10:09:43.707+0000] {dag.py:3823} INFO - Setting next_dagrun for warehouse_pipeline to None, run_after=None
[2026-05-26T10:09:43.725+0000] {processor.py:183} INFO - Processing /opt/airflow/dags/warehouse_pipeline.py took 0.077 seconds
[2026-05-26T10:10:13.985+0000] {processor.py:161} INFO - Started process (PID=256) to work on /opt/airflow/dags/warehouse_pipeline.py
[2026-05-26T10:10:13.987+0000] {processor.py:830} INFO - Processing file /opt/airflow/dags/warehouse_pipeline.py for tasks to queue
[2026-05-26T10:10:13.988+0000] {logging_mixin.py:188} INFO - [2026-05-26T10:10:13.988+0000] {dagbag.py:538} INFO - Filling up the DagBag from /opt/airflow/dags/warehouse_pipeline.py
[2026-05-26T10:10:14.004+0000] {processor.py:840} INFO - DAG(s) 'warehouse_pipeline' retrieved from /opt/airflow/dags/warehouse_pipeline.py
[2026-05-26T10:10:14.026+0000] {logging_mixin.py:188} INFO - [2026-05-26T10:10:14.026+0000] {dag.py:3036} INFO - Sync 1 DAGs
[2026-05-26T10:10:14.035+0000] {logging_mixin.py:188} INFO - [2026-05-26T10:10:14.034+0000] {dag.py:3823} INFO - Setting next_dagrun for warehouse_pipeline to None, run_after=None
[2026-05-26T10:10:14.047+0000] {processor.py:183} INFO - Processing /opt/airflow/dags/warehouse_pipeline.py took 0.069 seconds
[2026-05-26T10:10:44.391+0000] {processor.py:161} INFO - Started process (PID=266) to work on /opt/airflow/dags/warehouse_pipeline.py
[2026-05-26T10:10:44.391+0000] {processor.py:830} INFO - Processing file /opt/airflow/dags/warehouse_pipeline.py for tasks to queue
[2026-05-26T10:10:44.392+0000] {logging_mixin.py:188} INFO - [2026-05-26T10:10:44.392+0000] {dagbag.py:538} INFO - Filling up the DagBag from /opt/airflow/dags/warehouse_pipeline.py
[2026-05-26T10:10:44.398+0000] {processor.py:840} INFO - DAG(s) 'warehouse_pipeline' retrieved from /opt/airflow/dags/warehouse_pipeline.py
[2026-05-26T10:10:44.415+0000] {logging_mixin.py:188} INFO - [2026-05-26T10:10:44.415+0000] {dag.py:3036} INFO - Sync 1 DAGs
[2026-05-26T10:10:44.423+0000] {logging_mixin.py:188} INFO - [2026-05-26T10:10:44.423+0000] {dag.py:3823} INFO - Setting next_dagrun for warehouse_pipeline to None, run_after=None
[2026-05-26T10:10:44.439+0000] {processor.py:183} INFO - Processing /opt/airflow/dags/warehouse_pipeline.py took 0.051 seconds
[2026-05-26T10:11:14.700+0000] {processor.py:161} INFO - Started process (PID=276) to work on /opt/airflow/dags/warehouse_pipeline.py
[2026-05-26T10:11:14.701+0000] {processor.py:830} INFO - Processing file /opt/airflow/dags/warehouse_pipeline.py for tasks to queue
[2026-05-26T10:11:14.703+0000] {logging_mixin.py:188} INFO - [2026-05-26T10:11:14.702+0000] {dagbag.py:538} INFO - Filling up the DagBag from /opt/airflow/dags/warehouse_pipeline.py
[2026-05-26T10:11:14.717+0000] {processor.py:840} INFO - DAG(s) 'warehouse_pipeline' retrieved from /opt/airflow/dags/warehouse_pipeline.py
[2026-05-26T10:11:14.739+0000] {logging_mixin.py:188} INFO - [2026-05-26T10:11:14.739+0000] {dag.py:3036} INFO - Sync 1 DAGs
[2026-05-26T10:11:14.747+0000] {logging_mixin.py:188} INFO - [2026-05-26T10:11:14.746+0000] {dag.py:3823} INFO - Setting next_dagrun for warehouse_pipeline to None, run_after=None
[2026-05-26T10:11:14.762+0000] {processor.py:183} INFO - Processing /opt/airflow/dags/warehouse_pipeline.py took 0.068 seconds
[2026-05-26T10:11:45.081+0000] {processor.py:161} INFO - Started process (PID=286) to work on /opt/airflow/dags/warehouse_pipeline.py
[2026-05-26T10:11:45.083+0000] {processor.py:830} INFO - Processing file /opt/airflow/dags/warehouse_pipeline.py for tasks to queue
[2026-05-26T10:11:45.085+0000] {logging_mixin.py:188} INFO - [2026-05-26T10:11:45.085+0000] {dagbag.py:538} INFO - Filling up the DagBag from /opt/airflow/dags/warehouse_pipeline.py
[2026-05-26T10:11:45.099+0000] {processor.py:840} INFO - DAG(s) 'warehouse_pipeline' retrieved from /opt/airflow/dags/warehouse_pipeline.py
[2026-05-26T10:11:45.122+0000] {logging_mixin.py:188} INFO - [2026-05-26T10:11:45.122+0000] {dag.py:3036} INFO - Sync 1 DAGs
[2026-05-26T10:11:45.133+0000] {logging_mixin.py:188} INFO - [2026-05-26T10:11:45.132+0000] {dag.py:3823} INFO - Setting next_dagrun for warehouse_pipeline to None, run_after=None
[2026-05-26T10:11:45.146+0000] {processor.py:183} INFO - Processing /opt/airflow/dags/warehouse_pipeline.py took 0.072 seconds
[2026-05-26T10:12:15.371+0000] {processor.py:161} INFO - Started process (PID=296) to work on /opt/airflow/dags/warehouse_pipeline.py
[2026-05-26T10:12:15.374+0000] {processor.py:830} INFO - Processing file /opt/airflow/dags/warehouse_pipeline.py for tasks to queue
[2026-05-26T10:12:15.376+0000] {logging_mixin.py:188} INFO - [2026-05-26T10:12:15.375+0000] {dagbag.py:538} INFO - Filling up the DagBag from /opt/airflow/dags/warehouse_pipeline.py
[2026-05-26T10:12:15.389+0000] {processor.py:840} INFO - DAG(s) 'warehouse_pipeline' retrieved from /opt/airflow/dags/warehouse_pipeline.py
[2026-05-26T10:12:15.411+0000] {logging_mixin.py:188} INFO - [2026-05-26T10:12:15.411+0000] {dag.py:3036} INFO - Sync 1 DAGs
[2026-05-26T10:12:15.419+0000] {logging_mixin.py:188} INFO - [2026-05-26T10:12:15.419+0000] {dag.py:3823} INFO - Setting next_dagrun for warehouse_pipeline to None, run_after=None
[2026-05-26T10:12:15.433+0000] {processor.py:183} INFO - Processing /opt/airflow/dags/warehouse_pipeline.py took 0.067 seconds
[2026-05-26T10:12:45.796+0000] {processor.py:161} INFO - Started process (PID=306) to work on /opt/airflow/dags/warehouse_pipeline.py
[2026-05-26T10:12:45.798+0000] {processor.py:830} INFO - Processing file /opt/airflow/dags/warehouse_pipeline.py for tasks to queue
[2026-05-26T10:12:45.801+0000] {logging_mixin.py:188} INFO - [2026-05-26T10:12:45.800+0000] {dagbag.py:538} INFO - Filling up the DagBag from /opt/airflow/dags/warehouse_pipeline.py
[2026-05-26T10:12:45.820+0000] {processor.py:840} INFO - DAG(s) 'warehouse_pipeline' retrieved from /opt/airflow/dags/warehouse_pipeline.py
[2026-05-26T10:12:45.841+0000] {logging_mixin.py:188} INFO - [2026-05-26T10:12:45.841+0000] {dag.py:3036} INFO - Sync 1 DAGs
[2026-05-26T10:12:45.850+0000] {logging_mixin.py:188} INFO - [2026-05-26T10:12:45.850+0000] {dag.py:3823} INFO - Setting next_dagrun for warehouse_pipeline to None, run_after=None
[2026-05-26T10:12:45.864+0000] {processor.py:183} INFO - Processing /opt/airflow/dags/warehouse_pipeline.py took 0.074 seconds
[2026-05-26T10:13:16.233+0000] {processor.py:161} INFO - Started process (PID=316) to work on /opt/airflow/dags/warehouse_pipeline.py
[2026-05-26T10:13:16.234+0000] {processor.py:830} INFO - Processing file /opt/airflow/dags/warehouse_pipeline.py for tasks to queue
[2026-05-26T10:13:16.236+0000] {logging_mixin.py:188} INFO - [2026-05-26T10:13:16.236+0000] {dagbag.py:538} INFO - Filling up the DagBag from /opt/airflow/dags/warehouse_pipeline.py
[2026-05-26T10:13:16.247+0000] {processor.py:840} INFO - DAG(s) 'warehouse_pipeline' retrieved from /opt/airflow/dags/warehouse_pipeline.py
[2026-05-26T10:13:16.268+0000] {logging_mixin.py:188} INFO - [2026-05-26T10:13:16.268+0000] {dag.py:3036} INFO - Sync 1 DAGs
[2026-05-26T10:13:16.276+0000] {logging_mixin.py:188} INFO - [2026-05-26T10:13:16.276+0000] {dag.py:3823} INFO - Setting next_dagrun for warehouse_pipeline to None, run_after=None
[2026-05-26T10:13:16.288+0000] {processor.py:183} INFO - Processing /opt/airflow/dags/warehouse_pipeline.py took 0.060 seconds
[2026-05-26T10:13:43.573+0000] {processor.py:161} INFO - Started process (PID=326) to work on /opt/airflow/dags/warehouse_pipeline.py
[2026-05-26T10:13:43.574+0000] {processor.py:830} INFO - Processing file /opt/airflow/dags/warehouse_pipeline.py for tasks to queue
[2026-05-26T10:13:43.575+0000] {logging_mixin.py:188} INFO - [2026-05-26T10:13:43.574+0000] {dagbag.py:538} INFO - Filling up the DagBag from /opt/airflow/dags/warehouse_pipeline.py
[2026-05-26T10:13:43.584+0000] {processor.py:840} INFO - DAG(s) 'warehouse_pipeline' retrieved from /opt/airflow/dags/warehouse_pipeline.py
[2026-05-26T10:13:43.662+0000] {logging_mixin.py:188} INFO - [2026-05-26T10:13:43.662+0000] {dag.py:3036} INFO - Sync 1 DAGs
[2026-05-26T10:13:43.667+0000] {logging_mixin.py:188} INFO - [2026-05-26T10:13:43.667+0000] {dag.py:3823} INFO - Setting next_dagrun for warehouse_pipeline to None, run_after=None
[2026-05-26T10:13:43.676+0000] {processor.py:183} INFO - Processing /opt/airflow/dags/warehouse_pipeline.py took 0.105 seconds
[2026-05-26T10:14:08.856+0000] {processor.py:161} INFO - Started process (PID=336) to work on /opt/airflow/dags/warehouse_pipeline.py
[2026-05-26T10:14:08.857+0000] {processor.py:830} INFO - Processing file /opt/airflow/dags/warehouse_pipeline.py for tasks to queue
[2026-05-26T10:14:08.858+0000] {logging_mixin.py:188} INFO - [2026-05-26T10:14:08.858+0000] {dagbag.py:538} INFO - Filling up the DagBag from /opt/airflow/dags/warehouse_pipeline.py
[2026-05-26T10:14:08.870+0000] {processor.py:840} INFO - DAG(s) 'warehouse_pipeline' retrieved from /opt/airflow/dags/warehouse_pipeline.py
[2026-05-26T10:14:08.881+0000] {logging_mixin.py:188} INFO - [2026-05-26T10:14:08.881+0000] {dag.py:3036} INFO - Sync 1 DAGs
[2026-05-26T10:14:08.890+0000] {logging_mixin.py:188} INFO - [2026-05-26T10:14:08.890+0000] {dag.py:3823} INFO - Setting next_dagrun for warehouse_pipeline to None, run_after=None
[2026-05-26T10:14:08.902+0000] {processor.py:183} INFO - Processing /opt/airflow/dags/warehouse_pipeline.py took 0.049 seconds
[2026-05-26T10:15:17.106+0000] {processor.py:161} INFO - Started process (PID=165) to work on /opt/airflow/dags/warehouse_pipeline.py
[2026-05-26T10:15:17.109+0000] {processor.py:830} INFO - Processing file /opt/airflow/dags/warehouse_pipeline.py for tasks to queue
[2026-05-26T10:15:17.110+0000] {logging_mixin.py:188} INFO - [2026-05-26T10:15:17.110+0000] {dagbag.py:538} INFO - Filling up the DagBag from /opt/airflow/dags/warehouse_pipeline.py
[2026-05-26T10:15:17.136+0000] {processor.py:840} INFO - DAG(s) 'warehouse_pipeline' retrieved from /opt/airflow/dags/warehouse_pipeline.py
[2026-05-26T10:15:17.341+0000] {logging_mixin.py:188} INFO - [2026-05-26T10:15:17.341+0000] {dag.py:3036} INFO - Sync 1 DAGs
[2026-05-26T10:15:17.346+0000] {logging_mixin.py:188} INFO - [2026-05-26T10:15:17.346+0000] {dag.py:3823} INFO - Setting next_dagrun for warehouse_pipeline to None, run_after=None
[2026-05-26T10:15:17.355+0000] {processor.py:183} INFO - Processing /opt/airflow/dags/warehouse_pipeline.py took 0.254 seconds
[2026-05-26T10:15:47.557+0000] {processor.py:161} INFO - Started process (PID=176) to work on /opt/airflow/dags/warehouse_pipeline.py
[2026-05-26T10:15:47.559+0000] {processor.py:830} INFO - Processing file /opt/airflow/dags/warehouse_pipeline.py for tasks to queue
[2026-05-26T10:15:47.561+0000] {logging_mixin.py:188} INFO - [2026-05-26T10:15:47.560+0000] {dagbag.py:538} INFO - Filling up the DagBag from /opt/airflow/dags/warehouse_pipeline.py
[2026-05-26T10:15:47.580+0000] {processor.py:840} INFO - DAG(s) 'warehouse_pipeline' retrieved from /opt/airflow/dags/warehouse_pipeline.py
[2026-05-26T10:15:47.609+0000] {logging_mixin.py:188} INFO - [2026-05-26T10:15:47.609+0000] {dag.py:3036} INFO - Sync 1 DAGs
[2026-05-26T10:15:47.622+0000] {logging_mixin.py:188} INFO - [2026-05-26T10:15:47.622+0000] {dag.py:3823} INFO - Setting next_dagrun for warehouse_pipeline to None, run_after=None
[2026-05-26T10:15:47.636+0000] {processor.py:183} INFO - Processing /opt/airflow/dags/warehouse_pipeline.py took 0.085 seconds
[2026-05-26T10:16:18.091+0000] {processor.py:161} INFO - Started process (PID=186) to work on /opt/airflow/dags/warehouse_pipeline.py
[2026-05-26T10:16:18.095+0000] {processor.py:830} INFO - Processing file /opt/airflow/dags/warehouse_pipeline.py for tasks to queue
[2026-05-26T10:16:18.097+0000] {logging_mixin.py:188} INFO - [2026-05-26T10:16:18.097+0000] {dagbag.py:538} INFO - Filling up the DagBag from /opt/airflow/dags/warehouse_pipeline.py
[2026-05-26T10:16:18.114+0000] {processor.py:840} INFO - DAG(s) 'warehouse_pipeline' retrieved from /opt/airflow/dags/warehouse_pipeline.py
[2026-05-26T10:16:18.145+0000] {logging_mixin.py:188} INFO - [2026-05-26T10:16:18.145+0000] {dag.py:3036} INFO - Sync 1 DAGs
[2026-05-26T10:16:18.153+0000] {logging_mixin.py:188} INFO - [2026-05-26T10:16:18.153+0000] {dag.py:3823} INFO - Setting next_dagrun for warehouse_pipeline to None, run_after=None
[2026-05-26T10:16:18.170+0000] {processor.py:183} INFO - Processing /opt/airflow/dags/warehouse_pipeline.py took 0.086 seconds
[2026-05-26T10:16:48.530+0000] {processor.py:161} INFO - Started process (PID=196) to work on /opt/airflow/dags/warehouse_pipeline.py
[2026-05-26T10:16:48.533+0000] {processor.py:830} INFO - Processing file /opt/airflow/dags/warehouse_pipeline.py for tasks to queue
[2026-05-26T10:16:48.535+0000] {logging_mixin.py:188} INFO - [2026-05-26T10:16:48.534+0000] {dagbag.py:538} INFO - Filling up the DagBag from /opt/airflow/dags/warehouse_pipeline.py
[2026-05-26T10:16:48.555+0000] {processor.py:840} INFO - DAG(s) 'warehouse_pipeline' retrieved from /opt/airflow/dags/warehouse_pipeline.py
[2026-05-26T10:16:48.592+0000] {logging_mixin.py:188} INFO - [2026-05-26T10:16:48.592+0000] {dag.py:3036} INFO - Sync 1 DAGs
[2026-05-26T10:16:48.601+0000] {logging_mixin.py:188} INFO - [2026-05-26T10:16:48.601+0000] {dag.py:3823} INFO - Setting next_dagrun for warehouse_pipeline to None, run_after=None
[2026-05-26T10:16:48.616+0000] {processor.py:183} INFO - Processing /opt/airflow/dags/warehouse_pipeline.py took 0.090 seconds
[2026-05-26T10:17:18.877+0000] {processor.py:161} INFO - Started process (PID=206) to work on /opt/airflow/dags/warehouse_pipeline.py
[2026-05-26T10:17:18.879+0000] {processor.py:830} INFO - Processing file /opt/airflow/dags/warehouse_pipeline.py for tasks to queue
[2026-05-26T10:17:18.882+0000] {logging_mixin.py:188} INFO - [2026-05-26T10:17:18.881+0000] {dagbag.py:538} INFO - Filling up the DagBag from /opt/airflow/dags/warehouse_pipeline.py
[2026-05-26T10:17:18.900+0000] {processor.py:840} INFO - DAG(s) 'warehouse_pipeline' retrieved from /opt/airflow/dags/warehouse_pipeline.py
[2026-05-26T10:17:18.934+0000] {logging_mixin.py:188} INFO - [2026-05-26T10:17:18.934+0000] {dag.py:3036} INFO - Sync 1 DAGs
[2026-05-26T10:17:18.945+0000] {logging_mixin.py:188} INFO - [2026-05-26T10:17:18.945+0000] {dag.py:3823} INFO - Setting next_dagrun for warehouse_pipeline to None, run_after=None
[2026-05-26T10:17:18.963+0000] {processor.py:183} INFO - Processing /opt/airflow/dags/warehouse_pipeline.py took 0.093 seconds
[2026-05-26T10:17:49.297+0000] {processor.py:161} INFO - Started process (PID=216) to work on /opt/airflow/dags/warehouse_pipeline.py
[2026-05-26T10:17:49.300+0000] {processor.py:830} INFO - Processing file /opt/airflow/dags/warehouse_pipeline.py for tasks to queue
[2026-05-26T10:17:49.302+0000] {logging_mixin.py:188} INFO - [2026-05-26T10:17:49.302+0000] {dagbag.py:538} INFO - Filling up the DagBag from /opt/airflow/dags/warehouse_pipeline.py
[2026-05-26T10:17:49.327+0000] {processor.py:840} INFO - DAG(s) 'warehouse_pipeline' retrieved from /opt/airflow/dags/warehouse_pipeline.py
[2026-05-26T10:17:49.353+0000] {logging_mixin.py:188} INFO - [2026-05-26T10:17:49.353+0000] {dag.py:3036} INFO - Sync 1 DAGs
[2026-05-26T10:17:49.362+0000] {logging_mixin.py:188} INFO - [2026-05-26T10:17:49.362+0000] {dag.py:3823} INFO - Setting next_dagrun for warehouse_pipeline to None, run_after=None
[2026-05-26T10:17:49.376+0000] {processor.py:183} INFO - Processing /opt/airflow/dags/warehouse_pipeline.py took 0.086 seconds
[2026-05-26T10:18:19.686+0000] {processor.py:161} INFO - Started process (PID=226) to work on /opt/airflow/dags/warehouse_pipeline.py
[2026-05-26T10:18:19.688+0000] {processor.py:830} INFO - Processing file /opt/airflow/dags/warehouse_pipeline.py for tasks to queue
[2026-05-26T10:18:19.689+0000] {logging_mixin.py:188} INFO - [2026-05-26T10:18:19.689+0000] {dagbag.py:538} INFO - Filling up the DagBag from /opt/airflow/dags/warehouse_pipeline.py
[2026-05-26T10:18:19.699+0000] {processor.py:840} INFO - DAG(s) 'warehouse_pipeline' retrieved from /opt/airflow/dags/warehouse_pipeline.py
[2026-05-26T10:18:19.725+0000] {logging_mixin.py:188} INFO - [2026-05-26T10:18:19.725+0000] {dag.py:3036} INFO - Sync 1 DAGs
[2026-05-26T10:18:19.735+0000] {logging_mixin.py:188} INFO - [2026-05-26T10:18:19.734+0000] {dag.py:3823} INFO - Setting next_dagrun for warehouse_pipeline to None, run_after=None
[2026-05-26T10:18:19.749+0000] {processor.py:183} INFO - Processing /opt/airflow/dags/warehouse_pipeline.py took 0.068 seconds
[2026-05-26T10:18:50.101+0000] {processor.py:161} INFO - Started process (PID=236) to work on /opt/airflow/dags/warehouse_pipeline.py
[2026-05-26T10:18:50.105+0000] {processor.py:830} INFO - Processing file /opt/airflow/dags/warehouse_pipeline.py for tasks to queue
[2026-05-26T10:18:50.111+0000] {logging_mixin.py:188} INFO - [2026-05-26T10:18:50.107+0000] {dagbag.py:538} INFO - Filling up the DagBag from /opt/airflow/dags/warehouse_pipeline.py
[2026-05-26T10:18:50.147+0000] {processor.py:840} INFO - DAG(s) 'warehouse_pipeline' retrieved from /opt/airflow/dags/warehouse_pipeline.py
[2026-05-26T10:18:50.195+0000] {logging_mixin.py:188} INFO - [2026-05-26T10:18:50.195+0000] {dag.py:3036} INFO - Sync 1 DAGs
[2026-05-26T10:18:50.210+0000] {logging_mixin.py:188} INFO - [2026-05-26T10:18:50.210+0000] {dag.py:3823} INFO - Setting next_dagrun for warehouse_pipeline to None, run_after=None
[2026-05-26T10:18:50.229+0000] {processor.py:183} INFO - Processing /opt/airflow/dags/warehouse_pipeline.py took 0.135 seconds
[2026-05-26T10:19:44.783+0000] {processor.py:161} INFO - Started process (PID=166) to work on /opt/airflow/dags/warehouse_pipeline.py
[2026-05-26T10:19:44.786+0000] {processor.py:830} INFO - Processing file /opt/airflow/dags/warehouse_pipeline.py for tasks to queue
[2026-05-26T10:19:44.787+0000] {logging_mixin.py:188} INFO - [2026-05-26T10:19:44.786+0000] {dagbag.py:538} INFO - Filling up the DagBag from /opt/airflow/dags/warehouse_pipeline.py
[2026-05-26T10:19:44.828+0000] {processor.py:840} INFO - DAG(s) 'warehouse_pipeline' retrieved from /opt/airflow/dags/warehouse_pipeline.py
[2026-05-26T10:19:44.871+0000] {logging_mixin.py:188} INFO - [2026-05-26T10:19:44.871+0000] {dag.py:3036} INFO - Sync 1 DAGs
[2026-05-26T10:19:44.883+0000] {logging_mixin.py:188} INFO - [2026-05-26T10:19:44.883+0000] {dag.py:3823} INFO - Setting next_dagrun for warehouse_pipeline to None, run_after=None
[2026-05-26T10:19:44.897+0000] {processor.py:183} INFO - Processing /opt/airflow/dags/warehouse_pipeline.py took 0.117 seconds
[2026-05-26T10:20:15.241+0000] {processor.py:161} INFO - Started process (PID=177) to work on /opt/airflow/dags/warehouse_pipeline.py
[2026-05-26T10:20:15.243+0000] {processor.py:830} INFO - Processing file /opt/airflow/dags/warehouse_pipeline.py for tasks to queue
[2026-05-26T10:20:15.245+0000] {logging_mixin.py:188} INFO - [2026-05-26T10:20:15.244+0000] {dagbag.py:538} INFO - Filling up the DagBag from /opt/airflow/dags/warehouse_pipeline.py
[2026-05-26T10:20:15.260+0000] {processor.py:840} INFO - DAG(s) 'warehouse_pipeline' retrieved from /opt/airflow/dags/warehouse_pipeline.py
[2026-05-26T10:20:15.296+0000] {logging_mixin.py:188} INFO - [2026-05-26T10:20:15.295+0000] {dag.py:3036} INFO - Sync 1 DAGs
[2026-05-26T10:20:15.306+0000] {logging_mixin.py:188} INFO - [2026-05-26T10:20:15.306+0000] {dag.py:3823} INFO - Setting next_dagrun for warehouse_pipeline to None, run_after=None
[2026-05-26T10:20:15.317+0000] {processor.py:183} INFO - Processing /opt/airflow/dags/warehouse_pipeline.py took 0.083 seconds
[2026-05-26T10:20:45.624+0000] {processor.py:161} INFO - Started process (PID=187) to work on /opt/airflow/dags/warehouse_pipeline.py
[2026-05-26T10:20:45.632+0000] {processor.py:830} INFO - Processing file /opt/airflow/dags/warehouse_pipeline.py for tasks to queue
[2026-05-26T10:20:45.635+0000] {logging_mixin.py:188} INFO - [2026-05-26T10:20:45.633+0000] {dagbag.py:538} INFO - Filling up the DagBag from /opt/airflow/dags/warehouse_pipeline.py
[2026-05-26T10:20:45.657+0000] {processor.py:840} INFO - DAG(s) 'warehouse_pipeline' retrieved from /opt/airflow/dags/warehouse_pipeline.py
[2026-05-26T10:20:45.696+0000] {logging_mixin.py:188} INFO - [2026-05-26T10:20:45.696+0000] {dag.py:3036} INFO - Sync 1 DAGs
[2026-05-26T10:20:45.711+0000] {logging_mixin.py:188} INFO - [2026-05-26T10:20:45.711+0000] {dag.py:3823} INFO - Setting next_dagrun for warehouse_pipeline to None, run_after=None
[2026-05-26T10:20:45.736+0000] {processor.py:183} INFO - Processing /opt/airflow/dags/warehouse_pipeline.py took 0.130 seconds
[2026-05-26T10:21:16.132+0000] {processor.py:161} INFO - Started process (PID=197) to work on /opt/airflow/dags/warehouse_pipeline.py
[2026-05-26T10:21:16.134+0000] {processor.py:830} INFO - Processing file /opt/airflow/dags/warehouse_pipeline.py for tasks to queue
[2026-05-26T10:21:16.136+0000] {logging_mixin.py:188} INFO - [2026-05-26T10:21:16.135+0000] {dagbag.py:538} INFO - Filling up the DagBag from /opt/airflow/dags/warehouse_pipeline.py
[2026-05-26T10:21:16.185+0000] {processor.py:840} INFO - DAG(s) 'warehouse_pipeline' retrieved from /opt/airflow/dags/warehouse_pipeline.py
[2026-05-26T10:21:16.223+0000] {logging_mixin.py:188} INFO - [2026-05-26T10:21:16.223+0000] {dag.py:3036} INFO - Sync 1 DAGs
[2026-05-26T10:21:16.237+0000] {logging_mixin.py:188} INFO - [2026-05-26T10:21:16.237+0000] {dag.py:3823} INFO - Setting next_dagrun for warehouse_pipeline to None, run_after=None
[2026-05-26T10:21:16.267+0000] {processor.py:183} INFO - Processing /opt/airflow/dags/warehouse_pipeline.py took 0.142 seconds
[2026-05-26T10:21:46.668+0000] {processor.py:161} INFO - Started process (PID=207) to work on /opt/airflow/dags/warehouse_pipeline.py
[2026-05-26T10:21:46.670+0000] {processor.py:830} INFO - Processing file /opt/airflow/dags/warehouse_pipeline.py for tasks to queue
[2026-05-26T10:21:46.673+0000] {logging_mixin.py:188} INFO - [2026-05-26T10:21:46.672+0000] {dagbag.py:538} INFO - Filling up the DagBag from /opt/airflow/dags/warehouse_pipeline.py
[2026-05-26T10:21:46.696+0000] {processor.py:840} INFO - DAG(s) 'warehouse_pipeline' retrieved from /opt/airflow/dags/warehouse_pipeline.py
[2026-05-26T10:21:46.743+0000] {logging_mixin.py:188} INFO - [2026-05-26T10:21:46.743+0000] {dag.py:3036} INFO - Sync 1 DAGs
[2026-05-26T10:21:46.755+0000] {logging_mixin.py:188} INFO - [2026-05-26T10:21:46.755+0000] {dag.py:3823} INFO - Setting next_dagrun for warehouse_pipeline to None, run_after=None
[2026-05-26T10:21:46.771+0000] {processor.py:183} INFO - Processing /opt/airflow/dags/warehouse_pipeline.py took 0.111 seconds
[2026-05-26T10:22:17.128+0000] {processor.py:161} INFO - Started process (PID=217) to work on /opt/airflow/dags/warehouse_pipeline.py
[2026-05-26T10:22:17.130+0000] {processor.py:830} INFO - Processing file /opt/airflow/dags/warehouse_pipeline.py for tasks to queue
[2026-05-26T10:22:17.132+0000] {logging_mixin.py:188} INFO - [2026-05-26T10:22:17.132+0000] {dagbag.py:538} INFO - Filling up the DagBag from /opt/airflow/dags/warehouse_pipeline.py
[2026-05-26T10:22:17.148+0000] {processor.py:840} INFO - DAG(s) 'warehouse_pipeline' retrieved from /opt/airflow/dags/warehouse_pipeline.py
[2026-05-26T10:22:17.176+0000] {logging_mixin.py:188} INFO - [2026-05-26T10:22:17.176+0000] {dag.py:3036} INFO - Sync 1 DAGs
[2026-05-26T10:22:17.188+0000] {logging_mixin.py:188} INFO - [2026-05-26T10:22:17.188+0000] {dag.py:3823} INFO - Setting next_dagrun for warehouse_pipeline to None, run_after=None
[2026-05-26T10:22:17.206+0000] {processor.py:183} INFO - Processing /opt/airflow/dags/warehouse_pipeline.py took 0.084 seconds
[2026-05-26T10:22:47.575+0000] {processor.py:161} INFO - Started process (PID=227) to work on /opt/airflow/dags/warehouse_pipeline.py
[2026-05-26T10:22:47.578+0000] {processor.py:830} INFO - Processing file /opt/airflow/dags/warehouse_pipeline.py for tasks to queue
[2026-05-26T10:22:47.579+0000] {logging_mixin.py:188} INFO - [2026-05-26T10:22:47.578+0000] {dagbag.py:538} INFO - Filling up the DagBag from /opt/airflow/dags/warehouse_pipeline.py
[2026-05-26T10:22:47.616+0000] {processor.py:840} INFO - DAG(s) 'warehouse_pipeline' retrieved from /opt/airflow/dags/warehouse_pipeline.py
[2026-05-26T10:22:47.653+0000] {logging_mixin.py:188} INFO - [2026-05-26T10:22:47.653+0000] {dag.py:3036} INFO - Sync 1 DAGs
[2026-05-26T10:22:47.667+0000] {logging_mixin.py:188} INFO - [2026-05-26T10:22:47.667+0000] {dag.py:3823} INFO - Setting next_dagrun for warehouse_pipeline to None, run_after=None
[2026-05-26T10:22:47.687+0000] {processor.py:183} INFO - Processing /opt/airflow/dags/warehouse_pipeline.py took 0.119 seconds
[2026-05-26T10:23:18.076+0000] {processor.py:161} INFO - Started process (PID=237) to work on /opt/airflow/dags/warehouse_pipeline.py
[2026-05-26T10:23:18.079+0000] {processor.py:830} INFO - Processing file /opt/airflow/dags/warehouse_pipeline.py for tasks to queue
[2026-05-26T10:23:18.082+0000] {logging_mixin.py:188} INFO - [2026-05-26T10:23:18.081+0000] {dagbag.py:538} INFO - Filling up the DagBag from /opt/airflow/dags/warehouse_pipeline.py
[2026-05-26T10:23:18.103+0000] {processor.py:840} INFO - DAG(s) 'warehouse_pipeline' retrieved from /opt/airflow/dags/warehouse_pipeline.py
[2026-05-26T10:23:18.134+0000] {logging_mixin.py:188} INFO - [2026-05-26T10:23:18.133+0000] {dag.py:3036} INFO - Sync 1 DAGs
[2026-05-26T10:23:18.150+0000] {logging_mixin.py:188} INFO - [2026-05-26T10:23:18.148+0000] {dag.py:3823} INFO - Setting next_dagrun for warehouse_pipeline to None, run_after=None
[2026-05-26T10:23:18.165+0000] {processor.py:183} INFO - Processing /opt/airflow/dags/warehouse_pipeline.py took 0.100 seconds
[2026-05-26T10:23:48.484+0000] {processor.py:161} INFO - Started process (PID=247) to work on /opt/airflow/dags/warehouse_pipeline.py
[2026-05-26T10:23:48.488+0000] {processor.py:830} INFO - Processing file /opt/airflow/dags/warehouse_pipeline.py for tasks to queue
[2026-05-26T10:23:48.490+0000] {logging_mixin.py:188} INFO - [2026-05-26T10:23:48.489+0000] {dagbag.py:538} INFO - Filling up the DagBag from /opt/airflow/dags/warehouse_pipeline.py
[2026-05-26T10:23:48.507+0000] {processor.py:840} INFO - DAG(s) 'warehouse_pipeline' retrieved from /opt/airflow/dags/warehouse_pipeline.py
[2026-05-26T10:23:48.533+0000] {logging_mixin.py:188} INFO - [2026-05-26T10:23:48.533+0000] {dag.py:3036} INFO - Sync 1 DAGs
[2026-05-26T10:23:48.542+0000] {logging_mixin.py:188} INFO - [2026-05-26T10:23:48.542+0000] {dag.py:3823} INFO - Setting next_dagrun for warehouse_pipeline to None, run_after=None
[2026-05-26T10:23:48.556+0000] {processor.py:183} INFO - Processing /opt/airflow/dags/warehouse_pipeline.py took 0.080 seconds
[2026-05-26T10:24:18.859+0000] {processor.py:161} INFO - Started process (PID=257) to work on /opt/airflow/dags/warehouse_pipeline.py
[2026-05-26T10:24:18.861+0000] {processor.py:830} INFO - Processing file /opt/airflow/dags/warehouse_pipeline.py for tasks to queue
[2026-05-26T10:24:18.863+0000] {logging_mixin.py:188} INFO - [2026-05-26T10:24:18.862+0000] {dagbag.py:538} INFO - Filling up the DagBag from /opt/airflow/dags/warehouse_pipeline.py
[2026-05-26T10:24:18.880+0000] {processor.py:840} INFO - DAG(s) 'warehouse_pipeline' retrieved from /opt/airflow/dags/warehouse_pipeline.py
[2026-05-26T10:24:18.924+0000] {logging_mixin.py:188} INFO - [2026-05-26T10:24:18.923+0000] {dag.py:3036} INFO - Sync 1 DAGs
[2026-05-26T10:24:18.935+0000] {logging_mixin.py:188} INFO - [2026-05-26T10:24:18.935+0000] {dag.py:3823} INFO - Setting next_dagrun for warehouse_pipeline to None, run_after=None
[2026-05-26T10:24:18.951+0000] {processor.py:183} INFO - Processing /opt/airflow/dags/warehouse_pipeline.py took 0.100 seconds
[2026-05-26T10:24:49.281+0000] {processor.py:161} INFO - Started process (PID=267) to work on /opt/airflow/dags/warehouse_pipeline.py
[2026-05-26T10:24:49.287+0000] {processor.py:830} INFO - Processing file /opt/airflow/dags/warehouse_pipeline.py for tasks to queue
[2026-05-26T10:24:49.289+0000] {logging_mixin.py:188} INFO - [2026-05-26T10:24:49.288+0000] {dagbag.py:538} INFO - Filling up the DagBag from /opt/airflow/dags/warehouse_pipeline.py
[2026-05-26T10:24:49.308+0000] {processor.py:840} INFO - DAG(s) 'warehouse_pipeline' retrieved from /opt/airflow/dags/warehouse_pipeline.py
[2026-05-26T10:24:49.336+0000] {logging_mixin.py:188} INFO - [2026-05-26T10:24:49.336+0000] {dag.py:3036} INFO - Sync 1 DAGs
[2026-05-26T10:24:49.347+0000] {logging_mixin.py:188} INFO - [2026-05-26T10:24:49.347+0000] {dag.py:3823} INFO - Setting next_dagrun for warehouse_pipeline to None, run_after=None
[2026-05-26T10:24:49.365+0000] {processor.py:183} INFO - Processing /opt/airflow/dags/warehouse_pipeline.py took 0.106 seconds
[2026-05-26T10:25:19.698+0000] {processor.py:161} INFO - Started process (PID=277) to work on /opt/airflow/dags/warehouse_pipeline.py
[2026-05-26T10:25:19.702+0000] {processor.py:830} INFO - Processing file /opt/airflow/dags/warehouse_pipeline.py for tasks to queue
[2026-05-26T10:25:19.703+0000] {logging_mixin.py:188} INFO - [2026-05-26T10:25:19.702+0000] {dagbag.py:538} INFO - Filling up the DagBag from /opt/airflow/dags/warehouse_pipeline.py
[2026-05-26T10:25:19.724+0000] {processor.py:840} INFO - DAG(s) 'warehouse_pipeline' retrieved from /opt/airflow/dags/warehouse_pipeline.py
[2026-05-26T10:25:19.760+0000] {logging_mixin.py:188} INFO - [2026-05-26T10:25:19.759+0000] {dag.py:3036} INFO - Sync 1 DAGs
[2026-05-26T10:25:19.776+0000] {logging_mixin.py:188} INFO - [2026-05-26T10:25:19.776+0000] {dag.py:3823} INFO - Setting next_dagrun for warehouse_pipeline to None, run_after=None
[2026-05-26T10:25:19.793+0000] {processor.py:183} INFO - Processing /opt/airflow/dags/warehouse_pipeline.py took 0.115 seconds
[2026-05-26T10:25:58.301+0000] {processor.py:161} INFO - Started process (PID=167) to work on /opt/airflow/dags/warehouse_pipeline.py
[2026-05-26T10:25:58.303+0000] {processor.py:830} INFO - Processing file /opt/airflow/dags/warehouse_pipeline.py for tasks to queue
[2026-05-26T10:25:58.303+0000] {logging_mixin.py:188} INFO - [2026-05-26T10:25:58.303+0000] {dagbag.py:538} INFO - Filling up the DagBag from /opt/airflow/dags/warehouse_pipeline.py
[2026-05-26T10:25:58.328+0000] {processor.py:840} INFO - DAG(s) 'warehouse_pipeline' retrieved from /opt/airflow/dags/warehouse_pipeline.py
[2026-05-26T10:25:58.370+0000] {logging_mixin.py:188} INFO - [2026-05-26T10:25:58.370+0000] {dag.py:3036} INFO - Sync 1 DAGs
[2026-05-26T10:25:58.379+0000] {logging_mixin.py:188} INFO - [2026-05-26T10:25:58.379+0000] {dag.py:3823} INFO - Setting next_dagrun for warehouse_pipeline to None, run_after=None
[2026-05-26T10:25:58.393+0000] {processor.py:183} INFO - Processing /opt/airflow/dags/warehouse_pipeline.py took 0.095 seconds
[2026-05-26T10:26:28.721+0000] {processor.py:161} INFO - Started process (PID=177) to work on /opt/airflow/dags/warehouse_pipeline.py
[2026-05-26T10:26:28.723+0000] {processor.py:830} INFO - Processing file /opt/airflow/dags/warehouse_pipeline.py for tasks to queue
[2026-05-26T10:26:28.725+0000] {logging_mixin.py:188} INFO - [2026-05-26T10:26:28.724+0000] {dagbag.py:538} INFO - Filling up the DagBag from /opt/airflow/dags/warehouse_pipeline.py
[2026-05-26T10:26:28.745+0000] {processor.py:840} INFO - DAG(s) 'warehouse_pipeline' retrieved from /opt/airflow/dags/warehouse_pipeline.py
[2026-05-26T10:26:28.778+0000] {logging_mixin.py:188} INFO - [2026-05-26T10:26:28.778+0000] {dag.py:3036} INFO - Sync 1 DAGs
[2026-05-26T10:26:28.788+0000] {logging_mixin.py:188} INFO - [2026-05-26T10:26:28.788+0000] {dag.py:3823} INFO - Setting next_dagrun for warehouse_pipeline to None, run_after=None
[2026-05-26T10:26:28.804+0000] {processor.py:183} INFO - Processing /opt/airflow/dags/warehouse_pipeline.py took 0.090 seconds
[2026-05-26T10:26:59.179+0000] {processor.py:161} INFO - Started process (PID=187) to work on /opt/airflow/dags/warehouse_pipeline.py
[2026-05-26T10:26:59.180+0000] {processor.py:830} INFO - Processing file /opt/airflow/dags/warehouse_pipeline.py for tasks to queue
[2026-05-26T10:26:59.181+0000] {logging_mixin.py:188} INFO - [2026-05-26T10:26:59.181+0000] {dagbag.py:538} INFO - Filling up the DagBag from /opt/airflow/dags/warehouse_pipeline.py
[2026-05-26T10:26:59.188+0000] {processor.py:840} INFO - DAG(s) 'warehouse_pipeline' retrieved from /opt/airflow/dags/warehouse_pipeline.py
[2026-05-26T10:26:59.207+0000] {logging_mixin.py:188} INFO - [2026-05-26T10:26:59.207+0000] {dag.py:3036} INFO - Sync 1 DAGs
[2026-05-26T10:26:59.215+0000] {logging_mixin.py:188} INFO - [2026-05-26T10:26:59.215+0000] {dag.py:3823} INFO - Setting next_dagrun for warehouse_pipeline to None, run_after=None
[2026-05-26T10:26:59.229+0000] {processor.py:183} INFO - Processing /opt/airflow/dags/warehouse_pipeline.py took 0.054 seconds
[2026-05-26T10:27:29.646+0000] {processor.py:161} INFO - Started process (PID=197) to work on /opt/airflow/dags/warehouse_pipeline.py
[2026-05-26T10:27:29.648+0000] {processor.py:830} INFO - Processing file /opt/airflow/dags/warehouse_pipeline.py for tasks to queue
[2026-05-26T10:27:29.650+0000] {logging_mixin.py:188} INFO - [2026-05-26T10:27:29.649+0000] {dagbag.py:538} INFO - Filling up the DagBag from /opt/airflow/dags/warehouse_pipeline.py
[2026-05-26T10:27:29.666+0000] {processor.py:840} INFO - DAG(s) 'warehouse_pipeline' retrieved from /opt/airflow/dags/warehouse_pipeline.py
[2026-05-26T10:27:29.690+0000] {logging_mixin.py:188} INFO - [2026-05-26T10:27:29.690+0000] {dag.py:3036} INFO - Sync 1 DAGs
[2026-05-26T10:27:29.699+0000] {logging_mixin.py:188} INFO - [2026-05-26T10:27:29.699+0000] {dag.py:3823} INFO - Setting next_dagrun for warehouse_pipeline to None, run_after=None
[2026-05-26T10:27:29.713+0000] {processor.py:183} INFO - Processing /opt/airflow/dags/warehouse_pipeline.py took 0.074 seconds
[2026-05-26T10:28:00.022+0000] {processor.py:161} INFO - Started process (PID=207) to work on /opt/airflow/dags/warehouse_pipeline.py
[2026-05-26T10:28:00.025+0000] {processor.py:830} INFO - Processing file /opt/airflow/dags/warehouse_pipeline.py for tasks to queue
[2026-05-26T10:28:00.028+0000] {logging_mixin.py:188} INFO - [2026-05-26T10:28:00.027+0000] {dagbag.py:538} INFO - Filling up the DagBag from /opt/airflow/dags/warehouse_pipeline.py
[2026-05-26T10:28:00.040+0000] {processor.py:840} INFO - DAG(s) 'warehouse_pipeline' retrieved from /opt/airflow/dags/warehouse_pipeline.py
[2026-05-26T10:28:00.062+0000] {logging_mixin.py:188} INFO - [2026-05-26T10:28:00.062+0000] {dag.py:3036} INFO - Sync 1 DAGs
[2026-05-26T10:28:00.069+0000] {logging_mixin.py:188} INFO - [2026-05-26T10:28:00.069+0000] {dag.py:3823} INFO - Setting next_dagrun for warehouse_pipeline to None, run_after=None
[2026-05-26T10:28:00.083+0000] {processor.py:183} INFO - Processing /opt/airflow/dags/warehouse_pipeline.py took 0.066 seconds
[2026-05-26T10:28:30.491+0000] {processor.py:161} INFO - Started process (PID=217) to work on /opt/airflow/dags/warehouse_pipeline.py
[2026-05-26T10:28:30.494+0000] {processor.py:830} INFO - Processing file /opt/airflow/dags/warehouse_pipeline.py for tasks to queue
[2026-05-26T10:28:30.497+0000] {logging_mixin.py:188} INFO - [2026-05-26T10:28:30.496+0000] {dagbag.py:538} INFO - Filling up the DagBag from /opt/airflow/dags/warehouse_pipeline.py
[2026-05-26T10:28:30.513+0000] {processor.py:840} INFO - DAG(s) 'warehouse_pipeline' retrieved from /opt/airflow/dags/warehouse_pipeline.py
[2026-05-26T10:28:30.534+0000] {logging_mixin.py:188} INFO - [2026-05-26T10:28:30.534+0000] {dag.py:3036} INFO - Sync 1 DAGs
[2026-05-26T10:28:30.541+0000] {logging_mixin.py:188} INFO - [2026-05-26T10:28:30.541+0000] {dag.py:3823} INFO - Setting next_dagrun for warehouse_pipeline to None, run_after=None
[2026-05-26T10:28:30.551+0000] {processor.py:183} INFO - Processing /opt/airflow/dags/warehouse_pipeline.py took 0.064 seconds
[2026-05-26T10:29:00.866+0000] {processor.py:161} INFO - Started process (PID=227) to work on /opt/airflow/dags/warehouse_pipeline.py
[2026-05-26T10:29:00.870+0000] {processor.py:830} INFO - Processing file /opt/airflow/dags/warehouse_pipeline.py for tasks to queue
[2026-05-26T10:29:00.871+0000] {logging_mixin.py:188} INFO - [2026-05-26T10:29:00.871+0000] {dagbag.py:538} INFO - Filling up the DagBag from /opt/airflow/dags/warehouse_pipeline.py
[2026-05-26T10:29:00.888+0000] {processor.py:840} INFO - DAG(s) 'warehouse_pipeline' retrieved from /opt/airflow/dags/warehouse_pipeline.py
[2026-05-26T10:29:00.917+0000] {logging_mixin.py:188} INFO - [2026-05-26T10:29:00.916+0000] {dag.py:3036} INFO - Sync 1 DAGs
[2026-05-26T10:29:00.938+0000] {logging_mixin.py:188} INFO - [2026-05-26T10:29:00.938+0000] {dag.py:3823} INFO - Setting next_dagrun for warehouse_pipeline to None, run_after=None
[2026-05-26T10:29:00.968+0000] {processor.py:183} INFO - Processing /opt/airflow/dags/warehouse_pipeline.py took 0.109 seconds
[2026-05-26T10:29:31.338+0000] {processor.py:161} INFO - Started process (PID=237) to work on /opt/airflow/dags/warehouse_pipeline.py
[2026-05-26T10:29:31.341+0000] {processor.py:830} INFO - Processing file /opt/airflow/dags/warehouse_pipeline.py for tasks to queue
[2026-05-26T10:29:31.343+0000] {logging_mixin.py:188} INFO - [2026-05-26T10:29:31.342+0000] {dagbag.py:538} INFO - Filling up the DagBag from /opt/airflow/dags/warehouse_pipeline.py
[2026-05-26T10:29:31.362+0000] {processor.py:840} INFO - DAG(s) 'warehouse_pipeline' retrieved from /opt/airflow/dags/warehouse_pipeline.py
[2026-05-26T10:29:31.390+0000] {logging_mixin.py:188} INFO - [2026-05-26T10:29:31.390+0000] {dag.py:3036} INFO - Sync 1 DAGs
[2026-05-26T10:29:31.399+0000] {logging_mixin.py:188} INFO - [2026-05-26T10:29:31.399+0000] {dag.py:3823} INFO - Setting next_dagrun for warehouse_pipeline to None, run_after=None
[2026-05-26T10:29:31.413+0000] {processor.py:183} INFO - Processing /opt/airflow/dags/warehouse_pipeline.py took 0.082 seconds
[2026-05-26T10:30:01.780+0000] {processor.py:161} INFO - Started process (PID=247) to work on /opt/airflow/dags/warehouse_pipeline.py
[2026-05-26T10:30:01.785+0000] {processor.py:830} INFO - Processing file /opt/airflow/dags/warehouse_pipeline.py for tasks to queue
[2026-05-26T10:30:01.787+0000] {logging_mixin.py:188} INFO - [2026-05-26T10:30:01.787+0000] {dagbag.py:538} INFO - Filling up the DagBag from /opt/airflow/dags/warehouse_pipeline.py
[2026-05-26T10:30:01.801+0000] {processor.py:840} INFO - DAG(s) 'warehouse_pipeline' retrieved from /opt/airflow/dags/warehouse_pipeline.py
[2026-05-26T10:30:01.837+0000] {logging_mixin.py:188} INFO - [2026-05-26T10:30:01.837+0000] {dag.py:3036} INFO - Sync 1 DAGs
[2026-05-26T10:30:01.847+0000] {logging_mixin.py:188} INFO - [2026-05-26T10:30:01.847+0000] {dag.py:3823} INFO - Setting next_dagrun for warehouse_pipeline to None, run_after=None
[2026-05-26T10:30:01.861+0000] {processor.py:183} INFO - Processing /opt/airflow/dags/warehouse_pipeline.py took 0.086 seconds
[2026-05-26T10:30:32.240+0000] {processor.py:161} INFO - Started process (PID=257) to work on /opt/airflow/dags/warehouse_pipeline.py
[2026-05-26T10:30:32.244+0000] {processor.py:830} INFO - Processing file /opt/airflow/dags/warehouse_pipeline.py for tasks to queue
[2026-05-26T10:30:32.246+0000] {logging_mixin.py:188} INFO - [2026-05-26T10:30:32.246+0000] {dagbag.py:538} INFO - Filling up the DagBag from /opt/airflow/dags/warehouse_pipeline.py
[2026-05-26T10:30:32.263+0000] {processor.py:840} INFO - DAG(s) 'warehouse_pipeline' retrieved from /opt/airflow/dags/warehouse_pipeline.py
[2026-05-26T10:30:32.306+0000] {logging_mixin.py:188} INFO - [2026-05-26T10:30:32.306+0000] {dag.py:3036} INFO - Sync 1 DAGs
[2026-05-26T10:30:32.317+0000] {logging_mixin.py:188} INFO - [2026-05-26T10:30:32.317+0000] {dag.py:3823} INFO - Setting next_dagrun for warehouse_pipeline to None, run_after=None
[2026-05-26T10:30:32.333+0000] {processor.py:183} INFO - Processing /opt/airflow/dags/warehouse_pipeline.py took 0.104 seconds
[2026-05-26T10:31:02.695+0000] {processor.py:161} INFO - Started process (PID=267) to work on /opt/airflow/dags/warehouse_pipeline.py
[2026-05-26T10:31:02.702+0000] {processor.py:830} INFO - Processing file /opt/airflow/dags/warehouse_pipeline.py for tasks to queue
[2026-05-26T10:31:02.707+0000] {logging_mixin.py:188} INFO - [2026-05-26T10:31:02.706+0000] {dagbag.py:538} INFO - Filling up the DagBag from /opt/airflow/dags/warehouse_pipeline.py
[2026-05-26T10:31:02.723+0000] {processor.py:840} INFO - DAG(s) 'warehouse_pipeline' retrieved from /opt/airflow/dags/warehouse_pipeline.py
[2026-05-26T10:31:02.751+0000] {logging_mixin.py:188} INFO - [2026-05-26T10:31:02.751+0000] {dag.py:3036} INFO - Sync 1 DAGs
[2026-05-26T10:31:02.760+0000] {logging_mixin.py:188} INFO - [2026-05-26T10:31:02.760+0000] {dag.py:3823} INFO - Setting next_dagrun for warehouse_pipeline to None, run_after=None
[2026-05-26T10:31:02.775+0000] {processor.py:183} INFO - Processing /opt/airflow/dags/warehouse_pipeline.py took 0.093 seconds
[2026-05-26T10:31:33.096+0000] {processor.py:161} INFO - Started process (PID=277) to work on /opt/airflow/dags/warehouse_pipeline.py
[2026-05-26T10:31:33.099+0000] {processor.py:830} INFO - Processing file /opt/airflow/dags/warehouse_pipeline.py for tasks to queue
[2026-05-26T10:31:33.101+0000] {logging_mixin.py:188} INFO - [2026-05-26T10:31:33.100+0000] {dagbag.py:538} INFO - Filling up the DagBag from /opt/airflow/dags/warehouse_pipeline.py
[2026-05-26T10:31:33.125+0000] {processor.py:840} INFO - DAG(s) 'warehouse_pipeline' retrieved from /opt/airflow/dags/warehouse_pipeline.py
[2026-05-26T10:31:33.150+0000] {logging_mixin.py:188} INFO - [2026-05-26T10:31:33.150+0000] {dag.py:3036} INFO - Sync 1 DAGs
[2026-05-26T10:31:33.160+0000] {logging_mixin.py:188} INFO - [2026-05-26T10:31:33.160+0000] {dag.py:3823} INFO - Setting next_dagrun for warehouse_pipeline to None, run_after=None
[2026-05-26T10:31:33.175+0000] {processor.py:183} INFO - Processing /opt/airflow/dags/warehouse_pipeline.py took 0.090 seconds
[2026-05-26T10:32:03.487+0000] {processor.py:161} INFO - Started process (PID=287) to work on /opt/airflow/dags/warehouse_pipeline.py
[2026-05-26T10:32:03.489+0000] {processor.py:830} INFO - Processing file /opt/airflow/dags/warehouse_pipeline.py for tasks to queue
[2026-05-26T10:32:03.491+0000] {logging_mixin.py:188} INFO - [2026-05-26T10:32:03.490+0000] {dagbag.py:538} INFO - Filling up the DagBag from /opt/airflow/dags/warehouse_pipeline.py
[2026-05-26T10:32:03.507+0000] {processor.py:840} INFO - DAG(s) 'warehouse_pipeline' retrieved from /opt/airflow/dags/warehouse_pipeline.py
[2026-05-26T10:32:03.529+0000] {logging_mixin.py:188} INFO - [2026-05-26T10:32:03.528+0000] {dag.py:3036} INFO - Sync 1 DAGs
[2026-05-26T10:32:03.536+0000] {logging_mixin.py:188} INFO - [2026-05-26T10:32:03.536+0000] {dag.py:3823} INFO - Setting next_dagrun for warehouse_pipeline to None, run_after=None
[2026-05-26T10:32:03.551+0000] {processor.py:183} INFO - Processing /opt/airflow/dags/warehouse_pipeline.py took 0.068 seconds
[2026-05-26T10:32:33.906+0000] {processor.py:161} INFO - Started process (PID=297) to work on /opt/airflow/dags/warehouse_pipeline.py
[2026-05-26T10:32:33.909+0000] {processor.py:830} INFO - Processing file /opt/airflow/dags/warehouse_pipeline.py for tasks to queue
[2026-05-26T10:32:33.910+0000] {logging_mixin.py:188} INFO - [2026-05-26T10:32:33.910+0000] {dagbag.py:538} INFO - Filling up the DagBag from /opt/airflow/dags/warehouse_pipeline.py
[2026-05-26T10:32:33.923+0000] {processor.py:840} INFO - DAG(s) 'warehouse_pipeline' retrieved from /opt/airflow/dags/warehouse_pipeline.py
[2026-05-26T10:32:33.952+0000] {logging_mixin.py:188} INFO - [2026-05-26T10:32:33.952+0000] {dag.py:3036} INFO - Sync 1 DAGs
[2026-05-26T10:32:33.961+0000] {logging_mixin.py:188} INFO - [2026-05-26T10:32:33.961+0000] {dag.py:3823} INFO - Setting next_dagrun for warehouse_pipeline to None, run_after=None
[2026-05-26T10:32:33.972+0000] {processor.py:183} INFO - Processing /opt/airflow/dags/warehouse_pipeline.py took 0.071 seconds
[2026-05-26T10:33:04.326+0000] {processor.py:161} INFO - Started process (PID=307) to work on /opt/airflow/dags/warehouse_pipeline.py
[2026-05-26T10:33:04.330+0000] {processor.py:830} INFO - Processing file /opt/airflow/dags/warehouse_pipeline.py for tasks to queue
[2026-05-26T10:33:04.331+0000] {logging_mixin.py:188} INFO - [2026-05-26T10:33:04.331+0000] {dagbag.py:538} INFO - Filling up the DagBag from /opt/airflow/dags/warehouse_pipeline.py
[2026-05-26T10:33:04.346+0000] {processor.py:840} INFO - DAG(s) 'warehouse_pipeline' retrieved from /opt/airflow/dags/warehouse_pipeline.py
[2026-05-26T10:33:04.374+0000] {logging_mixin.py:188} INFO - [2026-05-26T10:33:04.374+0000] {dag.py:3036} INFO - Sync 1 DAGs
[2026-05-26T10:33:04.384+0000] {logging_mixin.py:188} INFO - [2026-05-26T10:33:04.384+0000] {dag.py:3823} INFO - Setting next_dagrun for warehouse_pipeline to None, run_after=None
[2026-05-26T10:33:04.401+0000] {processor.py:183} INFO - Processing /opt/airflow/dags/warehouse_pipeline.py took 0.080 seconds
[2026-05-26T10:33:34.720+0000] {processor.py:161} INFO - Started process (PID=317) to work on /opt/airflow/dags/warehouse_pipeline.py
[2026-05-26T10:33:34.722+0000] {processor.py:830} INFO - Processing file /opt/airflow/dags/warehouse_pipeline.py for tasks to queue
[2026-05-26T10:33:34.723+0000] {logging_mixin.py:188} INFO - [2026-05-26T10:33:34.723+0000] {dagbag.py:538} INFO - Filling up the DagBag from /opt/airflow/dags/warehouse_pipeline.py
[2026-05-26T10:33:34.744+0000] {processor.py:840} INFO - DAG(s) 'warehouse_pipeline' retrieved from /opt/airflow/dags/warehouse_pipeline.py
[2026-05-26T10:33:34.771+0000] {logging_mixin.py:188} INFO - [2026-05-26T10:33:34.771+0000] {dag.py:3036} INFO - Sync 1 DAGs
[2026-05-26T10:33:34.780+0000] {logging_mixin.py:188} INFO - [2026-05-26T10:33:34.780+0000] {dag.py:3823} INFO - Setting next_dagrun for warehouse_pipeline to None, run_after=None
[2026-05-26T10:33:34.793+0000] {processor.py:183} INFO - Processing /opt/airflow/dags/warehouse_pipeline.py took 0.079 seconds
[2026-05-26T10:34:05.222+0000] {processor.py:161} INFO - Started process (PID=327) to work on /opt/airflow/dags/warehouse_pipeline.py
[2026-05-26T10:34:05.225+0000] {processor.py:830} INFO - Processing file /opt/airflow/dags/warehouse_pipeline.py for tasks to queue
[2026-05-26T10:34:05.227+0000] {logging_mixin.py:188} INFO - [2026-05-26T10:34:05.227+0000] {dagbag.py:538} INFO - Filling up the DagBag from /opt/airflow/dags/warehouse_pipeline.py
[2026-05-26T10:34:05.248+0000] {processor.py:840} INFO - DAG(s) 'warehouse_pipeline' retrieved from /opt/airflow/dags/warehouse_pipeline.py
[2026-05-26T10:34:05.273+0000] {logging_mixin.py:188} INFO - [2026-05-26T10:34:05.273+0000] {dag.py:3036} INFO - Sync 1 DAGs
[2026-05-26T10:34:05.282+0000] {logging_mixin.py:188} INFO - [2026-05-26T10:34:05.282+0000] {dag.py:3823} INFO - Setting next_dagrun for warehouse_pipeline to None, run_after=None
[2026-05-26T10:34:05.298+0000] {processor.py:183} INFO - Processing /opt/airflow/dags/warehouse_pipeline.py took 0.086 seconds
[2026-05-26T10:34:35.677+0000] {processor.py:161} INFO - Started process (PID=337) to work on /opt/airflow/dags/warehouse_pipeline.py
[2026-05-26T10:34:35.679+0000] {processor.py:830} INFO - Processing file /opt/airflow/dags/warehouse_pipeline.py for tasks to queue
[2026-05-26T10:34:35.681+0000] {logging_mixin.py:188} INFO - [2026-05-26T10:34:35.680+0000] {dagbag.py:538} INFO - Filling up the DagBag from /opt/airflow/dags/warehouse_pipeline.py
[2026-05-26T10:34:35.701+0000] {processor.py:840} INFO - DAG(s) 'warehouse_pipeline' retrieved from /opt/airflow/dags/warehouse_pipeline.py
[2026-05-26T10:34:35.726+0000] {logging_mixin.py:188} INFO - [2026-05-26T10:34:35.726+0000] {dag.py:3036} INFO - Sync 1 DAGs
[2026-05-26T10:34:35.736+0000] {logging_mixin.py:188} INFO - [2026-05-26T10:34:35.736+0000] {dag.py:3823} INFO - Setting next_dagrun for warehouse_pipeline to None, run_after=None
[2026-05-26T10:34:35.752+0000] {processor.py:183} INFO - Processing /opt/airflow/dags/warehouse_pipeline.py took 0.084 seconds
[2026-05-26T10:35:06.065+0000] {processor.py:161} INFO - Started process (PID=347) to work on /opt/airflow/dags/warehouse_pipeline.py
[2026-05-26T10:35:06.068+0000] {processor.py:830} INFO - Processing file /opt/airflow/dags/warehouse_pipeline.py for tasks to queue
[2026-05-26T10:35:06.070+0000] {logging_mixin.py:188} INFO - [2026-05-26T10:35:06.069+0000] {dagbag.py:538} INFO - Filling up the DagBag from /opt/airflow/dags/warehouse_pipeline.py
[2026-05-26T10:35:06.087+0000] {processor.py:840} INFO - DAG(s) 'warehouse_pipeline' retrieved from /opt/airflow/dags/warehouse_pipeline.py
[2026-05-26T10:35:06.122+0000] {logging_mixin.py:188} INFO - [2026-05-26T10:35:06.122+0000] {dag.py:3036} INFO - Sync 1 DAGs
[2026-05-26T10:35:06.131+0000] {logging_mixin.py:188} INFO - [2026-05-26T10:35:06.131+0000] {dag.py:3823} INFO - Setting next_dagrun for warehouse_pipeline to None, run_after=None
[2026-05-26T10:35:06.148+0000] {processor.py:183} INFO - Processing /opt/airflow/dags/warehouse_pipeline.py took 0.096 seconds
[2026-05-26T10:35:36.561+0000] {processor.py:161} INFO - Started process (PID=357) to work on /opt/airflow/dags/warehouse_pipeline.py
[2026-05-26T10:35:36.564+0000] {processor.py:830} INFO - Processing file /opt/airflow/dags/warehouse_pipeline.py for tasks to queue
[2026-05-26T10:35:36.566+0000] {logging_mixin.py:188} INFO - [2026-05-26T10:35:36.565+0000] {dagbag.py:538} INFO - Filling up the DagBag from /opt/airflow/dags/warehouse_pipeline.py
[2026-05-26T10:35:36.584+0000] {processor.py:840} INFO - DAG(s) 'warehouse_pipeline' retrieved from /opt/airflow/dags/warehouse_pipeline.py
[2026-05-26T10:35:36.608+0000] {logging_mixin.py:188} INFO - [2026-05-26T10:35:36.608+0000] {dag.py:3036} INFO - Sync 1 DAGs
[2026-05-26T10:35:36.617+0000] {logging_mixin.py:188} INFO - [2026-05-26T10:35:36.616+0000] {dag.py:3823} INFO - Setting next_dagrun for warehouse_pipeline to None, run_after=None
[2026-05-26T10:35:36.631+0000] {processor.py:183} INFO - Processing /opt/airflow/dags/warehouse_pipeline.py took 0.079 seconds
[2026-05-26T10:36:07.034+0000] {processor.py:161} INFO - Started process (PID=367) to work on /opt/airflow/dags/warehouse_pipeline.py
[2026-05-26T10:36:07.038+0000] {processor.py:830} INFO - Processing file /opt/airflow/dags/warehouse_pipeline.py for tasks to queue
[2026-05-26T10:36:07.039+0000] {logging_mixin.py:188} INFO - [2026-05-26T10:36:07.038+0000] {dagbag.py:538} INFO - Filling up the DagBag from /opt/airflow/dags/warehouse_pipeline.py
[2026-05-26T10:36:07.057+0000] {processor.py:840} INFO - DAG(s) 'warehouse_pipeline' retrieved from /opt/airflow/dags/warehouse_pipeline.py
[2026-05-26T10:36:07.077+0000] {logging_mixin.py:188} INFO - [2026-05-26T10:36:07.077+0000] {dag.py:3036} INFO - Sync 1 DAGs
[2026-05-26T10:36:07.083+0000] {logging_mixin.py:188} INFO - [2026-05-26T10:36:07.083+0000] {dag.py:3823} INFO - Setting next_dagrun for warehouse_pipeline to None, run_after=None
[2026-05-26T10:36:07.096+0000] {processor.py:183} INFO - Processing /opt/airflow/dags/warehouse_pipeline.py took 0.069 seconds
[2026-05-26T10:36:37.475+0000] {processor.py:161} INFO - Started process (PID=377) to work on /opt/airflow/dags/warehouse_pipeline.py
[2026-05-26T10:36:37.478+0000] {processor.py:830} INFO - Processing file /opt/airflow/dags/warehouse_pipeline.py for tasks to queue
[2026-05-26T10:36:37.479+0000] {logging_mixin.py:188} INFO - [2026-05-26T10:36:37.478+0000] {dagbag.py:538} INFO - Filling up the DagBag from /opt/airflow/dags/warehouse_pipeline.py
[2026-05-26T10:36:37.500+0000] {processor.py:840} INFO - DAG(s) 'warehouse_pipeline' retrieved from /opt/airflow/dags/warehouse_pipeline.py
[2026-05-26T10:36:37.525+0000] {logging_mixin.py:188} INFO - [2026-05-26T10:36:37.525+0000] {dag.py:3036} INFO - Sync 1 DAGs
[2026-05-26T10:36:37.533+0000] {logging_mixin.py:188} INFO - [2026-05-26T10:36:37.533+0000] {dag.py:3823} INFO - Setting next_dagrun for warehouse_pipeline to None, run_after=None
[2026-05-26T10:36:37.549+0000] {processor.py:183} INFO - Processing /opt/airflow/dags/warehouse_pipeline.py took 0.082 seconds
[2026-05-26T10:37:07.819+0000] {processor.py:161} INFO - Started process (PID=387) to work on /opt/airflow/dags/warehouse_pipeline.py
[2026-05-26T10:37:07.821+0000] {processor.py:830} INFO - Processing file /opt/airflow/dags/warehouse_pipeline.py for tasks to queue
[2026-05-26T10:37:07.823+0000] {logging_mixin.py:188} INFO - [2026-05-26T10:37:07.822+0000] {dagbag.py:538} INFO - Filling up the DagBag from /opt/airflow/dags/warehouse_pipeline.py
[2026-05-26T10:37:07.835+0000] {processor.py:840} INFO - DAG(s) 'warehouse_pipeline' retrieved from /opt/airflow/dags/warehouse_pipeline.py
[2026-05-26T10:37:07.854+0000] {logging_mixin.py:188} INFO - [2026-05-26T10:37:07.854+0000] {dag.py:3036} INFO - Sync 1 DAGs
[2026-05-26T10:37:07.862+0000] {logging_mixin.py:188} INFO - [2026-05-26T10:37:07.862+0000] {dag.py:3823} INFO - Setting next_dagrun for warehouse_pipeline to None, run_after=None
[2026-05-26T10:37:07.876+0000] {processor.py:183} INFO - Processing /opt/airflow/dags/warehouse_pipeline.py took 0.061 seconds
[2026-05-26T10:37:38.270+0000] {processor.py:161} INFO - Started process (PID=397) to work on /opt/airflow/dags/warehouse_pipeline.py
[2026-05-26T10:37:38.281+0000] {processor.py:830} INFO - Processing file /opt/airflow/dags/warehouse_pipeline.py for tasks to queue
[2026-05-26T10:37:38.286+0000] {logging_mixin.py:188} INFO - [2026-05-26T10:37:38.285+0000] {dagbag.py:538} INFO - Filling up the DagBag from /opt/airflow/dags/warehouse_pipeline.py
[2026-05-26T10:37:38.308+0000] {processor.py:840} INFO - DAG(s) 'warehouse_pipeline' retrieved from /opt/airflow/dags/warehouse_pipeline.py
[2026-05-26T10:37:38.336+0000] {logging_mixin.py:188} INFO - [2026-05-26T10:37:38.336+0000] {dag.py:3036} INFO - Sync 1 DAGs
[2026-05-26T10:37:38.344+0000] {logging_mixin.py:188} INFO - [2026-05-26T10:37:38.344+0000] {dag.py:3823} INFO - Setting next_dagrun for warehouse_pipeline to None, run_after=None
[2026-05-26T10:37:38.360+0000] {processor.py:183} INFO - Processing /opt/airflow/dags/warehouse_pipeline.py took 0.108 seconds
[2026-05-26T10:38:08.654+0000] {processor.py:161} INFO - Started process (PID=407) to work on /opt/airflow/dags/warehouse_pipeline.py
[2026-05-26T10:38:08.657+0000] {processor.py:830} INFO - Processing file /opt/airflow/dags/warehouse_pipeline.py for tasks to queue
[2026-05-26T10:38:08.658+0000] {logging_mixin.py:188} INFO - [2026-05-26T10:38:08.658+0000] {dagbag.py:538} INFO - Filling up the DagBag from /opt/airflow/dags/warehouse_pipeline.py
[2026-05-26T10:38:08.671+0000] {processor.py:840} INFO - DAG(s) 'warehouse_pipeline' retrieved from /opt/airflow/dags/warehouse_pipeline.py
[2026-05-26T10:38:08.693+0000] {logging_mixin.py:188} INFO - [2026-05-26T10:38:08.692+0000] {dag.py:3036} INFO - Sync 1 DAGs
[2026-05-26T10:38:08.700+0000] {logging_mixin.py:188} INFO - [2026-05-26T10:38:08.700+0000] {dag.py:3823} INFO - Setting next_dagrun for warehouse_pipeline to None, run_after=None
[2026-05-26T10:38:08.710+0000] {processor.py:183} INFO - Processing /opt/airflow/dags/warehouse_pipeline.py took 0.061 seconds
[2026-05-26T10:38:38.972+0000] {processor.py:161} INFO - Started process (PID=417) to work on /opt/airflow/dags/warehouse_pipeline.py
[2026-05-26T10:38:38.974+0000] {processor.py:830} INFO - Processing file /opt/airflow/dags/warehouse_pipeline.py for tasks to queue
[2026-05-26T10:38:38.975+0000] {logging_mixin.py:188} INFO - [2026-05-26T10:38:38.975+0000] {dagbag.py:538} INFO - Filling up the DagBag from /opt/airflow/dags/warehouse_pipeline.py
[2026-05-26T10:38:38.993+0000] {processor.py:840} INFO - DAG(s) 'warehouse_pipeline' retrieved from /opt/airflow/dags/warehouse_pipeline.py
[2026-05-26T10:38:39.021+0000] {logging_mixin.py:188} INFO - [2026-05-26T10:38:39.021+0000] {dag.py:3036} INFO - Sync 1 DAGs
[2026-05-26T10:38:39.031+0000] {logging_mixin.py:188} INFO - [2026-05-26T10:38:39.031+0000] {dag.py:3823} INFO - Setting next_dagrun for warehouse_pipeline to None, run_after=None
[2026-05-26T10:38:39.047+0000] {processor.py:183} INFO - Processing /opt/airflow/dags/warehouse_pipeline.py took 0.082 seconds
[2026-05-26T10:39:09.369+0000] {processor.py:161} INFO - Started process (PID=427) to work on /opt/airflow/dags/warehouse_pipeline.py
[2026-05-26T10:39:09.373+0000] {processor.py:830} INFO - Processing file /opt/airflow/dags/warehouse_pipeline.py for tasks to queue
[2026-05-26T10:39:09.374+0000] {logging_mixin.py:188} INFO - [2026-05-26T10:39:09.374+0000] {dagbag.py:538} INFO - Filling up the DagBag from /opt/airflow/dags/warehouse_pipeline.py
[2026-05-26T10:39:09.403+0000] {processor.py:840} INFO - DAG(s) 'warehouse_pipeline' retrieved from /opt/airflow/dags/warehouse_pipeline.py
[2026-05-26T10:39:09.430+0000] {logging_mixin.py:188} INFO - [2026-05-26T10:39:09.430+0000] {dag.py:3036} INFO - Sync 1 DAGs
[2026-05-26T10:39:09.443+0000] {logging_mixin.py:188} INFO - [2026-05-26T10:39:09.442+0000] {dag.py:3823} INFO - Setting next_dagrun for warehouse_pipeline to None, run_after=None
[2026-05-26T10:39:09.457+0000] {processor.py:183} INFO - Processing /opt/airflow/dags/warehouse_pipeline.py took 0.095 seconds
[2026-05-26T10:39:39.755+0000] {processor.py:161} INFO - Started process (PID=437) to work on /opt/airflow/dags/warehouse_pipeline.py
[2026-05-26T10:39:39.758+0000] {processor.py:830} INFO - Processing file /opt/airflow/dags/warehouse_pipeline.py for tasks to queue
[2026-05-26T10:39:39.760+0000] {logging_mixin.py:188} INFO - [2026-05-26T10:39:39.759+0000] {dagbag.py:538} INFO - Filling up the DagBag from /opt/airflow/dags/warehouse_pipeline.py
[2026-05-26T10:39:39.778+0000] {processor.py:840} INFO - DAG(s) 'warehouse_pipeline' retrieved from /opt/airflow/dags/warehouse_pipeline.py
[2026-05-26T10:39:39.809+0000] {logging_mixin.py:188} INFO - [2026-05-26T10:39:39.809+0000] {dag.py:3036} INFO - Sync 1 DAGs
[2026-05-26T10:39:39.829+0000] {logging_mixin.py:188} INFO - [2026-05-26T10:39:39.829+0000] {dag.py:3823} INFO - Setting next_dagrun for warehouse_pipeline to None, run_after=None
[2026-05-26T10:39:39.846+0000] {processor.py:183} INFO - Processing /opt/airflow/dags/warehouse_pipeline.py took 0.097 seconds
[2026-05-26T10:40:10.241+0000] {processor.py:161} INFO - Started process (PID=447) to work on /opt/airflow/dags/warehouse_pipeline.py
[2026-05-26T10:40:10.244+0000] {processor.py:830} INFO - Processing file /opt/airflow/dags/warehouse_pipeline.py for tasks to queue
[2026-05-26T10:40:10.249+0000] {logging_mixin.py:188} INFO - [2026-05-26T10:40:10.249+0000] {dagbag.py:538} INFO - Filling up the DagBag from /opt/airflow/dags/warehouse_pipeline.py
[2026-05-26T10:40:10.267+0000] {processor.py:840} INFO - DAG(s) 'warehouse_pipeline' retrieved from /opt/airflow/dags/warehouse_pipeline.py
[2026-05-26T10:40:10.297+0000] {logging_mixin.py:188} INFO - [2026-05-26T10:40:10.297+0000] {dag.py:3036} INFO - Sync 1 DAGs
[2026-05-26T10:40:10.309+0000] {logging_mixin.py:188} INFO - [2026-05-26T10:40:10.309+0000] {dag.py:3823} INFO - Setting next_dagrun for warehouse_pipeline to None, run_after=None
[2026-05-26T10:40:10.323+0000] {processor.py:183} INFO - Processing /opt/airflow/dags/warehouse_pipeline.py took 0.089 seconds
[2026-05-26T10:40:40.625+0000] {processor.py:161} INFO - Started process (PID=457) to work on /opt/airflow/dags/warehouse_pipeline.py
[2026-05-26T10:40:40.628+0000] {processor.py:830} INFO - Processing file /opt/airflow/dags/warehouse_pipeline.py for tasks to queue
[2026-05-26T10:40:40.629+0000] {logging_mixin.py:188} INFO - [2026-05-26T10:40:40.629+0000] {dagbag.py:538} INFO - Filling up the DagBag from /opt/airflow/dags/warehouse_pipeline.py
[2026-05-26T10:40:40.651+0000] {processor.py:840} INFO - DAG(s) 'warehouse_pipeline' retrieved from /opt/airflow/dags/warehouse_pipeline.py
[2026-05-26T10:40:40.672+0000] {logging_mixin.py:188} INFO - [2026-05-26T10:40:40.672+0000] {dag.py:3036} INFO - Sync 1 DAGs
[2026-05-26T10:40:40.680+0000] {logging_mixin.py:188} INFO - [2026-05-26T10:40:40.680+0000] {dag.py:3823} INFO - Setting next_dagrun for warehouse_pipeline to None, run_after=None
[2026-05-26T10:40:40.695+0000] {processor.py:183} INFO - Processing /opt/airflow/dags/warehouse_pipeline.py took 0.077 seconds
[2026-05-26T10:41:11.131+0000] {processor.py:161} INFO - Started process (PID=467) to work on /opt/airflow/dags/warehouse_pipeline.py
[2026-05-26T10:41:11.133+0000] {processor.py:830} INFO - Processing file /opt/airflow/dags/warehouse_pipeline.py for tasks to queue
[2026-05-26T10:41:11.135+0000] {logging_mixin.py:188} INFO - [2026-05-26T10:41:11.134+0000] {dagbag.py:538} INFO - Filling up the DagBag from /opt/airflow/dags/warehouse_pipeline.py
[2026-05-26T10:41:11.159+0000] {processor.py:840} INFO - DAG(s) 'warehouse_pipeline' retrieved from /opt/airflow/dags/warehouse_pipeline.py
[2026-05-26T10:41:11.194+0000] {logging_mixin.py:188} INFO - [2026-05-26T10:41:11.194+0000] {dag.py:3036} INFO - Sync 1 DAGs
[2026-05-26T10:41:11.203+0000] {logging_mixin.py:188} INFO - [2026-05-26T10:41:11.203+0000] {dag.py:3823} INFO - Setting next_dagrun for warehouse_pipeline to None, run_after=None
[2026-05-26T10:41:11.217+0000] {processor.py:183} INFO - Processing /opt/airflow/dags/warehouse_pipeline.py took 0.094 seconds
[2026-05-26T10:41:41.469+0000] {processor.py:161} INFO - Started process (PID=477) to work on /opt/airflow/dags/warehouse_pipeline.py
[2026-05-26T10:41:41.471+0000] {processor.py:830} INFO - Processing file /opt/airflow/dags/warehouse_pipeline.py for tasks to queue
[2026-05-26T10:41:41.472+0000] {logging_mixin.py:188} INFO - [2026-05-26T10:41:41.472+0000] {dagbag.py:538} INFO - Filling up the DagBag from /opt/airflow/dags/warehouse_pipeline.py
[2026-05-26T10:41:41.488+0000] {processor.py:840} INFO - DAG(s) 'warehouse_pipeline' retrieved from /opt/airflow/dags/warehouse_pipeline.py
[2026-05-26T10:41:41.512+0000] {logging_mixin.py:188} INFO - [2026-05-26T10:41:41.512+0000] {dag.py:3036} INFO - Sync 1 DAGs
[2026-05-26T10:41:41.525+0000] {logging_mixin.py:188} INFO - [2026-05-26T10:41:41.525+0000] {dag.py:3823} INFO - Setting next_dagrun for warehouse_pipeline to None, run_after=None
[2026-05-26T10:41:41.538+0000] {processor.py:183} INFO - Processing /opt/airflow/dags/warehouse_pipeline.py took 0.076 seconds
[2026-05-26T10:42:11.899+0000] {processor.py:161} INFO - Started process (PID=487) to work on /opt/airflow/dags/warehouse_pipeline.py
[2026-05-26T10:42:11.903+0000] {processor.py:830} INFO - Processing file /opt/airflow/dags/warehouse_pipeline.py for tasks to queue
[2026-05-26T10:42:11.904+0000] {logging_mixin.py:188} INFO - [2026-05-26T10:42:11.904+0000] {dagbag.py:538} INFO - Filling up the DagBag from /opt/airflow/dags/warehouse_pipeline.py
[2026-05-26T10:42:11.918+0000] {processor.py:840} INFO - DAG(s) 'warehouse_pipeline' retrieved from /opt/airflow/dags/warehouse_pipeline.py
[2026-05-26T10:42:11.954+0000] {logging_mixin.py:188} INFO - [2026-05-26T10:42:11.954+0000] {dag.py:3036} INFO - Sync 1 DAGs
[2026-05-26T10:42:11.963+0000] {logging_mixin.py:188} INFO - [2026-05-26T10:42:11.963+0000] {dag.py:3823} INFO - Setting next_dagrun for warehouse_pipeline to None, run_after=None
[2026-05-26T10:42:11.977+0000] {processor.py:183} INFO - Processing /opt/airflow/dags/warehouse_pipeline.py took 0.085 seconds
[2026-05-26T10:42:42.242+0000] {processor.py:161} INFO - Started process (PID=497) to work on /opt/airflow/dags/warehouse_pipeline.py
[2026-05-26T10:42:42.246+0000] {processor.py:830} INFO - Processing file /opt/airflow/dags/warehouse_pipeline.py for tasks to queue
[2026-05-26T10:42:42.248+0000] {logging_mixin.py:188} INFO - [2026-05-26T10:42:42.246+0000] {dagbag.py:538} INFO - Filling up the DagBag from /opt/airflow/dags/warehouse_pipeline.py
[2026-05-26T10:42:42.263+0000] {processor.py:840} INFO - DAG(s) 'warehouse_pipeline' retrieved from /opt/airflow/dags/warehouse_pipeline.py
[2026-05-26T10:42:42.284+0000] {logging_mixin.py:188} INFO - [2026-05-26T10:42:42.284+0000] {dag.py:3036} INFO - Sync 1 DAGs
[2026-05-26T10:42:42.294+0000] {logging_mixin.py:188} INFO - [2026-05-26T10:42:42.294+0000] {dag.py:3823} INFO - Setting next_dagrun for warehouse_pipeline to None, run_after=None
[2026-05-26T10:42:42.305+0000] {processor.py:183} INFO - Processing /opt/airflow/dags/warehouse_pipeline.py took 0.069 seconds
[2026-05-26T10:43:12.705+0000] {processor.py:161} INFO - Started process (PID=507) to work on /opt/airflow/dags/warehouse_pipeline.py
[2026-05-26T10:43:12.710+0000] {processor.py:830} INFO - Processing file /opt/airflow/dags/warehouse_pipeline.py for tasks to queue
[2026-05-26T10:43:12.712+0000] {logging_mixin.py:188} INFO - [2026-05-26T10:43:12.712+0000] {dagbag.py:538} INFO - Filling up the DagBag from /opt/airflow/dags/warehouse_pipeline.py
[2026-05-26T10:43:12.731+0000] {processor.py:840} INFO - DAG(s) 'warehouse_pipeline' retrieved from /opt/airflow/dags/warehouse_pipeline.py
[2026-05-26T10:43:12.757+0000] {logging_mixin.py:188} INFO - [2026-05-26T10:43:12.757+0000] {dag.py:3036} INFO - Sync 1 DAGs
[2026-05-26T10:43:12.766+0000] {logging_mixin.py:188} INFO - [2026-05-26T10:43:12.766+0000] {dag.py:3823} INFO - Setting next_dagrun for warehouse_pipeline to None, run_after=None
[2026-05-26T10:43:12.781+0000] {processor.py:183} INFO - Processing /opt/airflow/dags/warehouse_pipeline.py took 0.097 seconds
[2026-05-26T10:43:43.121+0000] {processor.py:161} INFO - Started process (PID=517) to work on /opt/airflow/dags/warehouse_pipeline.py
[2026-05-26T10:43:43.123+0000] {processor.py:830} INFO - Processing file /opt/airflow/dags/warehouse_pipeline.py for tasks to queue
[2026-05-26T10:43:43.125+0000] {logging_mixin.py:188} INFO - [2026-05-26T10:43:43.125+0000] {dagbag.py:538} INFO - Filling up the DagBag from /opt/airflow/dags/warehouse_pipeline.py
[2026-05-26T10:43:43.140+0000] {processor.py:840} INFO - DAG(s) 'warehouse_pipeline' retrieved from /opt/airflow/dags/warehouse_pipeline.py
[2026-05-26T10:43:43.162+0000] {logging_mixin.py:188} INFO - [2026-05-26T10:43:43.162+0000] {dag.py:3036} INFO - Sync 1 DAGs
[2026-05-26T10:43:43.171+0000] {logging_mixin.py:188} INFO - [2026-05-26T10:43:43.171+0000] {dag.py:3823} INFO - Setting next_dagrun for warehouse_pipeline to None, run_after=None
[2026-05-26T10:43:43.184+0000] {processor.py:183} INFO - Processing /opt/airflow/dags/warehouse_pipeline.py took 0.068 seconds
[2026-05-26T10:44:13.519+0000] {processor.py:161} INFO - Started process (PID=527) to work on /opt/airflow/dags/warehouse_pipeline.py
[2026-05-26T10:44:13.524+0000] {processor.py:830} INFO - Processing file /opt/airflow/dags/warehouse_pipeline.py for tasks to queue
[2026-05-26T10:44:13.526+0000] {logging_mixin.py:188} INFO - [2026-05-26T10:44:13.525+0000] {dagbag.py:538} INFO - Filling up the DagBag from /opt/airflow/dags/warehouse_pipeline.py
[2026-05-26T10:44:13.545+0000] {processor.py:840} INFO - DAG(s) 'warehouse_pipeline' retrieved from /opt/airflow/dags/warehouse_pipeline.py
[2026-05-26T10:44:13.577+0000] {logging_mixin.py:188} INFO - [2026-05-26T10:44:13.576+0000] {dag.py:3036} INFO - Sync 1 DAGs
[2026-05-26T10:44:13.585+0000] {logging_mixin.py:188} INFO - [2026-05-26T10:44:13.585+0000] {dag.py:3823} INFO - Setting next_dagrun for warehouse_pipeline to None, run_after=None
[2026-05-26T10:44:13.599+0000] {processor.py:183} INFO - Processing /opt/airflow/dags/warehouse_pipeline.py took 0.091 seconds
[2026-05-26T10:44:43.895+0000] {processor.py:161} INFO - Started process (PID=537) to work on /opt/airflow/dags/warehouse_pipeline.py
[2026-05-26T10:44:43.901+0000] {processor.py:830} INFO - Processing file /opt/airflow/dags/warehouse_pipeline.py for tasks to queue
[2026-05-26T10:44:43.904+0000] {logging_mixin.py:188} INFO - [2026-05-26T10:44:43.903+0000] {dagbag.py:538} INFO - Filling up the DagBag from /opt/airflow/dags/warehouse_pipeline.py
[2026-05-26T10:44:43.924+0000] {processor.py:840} INFO - DAG(s) 'warehouse_pipeline' retrieved from /opt/airflow/dags/warehouse_pipeline.py
[2026-05-26T10:44:43.953+0000] {logging_mixin.py:188} INFO - [2026-05-26T10:44:43.953+0000] {dag.py:3036} INFO - Sync 1 DAGs
[2026-05-26T10:44:43.965+0000] {logging_mixin.py:188} INFO - [2026-05-26T10:44:43.965+0000] {dag.py:3823} INFO - Setting next_dagrun for warehouse_pipeline to None, run_after=None
[2026-05-26T10:44:43.980+0000] {processor.py:183} INFO - Processing /opt/airflow/dags/warehouse_pipeline.py took 0.100 seconds
[2026-05-26T10:45:14.266+0000] {processor.py:161} INFO - Started process (PID=547) to work on /opt/airflow/dags/warehouse_pipeline.py
[2026-05-26T10:45:14.268+0000] {processor.py:830} INFO - Processing file /opt/airflow/dags/warehouse_pipeline.py for tasks to queue
[2026-05-26T10:45:14.271+0000] {logging_mixin.py:188} INFO - [2026-05-26T10:45:14.270+0000] {dagbag.py:538} INFO - Filling up the DagBag from /opt/airflow/dags/warehouse_pipeline.py
[2026-05-26T10:45:14.285+0000] {processor.py:840} INFO - DAG(s) 'warehouse_pipeline' retrieved from /opt/airflow/dags/warehouse_pipeline.py
[2026-05-26T10:45:14.310+0000] {logging_mixin.py:188} INFO - [2026-05-26T10:45:14.310+0000] {dag.py:3036} INFO - Sync 1 DAGs
[2026-05-26T10:45:14.319+0000] {logging_mixin.py:188} INFO - [2026-05-26T10:45:14.319+0000] {dag.py:3823} INFO - Setting next_dagrun for warehouse_pipeline to None, run_after=None
[2026-05-26T10:45:14.332+0000] {processor.py:183} INFO - Processing /opt/airflow/dags/warehouse_pipeline.py took 0.071 seconds
[2026-05-26T10:45:44.727+0000] {processor.py:161} INFO - Started process (PID=557) to work on /opt/airflow/dags/warehouse_pipeline.py
[2026-05-26T10:45:44.732+0000] {processor.py:830} INFO - Processing file /opt/airflow/dags/warehouse_pipeline.py for tasks to queue
[2026-05-26T10:45:44.734+0000] {logging_mixin.py:188} INFO - [2026-05-26T10:45:44.734+0000] {dagbag.py:538} INFO - Filling up the DagBag from /opt/airflow/dags/warehouse_pipeline.py
[2026-05-26T10:45:44.754+0000] {processor.py:840} INFO - DAG(s) 'warehouse_pipeline' retrieved from /opt/airflow/dags/warehouse_pipeline.py
[2026-05-26T10:45:44.794+0000] {logging_mixin.py:188} INFO - [2026-05-26T10:45:44.794+0000] {dag.py:3036} INFO - Sync 1 DAGs
[2026-05-26T10:45:44.804+0000] {logging_mixin.py:188} INFO - [2026-05-26T10:45:44.804+0000] {dag.py:3823} INFO - Setting next_dagrun for warehouse_pipeline to None, run_after=None
[2026-05-26T10:45:44.820+0000] {processor.py:183} INFO - Processing /opt/airflow/dags/warehouse_pipeline.py took 0.101 seconds
[2026-05-26T10:46:15.080+0000] {processor.py:161} INFO - Started process (PID=567) to work on /opt/airflow/dags/warehouse_pipeline.py
[2026-05-26T10:46:15.084+0000] {processor.py:830} INFO - Processing file /opt/airflow/dags/warehouse_pipeline.py for tasks to queue
[2026-05-26T10:46:15.087+0000] {logging_mixin.py:188} INFO - [2026-05-26T10:46:15.086+0000] {dagbag.py:538} INFO - Filling up the DagBag from /opt/airflow/dags/warehouse_pipeline.py
[2026-05-26T10:46:15.117+0000] {processor.py:840} INFO - DAG(s) 'warehouse_pipeline' retrieved from /opt/airflow/dags/warehouse_pipeline.py
[2026-05-26T10:46:15.145+0000] {logging_mixin.py:188} INFO - [2026-05-26T10:46:15.145+0000] {dag.py:3036} INFO - Sync 1 DAGs
[2026-05-26T10:46:15.158+0000] {logging_mixin.py:188} INFO - [2026-05-26T10:46:15.158+0000] {dag.py:3823} INFO - Setting next_dagrun for warehouse_pipeline to None, run_after=None
[2026-05-26T10:46:15.174+0000] {processor.py:183} INFO - Processing /opt/airflow/dags/warehouse_pipeline.py took 0.102 seconds
[2026-05-26T10:46:45.451+0000] {processor.py:161} INFO - Started process (PID=577) to work on /opt/airflow/dags/warehouse_pipeline.py
[2026-05-26T10:46:45.457+0000] {processor.py:830} INFO - Processing file /opt/airflow/dags/warehouse_pipeline.py for tasks to queue
[2026-05-26T10:46:45.460+0000] {logging_mixin.py:188} INFO - [2026-05-26T10:46:45.459+0000] {dagbag.py:538} INFO - Filling up the DagBag from /opt/airflow/dags/warehouse_pipeline.py
[2026-05-26T10:46:45.479+0000] {processor.py:840} INFO - DAG(s) 'warehouse_pipeline' retrieved from /opt/airflow/dags/warehouse_pipeline.py
[2026-05-26T10:46:45.508+0000] {logging_mixin.py:188} INFO - [2026-05-26T10:46:45.508+0000] {dag.py:3036} INFO - Sync 1 DAGs
[2026-05-26T10:46:45.521+0000] {logging_mixin.py:188} INFO - [2026-05-26T10:46:45.521+0000] {dag.py:3823} INFO - Setting next_dagrun for warehouse_pipeline to None, run_after=None
[2026-05-26T10:46:45.536+0000] {processor.py:183} INFO - Processing /opt/airflow/dags/warehouse_pipeline.py took 0.098 seconds
[2026-05-26T10:47:15.885+0000] {processor.py:161} INFO - Started process (PID=587) to work on /opt/airflow/dags/warehouse_pipeline.py
[2026-05-26T10:47:15.887+0000] {processor.py:830} INFO - Processing file /opt/airflow/dags/warehouse_pipeline.py for tasks to queue
[2026-05-26T10:47:15.888+0000] {logging_mixin.py:188} INFO - [2026-05-26T10:47:15.888+0000] {dagbag.py:538} INFO - Filling up the DagBag from /opt/airflow/dags/warehouse_pipeline.py
[2026-05-26T10:47:15.901+0000] {processor.py:840} INFO - DAG(s) 'warehouse_pipeline' retrieved from /opt/airflow/dags/warehouse_pipeline.py
[2026-05-26T10:47:15.924+0000] {logging_mixin.py:188} INFO - [2026-05-26T10:47:15.924+0000] {dag.py:3036} INFO - Sync 1 DAGs
[2026-05-26T10:47:15.936+0000] {logging_mixin.py:188} INFO - [2026-05-26T10:47:15.936+0000] {dag.py:3823} INFO - Setting next_dagrun for warehouse_pipeline to None, run_after=None
[2026-05-26T10:47:15.950+0000] {processor.py:183} INFO - Processing /opt/airflow/dags/warehouse_pipeline.py took 0.070 seconds
[2026-05-26T10:47:46.263+0000] {processor.py:161} INFO - Started process (PID=597) to work on /opt/airflow/dags/warehouse_pipeline.py
[2026-05-26T10:47:46.266+0000] {processor.py:830} INFO - Processing file /opt/airflow/dags/warehouse_pipeline.py for tasks to queue
[2026-05-26T10:47:46.268+0000] {logging_mixin.py:188} INFO - [2026-05-26T10:47:46.267+0000] {dagbag.py:538} INFO - Filling up the DagBag from /opt/airflow/dags/warehouse_pipeline.py
[2026-05-26T10:47:46.291+0000] {processor.py:840} INFO - DAG(s) 'warehouse_pipeline' retrieved from /opt/airflow/dags/warehouse_pipeline.py
[2026-05-26T10:47:46.327+0000] {logging_mixin.py:188} INFO - [2026-05-26T10:47:46.327+0000] {dag.py:3036} INFO - Sync 1 DAGs
[2026-05-26T10:47:46.344+0000] {logging_mixin.py:188} INFO - [2026-05-26T10:47:46.344+0000] {dag.py:3823} INFO - Setting next_dagrun for warehouse_pipeline to None, run_after=None
[2026-05-26T10:47:46.358+0000] {processor.py:183} INFO - Processing /opt/airflow/dags/warehouse_pipeline.py took 0.116 seconds
[2026-05-26T10:48:16.787+0000] {processor.py:161} INFO - Started process (PID=607) to work on /opt/airflow/dags/warehouse_pipeline.py
[2026-05-26T10:48:16.791+0000] {processor.py:830} INFO - Processing file /opt/airflow/dags/warehouse_pipeline.py for tasks to queue
[2026-05-26T10:48:16.795+0000] {logging_mixin.py:188} INFO - [2026-05-26T10:48:16.794+0000] {dagbag.py:538} INFO - Filling up the DagBag from /opt/airflow/dags/warehouse_pipeline.py
[2026-05-26T10:48:16.819+0000] {processor.py:840} INFO - DAG(s) 'warehouse_pipeline' retrieved from /opt/airflow/dags/warehouse_pipeline.py
[2026-05-26T10:48:16.848+0000] {logging_mixin.py:188} INFO - [2026-05-26T10:48:16.848+0000] {dag.py:3036} INFO - Sync 1 DAGs
[2026-05-26T10:48:16.860+0000] {logging_mixin.py:188} INFO - [2026-05-26T10:48:16.860+0000] {dag.py:3823} INFO - Setting next_dagrun for warehouse_pipeline to None, run_after=None
[2026-05-26T10:48:16.874+0000] {processor.py:183} INFO - Processing /opt/airflow/dags/warehouse_pipeline.py took 0.102 seconds
[2026-05-26T10:48:47.178+0000] {processor.py:161} INFO - Started process (PID=617) to work on /opt/airflow/dags/warehouse_pipeline.py
[2026-05-26T10:48:47.181+0000] {processor.py:830} INFO - Processing file /opt/airflow/dags/warehouse_pipeline.py for tasks to queue
[2026-05-26T10:48:47.183+0000] {logging_mixin.py:188} INFO - [2026-05-26T10:48:47.182+0000] {dagbag.py:538} INFO - Filling up the DagBag from /opt/airflow/dags/warehouse_pipeline.py
[2026-05-26T10:48:47.200+0000] {processor.py:840} INFO - DAG(s) 'warehouse_pipeline' retrieved from /opt/airflow/dags/warehouse_pipeline.py
[2026-05-26T10:48:47.230+0000] {logging_mixin.py:188} INFO - [2026-05-26T10:48:47.230+0000] {dag.py:3036} INFO - Sync 1 DAGs
[2026-05-26T10:48:47.242+0000] {logging_mixin.py:188} INFO - [2026-05-26T10:48:47.242+0000] {dag.py:3823} INFO - Setting next_dagrun for warehouse_pipeline to None, run_after=None
[2026-05-26T10:48:47.263+0000] {processor.py:183} INFO - Processing /opt/airflow/dags/warehouse_pipeline.py took 0.093 seconds
[2026-05-26T10:49:17.554+0000] {processor.py:161} INFO - Started process (PID=627) to work on /opt/airflow/dags/warehouse_pipeline.py
[2026-05-26T10:49:17.556+0000] {processor.py:830} INFO - Processing file /opt/airflow/dags/warehouse_pipeline.py for tasks to queue
[2026-05-26T10:49:17.558+0000] {logging_mixin.py:188} INFO - [2026-05-26T10:49:17.557+0000] {dagbag.py:538} INFO - Filling up the DagBag from /opt/airflow/dags/warehouse_pipeline.py
[2026-05-26T10:49:17.571+0000] {processor.py:840} INFO - DAG(s) 'warehouse_pipeline' retrieved from /opt/airflow/dags/warehouse_pipeline.py
[2026-05-26T10:49:17.593+0000] {logging_mixin.py:188} INFO - [2026-05-26T10:49:17.592+0000] {dag.py:3036} INFO - Sync 1 DAGs
[2026-05-26T10:49:17.603+0000] {logging_mixin.py:188} INFO - [2026-05-26T10:49:17.603+0000] {dag.py:3823} INFO - Setting next_dagrun for warehouse_pipeline to None, run_after=None
[2026-05-26T10:49:17.618+0000] {processor.py:183} INFO - Processing /opt/airflow/dags/warehouse_pipeline.py took 0.069 seconds
[2026-05-26T10:49:47.989+0000] {processor.py:161} INFO - Started process (PID=637) to work on /opt/airflow/dags/warehouse_pipeline.py
[2026-05-26T10:49:47.992+0000] {processor.py:830} INFO - Processing file /opt/airflow/dags/warehouse_pipeline.py for tasks to queue
[2026-05-26T10:49:47.993+0000] {logging_mixin.py:188} INFO - [2026-05-26T10:49:47.993+0000] {dagbag.py:538} INFO - Filling up the DagBag from /opt/airflow/dags/warehouse_pipeline.py
[2026-05-26T10:49:48.022+0000] {processor.py:840} INFO - DAG(s) 'warehouse_pipeline' retrieved from /opt/airflow/dags/warehouse_pipeline.py
[2026-05-26T10:49:48.050+0000] {logging_mixin.py:188} INFO - [2026-05-26T10:49:48.050+0000] {dag.py:3036} INFO - Sync 1 DAGs
[2026-05-26T10:49:48.063+0000] {logging_mixin.py:188} INFO - [2026-05-26T10:49:48.063+0000] {dag.py:3823} INFO - Setting next_dagrun for warehouse_pipeline to None, run_after=None
[2026-05-26T10:49:48.079+0000] {processor.py:183} INFO - Processing /opt/airflow/dags/warehouse_pipeline.py took 0.098 seconds
[2026-05-26T10:50:18.393+0000] {processor.py:161} INFO - Started process (PID=647) to work on /opt/airflow/dags/warehouse_pipeline.py
[2026-05-26T10:50:18.396+0000] {processor.py:830} INFO - Processing file /opt/airflow/dags/warehouse_pipeline.py for tasks to queue
[2026-05-26T10:50:18.398+0000] {logging_mixin.py:188} INFO - [2026-05-26T10:50:18.398+0000] {dagbag.py:538} INFO - Filling up the DagBag from /opt/airflow/dags/warehouse_pipeline.py
[2026-05-26T10:50:18.415+0000] {processor.py:840} INFO - DAG(s) 'warehouse_pipeline' retrieved from /opt/airflow/dags/warehouse_pipeline.py
[2026-05-26T10:50:18.441+0000] {logging_mixin.py:188} INFO - [2026-05-26T10:50:18.441+0000] {dag.py:3036} INFO - Sync 1 DAGs
[2026-05-26T10:50:18.450+0000] {logging_mixin.py:188} INFO - [2026-05-26T10:50:18.449+0000] {dag.py:3823} INFO - Setting next_dagrun for warehouse_pipeline to None, run_after=None
[2026-05-26T10:50:18.465+0000] {processor.py:183} INFO - Processing /opt/airflow/dags/warehouse_pipeline.py took 0.080 seconds
[2026-05-26T10:50:48.742+0000] {processor.py:161} INFO - Started process (PID=657) to work on /opt/airflow/dags/warehouse_pipeline.py
[2026-05-26T10:50:48.744+0000] {processor.py:830} INFO - Processing file /opt/airflow/dags/warehouse_pipeline.py for tasks to queue
[2026-05-26T10:50:48.745+0000] {logging_mixin.py:188} INFO - [2026-05-26T10:50:48.745+0000] {dagbag.py:538} INFO - Filling up the DagBag from /opt/airflow/dags/warehouse_pipeline.py
[2026-05-26T10:50:48.755+0000] {processor.py:840} INFO - DAG(s) 'warehouse_pipeline' retrieved from /opt/airflow/dags/warehouse_pipeline.py
[2026-05-26T10:50:48.780+0000] {logging_mixin.py:188} INFO - [2026-05-26T10:50:48.780+0000] {dag.py:3036} INFO - Sync 1 DAGs
[2026-05-26T10:50:48.789+0000] {logging_mixin.py:188} INFO - [2026-05-26T10:50:48.789+0000] {dag.py:3823} INFO - Setting next_dagrun for warehouse_pipeline to None, run_after=None
[2026-05-26T10:50:48.803+0000] {processor.py:183} INFO - Processing /opt/airflow/dags/warehouse_pipeline.py took 0.068 seconds
[2026-05-26T10:51:19.183+0000] {processor.py:161} INFO - Started process (PID=667) to work on /opt/airflow/dags/warehouse_pipeline.py
[2026-05-26T10:51:19.187+0000] {processor.py:830} INFO - Processing file /opt/airflow/dags/warehouse_pipeline.py for tasks to queue
[2026-05-26T10:51:19.189+0000] {logging_mixin.py:188} INFO - [2026-05-26T10:51:19.188+0000] {dagbag.py:538} INFO - Filling up the DagBag from /opt/airflow/dags/warehouse_pipeline.py
[2026-05-26T10:51:19.212+0000] {processor.py:840} INFO - DAG(s) 'warehouse_pipeline' retrieved from /opt/airflow/dags/warehouse_pipeline.py
[2026-05-26T10:51:19.252+0000] {logging_mixin.py:188} INFO - [2026-05-26T10:51:19.252+0000] {dag.py:3036} INFO - Sync 1 DAGs
[2026-05-26T10:51:19.262+0000] {logging_mixin.py:188} INFO - [2026-05-26T10:51:19.262+0000] {dag.py:3823} INFO - Setting next_dagrun for warehouse_pipeline to None, run_after=None
[2026-05-26T10:51:19.278+0000] {processor.py:183} INFO - Processing /opt/airflow/dags/warehouse_pipeline.py took 0.104 seconds
[2026-05-26T10:51:49.601+0000] {processor.py:161} INFO - Started process (PID=677) to work on /opt/airflow/dags/warehouse_pipeline.py
[2026-05-26T10:51:49.605+0000] {processor.py:830} INFO - Processing file /opt/airflow/dags/warehouse_pipeline.py for tasks to queue
[2026-05-26T10:51:49.609+0000] {logging_mixin.py:188} INFO - [2026-05-26T10:51:49.607+0000] {dagbag.py:538} INFO - Filling up the DagBag from /opt/airflow/dags/warehouse_pipeline.py
[2026-05-26T10:51:49.629+0000] {processor.py:840} INFO - DAG(s) 'warehouse_pipeline' retrieved from /opt/airflow/dags/warehouse_pipeline.py
[2026-05-26T10:51:49.655+0000] {logging_mixin.py:188} INFO - [2026-05-26T10:51:49.654+0000] {dag.py:3036} INFO - Sync 1 DAGs
[2026-05-26T10:51:49.665+0000] {logging_mixin.py:188} INFO - [2026-05-26T10:51:49.664+0000] {dag.py:3823} INFO - Setting next_dagrun for warehouse_pipeline to None, run_after=None
[2026-05-26T10:51:49.679+0000] {processor.py:183} INFO - Processing /opt/airflow/dags/warehouse_pipeline.py took 0.095 seconds
[2026-05-26T10:52:20.038+0000] {processor.py:161} INFO - Started process (PID=687) to work on /opt/airflow/dags/warehouse_pipeline.py
[2026-05-26T10:52:20.041+0000] {processor.py:830} INFO - Processing file /opt/airflow/dags/warehouse_pipeline.py for tasks to queue
[2026-05-26T10:52:20.043+0000] {logging_mixin.py:188} INFO - [2026-05-26T10:52:20.043+0000] {dagbag.py:538} INFO - Filling up the DagBag from /opt/airflow/dags/warehouse_pipeline.py
[2026-05-26T10:52:20.060+0000] {processor.py:840} INFO - DAG(s) 'warehouse_pipeline' retrieved from /opt/airflow/dags/warehouse_pipeline.py
[2026-05-26T10:52:20.090+0000] {logging_mixin.py:188} INFO - [2026-05-26T10:52:20.090+0000] {dag.py:3036} INFO - Sync 1 DAGs
[2026-05-26T10:52:20.101+0000] {logging_mixin.py:188} INFO - [2026-05-26T10:52:20.101+0000] {dag.py:3823} INFO - Setting next_dagrun for warehouse_pipeline to None, run_after=None
[2026-05-26T10:52:20.118+0000] {processor.py:183} INFO - Processing /opt/airflow/dags/warehouse_pipeline.py took 0.087 seconds
