[2026-05-22T15:13:16.169+0000] {taskinstance.py:1956} INFO - Dependencies all met for dep_context=non-requeueable deps ti=<TaskInstance: warehouse_pipeline.load_raw_data manual__2026-05-22T15:13:15.065694+00:00 [queued]>
[2026-05-22T15:13:16.172+0000] {taskinstance.py:1956} INFO - Dependencies all met for dep_context=requeueable deps ti=<TaskInstance: warehouse_pipeline.load_raw_data manual__2026-05-22T15:13:15.065694+00:00 [queued]>
[2026-05-22T15:13:16.172+0000] {taskinstance.py:2170} INFO - Starting attempt 1 of 1
[2026-05-22T15:13:16.178+0000] {taskinstance.py:2191} INFO - Executing <Task(BashOperator): load_raw_data> on 2026-05-22 15:13:15.065694+00:00
[2026-05-22T15:13:16.180+0000] {standard_task_runner.py:60} INFO - Started process 200 to run task
[2026-05-22T15:13:16.183+0000] {standard_task_runner.py:87} INFO - Running: ['***', 'tasks', 'run', 'warehouse_pipeline', 'load_raw_data', 'manual__2026-05-22T15:13:15.065694+00:00', '--job-id', '3', '--raw', '--subdir', 'DAGS_FOLDER/warehouse_pipeline.py', '--cfg-path', '/tmp/tmphz42penv']
[2026-05-22T15:13:16.184+0000] {standard_task_runner.py:88} INFO - Job 3: Subtask load_raw_data
[2026-05-22T15:13:16.206+0000] {task_command.py:423} INFO - Running <TaskInstance: warehouse_pipeline.load_raw_data manual__2026-05-22T15:13:15.065694+00:00 [running]> on host ddd49e0ec5cd
[2026-05-22T15:13:16.240+0000] {taskinstance.py:2480} INFO - Exporting env vars: AIRFLOW_CTX_DAG_OWNER='Priyanka' AIRFLOW_CTX_DAG_ID='warehouse_pipeline' AIRFLOW_CTX_TASK_ID='load_raw_data' AIRFLOW_CTX_EXECUTION_DATE='2026-05-22T15:13:15.065694+00:00' AIRFLOW_CTX_TRY_NUMBER='1' AIRFLOW_CTX_DAG_RUN_ID='manual__2026-05-22T15:13:15.065694+00:00'
[2026-05-22T15:13:16.241+0000] {subprocess.py:63} INFO - Tmp dir root location: /tmp
[2026-05-22T15:13:16.241+0000] {subprocess.py:75} INFO - Running command: ['/usr/bin/bash', '-c', 'cd /opt/*** && python scripts/load_raw_data.py']
[2026-05-22T15:13:16.245+0000] {subprocess.py:86} INFO - Output:
[2026-05-22T15:13:16.990+0000] {subprocess.py:93} INFO - Traceback (most recent call last):
[2026-05-22T15:13:16.990+0000] {subprocess.py:93} INFO -   File "/home/***/.local/lib/python3.8/site-packages/sqlalchemy/engine/base.py", line 3371, in _wrap_pool_connect
[2026-05-22T15:13:16.990+0000] {subprocess.py:93} INFO -     return fn()
[2026-05-22T15:13:16.990+0000] {subprocess.py:93} INFO -   File "/home/***/.local/lib/python3.8/site-packages/sqlalchemy/pool/base.py", line 327, in connect
[2026-05-22T15:13:16.990+0000] {subprocess.py:93} INFO -     return _ConnectionFairy._checkout(self)
[2026-05-22T15:13:16.990+0000] {subprocess.py:93} INFO -   File "/home/***/.local/lib/python3.8/site-packages/sqlalchemy/pool/base.py", line 894, in _checkout
[2026-05-22T15:13:16.990+0000] {subprocess.py:93} INFO -     fairy = _ConnectionRecord.checkout(pool)
[2026-05-22T15:13:16.991+0000] {subprocess.py:93} INFO -   File "/home/***/.local/lib/python3.8/site-packages/sqlalchemy/pool/base.py", line 493, in checkout
[2026-05-22T15:13:16.991+0000] {subprocess.py:93} INFO -     rec = pool._do_get()
[2026-05-22T15:13:16.991+0000] {subprocess.py:93} INFO -   File "/home/***/.local/lib/python3.8/site-packages/sqlalchemy/pool/impl.py", line 146, in _do_get
[2026-05-22T15:13:16.991+0000] {subprocess.py:93} INFO -     self._dec_overflow()
[2026-05-22T15:13:16.991+0000] {subprocess.py:93} INFO -   File "/home/***/.local/lib/python3.8/site-packages/sqlalchemy/util/langhelpers.py", line 70, in __exit__
[2026-05-22T15:13:16.991+0000] {subprocess.py:93} INFO -     compat.raise_(
[2026-05-22T15:13:16.991+0000] {subprocess.py:93} INFO -   File "/home/***/.local/lib/python3.8/site-packages/sqlalchemy/util/compat.py", line 211, in raise_
[2026-05-22T15:13:16.991+0000] {subprocess.py:93} INFO -     raise exception
[2026-05-22T15:13:16.991+0000] {subprocess.py:93} INFO -   File "/home/***/.local/lib/python3.8/site-packages/sqlalchemy/pool/impl.py", line 143, in _do_get
[2026-05-22T15:13:16.992+0000] {subprocess.py:93} INFO -     return self._create_connection()
[2026-05-22T15:13:16.992+0000] {subprocess.py:93} INFO -   File "/home/***/.local/lib/python3.8/site-packages/sqlalchemy/pool/base.py", line 273, in _create_connection
[2026-05-22T15:13:16.992+0000] {subprocess.py:93} INFO -     return _ConnectionRecord(self)
[2026-05-22T15:13:16.992+0000] {subprocess.py:93} INFO -   File "/home/***/.local/lib/python3.8/site-packages/sqlalchemy/pool/base.py", line 388, in __init__
[2026-05-22T15:13:16.992+0000] {subprocess.py:93} INFO -     self.__connect()
[2026-05-22T15:13:16.992+0000] {subprocess.py:93} INFO -   File "/home/***/.local/lib/python3.8/site-packages/sqlalchemy/pool/base.py", line 691, in __connect
[2026-05-22T15:13:16.992+0000] {subprocess.py:93} INFO -     pool.logger.debug("Error on connect(): %s", e)
[2026-05-22T15:13:16.992+0000] {subprocess.py:93} INFO -   File "/home/***/.local/lib/python3.8/site-packages/sqlalchemy/util/langhelpers.py", line 70, in __exit__
[2026-05-22T15:13:16.992+0000] {subprocess.py:93} INFO -     compat.raise_(
[2026-05-22T15:13:16.992+0000] {subprocess.py:93} INFO -   File "/home/***/.local/lib/python3.8/site-packages/sqlalchemy/util/compat.py", line 211, in raise_
[2026-05-22T15:13:16.992+0000] {subprocess.py:93} INFO -     raise exception
[2026-05-22T15:13:16.993+0000] {subprocess.py:93} INFO -   File "/home/***/.local/lib/python3.8/site-packages/sqlalchemy/pool/base.py", line 686, in __connect
[2026-05-22T15:13:16.993+0000] {subprocess.py:93} INFO -     self.dbapi_connection = connection = pool._invoke_creator(self)
[2026-05-22T15:13:16.993+0000] {subprocess.py:93} INFO -   File "/home/***/.local/lib/python3.8/site-packages/sqlalchemy/engine/create.py", line 574, in connect
[2026-05-22T15:13:16.993+0000] {subprocess.py:93} INFO -     return dialect.connect(*cargs, **cparams)
[2026-05-22T15:13:16.993+0000] {subprocess.py:93} INFO -   File "/home/***/.local/lib/python3.8/site-packages/sqlalchemy/engine/default.py", line 598, in connect
[2026-05-22T15:13:16.993+0000] {subprocess.py:93} INFO -     return self.dbapi.connect(*cargs, **cparams)
[2026-05-22T15:13:16.993+0000] {subprocess.py:93} INFO -   File "/home/***/.local/lib/python3.8/site-packages/psycopg2/__init__.py", line 122, in connect
[2026-05-22T15:13:16.993+0000] {subprocess.py:93} INFO -     conn = _connect(dsn, connection_factory=connection_factory, **kwasync)
[2026-05-22T15:13:16.993+0000] {subprocess.py:93} INFO - psycopg2.OperationalError: connection to server at "postgres" (172.24.0.2), port 5432 failed: FATAL:  database "warehouse_db" does not exist
[2026-05-22T15:13:16.993+0000] {subprocess.py:93} INFO - 
[2026-05-22T15:13:16.993+0000] {subprocess.py:93} INFO - 
[2026-05-22T15:13:16.994+0000] {subprocess.py:93} INFO - The above exception was the direct cause of the following exception:
[2026-05-22T15:13:16.994+0000] {subprocess.py:93} INFO - 
[2026-05-22T15:13:16.994+0000] {subprocess.py:93} INFO - Traceback (most recent call last):
[2026-05-22T15:13:16.994+0000] {subprocess.py:93} INFO -   File "scripts/load_raw_data.py", line 12, in <module>
[2026-05-22T15:13:16.994+0000] {subprocess.py:93} INFO -     with engine.begin() as conn:
[2026-05-22T15:13:16.994+0000] {subprocess.py:93} INFO -   File "/home/***/.local/lib/python3.8/site-packages/sqlalchemy/engine/base.py", line 3153, in begin
[2026-05-22T15:13:16.994+0000] {subprocess.py:93} INFO -     conn = self.connect(close_with_result=close_with_result)
[2026-05-22T15:13:16.994+0000] {subprocess.py:93} INFO -   File "/home/***/.local/lib/python3.8/site-packages/sqlalchemy/engine/base.py", line 3325, in connect
[2026-05-22T15:13:16.994+0000] {subprocess.py:93} INFO -     return self._connection_cls(self, close_with_result=close_with_result)
[2026-05-22T15:13:16.994+0000] {subprocess.py:93} INFO -   File "/home/***/.local/lib/python3.8/site-packages/sqlalchemy/engine/base.py", line 96, in __init__
[2026-05-22T15:13:16.994+0000] {subprocess.py:93} INFO -     else engine.raw_connection()
[2026-05-22T15:13:16.995+0000] {subprocess.py:93} INFO -   File "/home/***/.local/lib/python3.8/site-packages/sqlalchemy/engine/base.py", line 3404, in raw_connection
[2026-05-22T15:13:16.995+0000] {subprocess.py:93} INFO -     return self._wrap_pool_connect(self.pool.connect, _connection)
[2026-05-22T15:13:16.995+0000] {subprocess.py:93} INFO -   File "/home/***/.local/lib/python3.8/site-packages/sqlalchemy/engine/base.py", line 3374, in _wrap_pool_connect
[2026-05-22T15:13:16.995+0000] {subprocess.py:93} INFO -     Connection._handle_dbapi_exception_noconnection(
[2026-05-22T15:13:16.995+0000] {subprocess.py:93} INFO -   File "/home/***/.local/lib/python3.8/site-packages/sqlalchemy/engine/base.py", line 2208, in _handle_dbapi_exception_noconnection
[2026-05-22T15:13:16.995+0000] {subprocess.py:93} INFO -     util.raise_(
[2026-05-22T15:13:16.995+0000] {subprocess.py:93} INFO -   File "/home/***/.local/lib/python3.8/site-packages/sqlalchemy/util/compat.py", line 211, in raise_
[2026-05-22T15:13:16.995+0000] {subprocess.py:93} INFO -     raise exception
[2026-05-22T15:13:16.995+0000] {subprocess.py:93} INFO -   File "/home/***/.local/lib/python3.8/site-packages/sqlalchemy/engine/base.py", line 3371, in _wrap_pool_connect
[2026-05-22T15:13:16.995+0000] {subprocess.py:93} INFO -     return fn()
[2026-05-22T15:13:16.996+0000] {subprocess.py:93} INFO -   File "/home/***/.local/lib/python3.8/site-packages/sqlalchemy/pool/base.py", line 327, in connect
[2026-05-22T15:13:16.996+0000] {subprocess.py:93} INFO -     return _ConnectionFairy._checkout(self)
[2026-05-22T15:13:16.996+0000] {subprocess.py:93} INFO -   File "/home/***/.local/lib/python3.8/site-packages/sqlalchemy/pool/base.py", line 894, in _checkout
[2026-05-22T15:13:16.996+0000] {subprocess.py:93} INFO -     fairy = _ConnectionRecord.checkout(pool)
[2026-05-22T15:13:16.996+0000] {subprocess.py:93} INFO -   File "/home/***/.local/lib/python3.8/site-packages/sqlalchemy/pool/base.py", line 493, in checkout
[2026-05-22T15:13:16.996+0000] {subprocess.py:93} INFO -     rec = pool._do_get()
[2026-05-22T15:13:16.996+0000] {subprocess.py:93} INFO -   File "/home/***/.local/lib/python3.8/site-packages/sqlalchemy/pool/impl.py", line 146, in _do_get
[2026-05-22T15:13:16.996+0000] {subprocess.py:93} INFO -     self._dec_overflow()
[2026-05-22T15:13:16.996+0000] {subprocess.py:93} INFO -   File "/home/***/.local/lib/python3.8/site-packages/sqlalchemy/util/langhelpers.py", line 70, in __exit__
[2026-05-22T15:13:16.997+0000] {subprocess.py:93} INFO -     compat.raise_(
[2026-05-22T15:13:16.997+0000] {subprocess.py:93} INFO -   File "/home/***/.local/lib/python3.8/site-packages/sqlalchemy/util/compat.py", line 211, in raise_
[2026-05-22T15:13:16.997+0000] {subprocess.py:93} INFO -     raise exception
[2026-05-22T15:13:16.997+0000] {subprocess.py:93} INFO -   File "/home/***/.local/lib/python3.8/site-packages/sqlalchemy/pool/impl.py", line 143, in _do_get
[2026-05-22T15:13:16.997+0000] {subprocess.py:93} INFO -     return self._create_connection()
[2026-05-22T15:13:16.997+0000] {subprocess.py:93} INFO -   File "/home/***/.local/lib/python3.8/site-packages/sqlalchemy/pool/base.py", line 273, in _create_connection
[2026-05-22T15:13:16.997+0000] {subprocess.py:93} INFO -     return _ConnectionRecord(self)
[2026-05-22T15:13:16.997+0000] {subprocess.py:93} INFO -   File "/home/***/.local/lib/python3.8/site-packages/sqlalchemy/pool/base.py", line 388, in __init__
[2026-05-22T15:13:16.997+0000] {subprocess.py:93} INFO -     self.__connect()
[2026-05-22T15:13:16.998+0000] {subprocess.py:93} INFO -   File "/home/***/.local/lib/python3.8/site-packages/sqlalchemy/pool/base.py", line 691, in __connect
[2026-05-22T15:13:16.998+0000] {subprocess.py:93} INFO -     pool.logger.debug("Error on connect(): %s", e)
[2026-05-22T15:13:16.998+0000] {subprocess.py:93} INFO -   File "/home/***/.local/lib/python3.8/site-packages/sqlalchemy/util/langhelpers.py", line 70, in __exit__
[2026-05-22T15:13:16.998+0000] {subprocess.py:93} INFO -     compat.raise_(
[2026-05-22T15:13:16.998+0000] {subprocess.py:93} INFO -   File "/home/***/.local/lib/python3.8/site-packages/sqlalchemy/util/compat.py", line 211, in raise_
[2026-05-22T15:13:16.998+0000] {subprocess.py:93} INFO -     raise exception
[2026-05-22T15:13:16.998+0000] {subprocess.py:93} INFO -   File "/home/***/.local/lib/python3.8/site-packages/sqlalchemy/pool/base.py", line 686, in __connect
[2026-05-22T15:13:16.998+0000] {subprocess.py:93} INFO -     self.dbapi_connection = connection = pool._invoke_creator(self)
[2026-05-22T15:13:16.999+0000] {subprocess.py:93} INFO -   File "/home/***/.local/lib/python3.8/site-packages/sqlalchemy/engine/create.py", line 574, in connect
[2026-05-22T15:13:16.999+0000] {subprocess.py:93} INFO -     return dialect.connect(*cargs, **cparams)
[2026-05-22T15:13:16.999+0000] {subprocess.py:93} INFO -   File "/home/***/.local/lib/python3.8/site-packages/sqlalchemy/engine/default.py", line 598, in connect
[2026-05-22T15:13:16.999+0000] {subprocess.py:93} INFO -     return self.dbapi.connect(*cargs, **cparams)
[2026-05-22T15:13:16.999+0000] {subprocess.py:93} INFO -   File "/home/***/.local/lib/python3.8/site-packages/psycopg2/__init__.py", line 122, in connect
[2026-05-22T15:13:16.999+0000] {subprocess.py:93} INFO -     conn = _connect(dsn, connection_factory=connection_factory, **kwasync)
[2026-05-22T15:13:16.999+0000] {subprocess.py:93} INFO - sqlalchemy.exc.OperationalError: (psycopg2.OperationalError) connection to server at "postgres" (172.24.0.2), port 5432 failed: FATAL:  database "warehouse_db" does not exist
[2026-05-22T15:13:16.999+0000] {subprocess.py:93} INFO - 
[2026-05-22T15:13:16.999+0000] {subprocess.py:93} INFO - (Background on this error at: https://sqlalche.me/e/14/e3q8)
[2026-05-22T15:13:17.035+0000] {subprocess.py:97} INFO - Command exited with return code 1
[2026-05-22T15:13:17.040+0000] {taskinstance.py:2698} ERROR - Task failed with exception
Traceback (most recent call last):
  File "/home/airflow/.local/lib/python3.8/site-packages/airflow/models/taskinstance.py", line 433, in _execute_task
    result = execute_callable(context=context, **execute_callable_kwargs)
  File "/home/airflow/.local/lib/python3.8/site-packages/airflow/operators/bash.py", line 212, in execute
    raise AirflowException(
airflow.exceptions.AirflowException: Bash command failed. The command returned a non-zero exit code 1.
[2026-05-22T15:13:17.042+0000] {taskinstance.py:1138} INFO - Marking task as FAILED. dag_id=warehouse_pipeline, task_id=load_raw_data, execution_date=20260522T151315, start_date=20260522T151316, end_date=20260522T151317
[2026-05-22T15:13:17.048+0000] {standard_task_runner.py:107} ERROR - Failed to execute job 3 for task load_raw_data (Bash command failed. The command returned a non-zero exit code 1.; 200)
[2026-05-22T15:13:17.074+0000] {local_task_job_runner.py:234} INFO - Task exited with return code 1
[2026-05-22T15:13:17.086+0000] {taskinstance.py:3280} INFO - 0 downstream tasks scheduled from follow-on schedule check
